✔ AdvancedEditorsRequireExplicitSaveButRetainTextareaNewlinesAndButtonKeyboardActivation (0.383875ms)
✔ SixTypesDefaultsAndStrictAdvancedBudgets (0.856292ms)
✔ JwtIsStrictlyPublicAndMappingScopedWithoutPretendingSignatureValidation (1.615917ms)
✔ JwksFileRejectsPrivateNetworkUnknownDuplicateAndOversizeJson (1.002208ms)
✔ DirtyModeSwitchNeedsConfirmationAndKeepsEachModeDraft (0.180167ms)
✔ ScopeAndGenerationRejectLateApplicationOptions (0.085542ms)
✔ DirtyAnd412DraftCanOnlyAdoptNewRevisionExplicitly (0.083834ms)
✔ JwtRouteMetadataEchoDoesNotRequestAuthenticationReplacement (0.105334ms)
✔ ReviewDescribesFixedKeyDiffMappingsPhysicalAttemptsAndCacheColdStart (0.264958ms)
✔ JwtFieldsExposePublicLocalFileAndScopedMappingWithoutTokenOrPrivateKeyInput (229.944958ms)
✔ ReadonlyActionsHaveOnlyStructuralCheckAndNoSaveOrReleaseEntry (0.562458ms)
✔ SixTypeFormDisplaysJwtAndReadonlyFieldsAreDisabled (1.259958ms)
✔ RetryAndCacheUseDeploymentLimitsAndExplicitReplayConsistencyBoundaries (1.150875ms)
✔ ReviewShowsColdStartFixedKeysBearerRiskAndActualMaximum (0.541125ms)
✔ MissingTrafficDataIsNotInventedAsZeroAndCacheHitShowsNoUpstream (0.822125ms)
✔ 412 retains input; explicit latest revision adoption retains duration and values (0.872583ms)
✔ readonly Unknown test preserves null and never marks draft saved (0.116541ms)
✔ only finite allowlisted rule expressions; ratio range and target applicability (0.237125ms)
✔ channels require explicit activation and IM remains pending rather than sent (0.061875ms)
✔ event filters have independent status/severity and reset pagination (0.191083ms)
✔ server freshness accounts for query delay; UI does not mark a valid delayed observation Unknown (0.055083ms)
✔ disabled rules display their intentional pause rather than a source failure (0.038166ms)
✔ resolved event observations are explicitly historical (0.032375ms)
✔ expression grammar matches the server three-token finite number contract (0.089917ms)
✔ pendingAcrossShellEnvironmentsRetainsUrlFilter (1.625042ms)
✔ lateResponseCannotReplaceNewAuthority (0.12175ms)
✔ lateFilterAndPollingResponsesCannotReplaceNewRequest (0.092042ms)
✔ conflictKeepsCommentButLostReadClearsIt (0.116916ms)
✔ serverEligibilityControlsBothListAndDetail (0.078292ms)
✔ commentChangesStartNewSemanticOperationAndNeverExceedBudget (0.13775ms)
✔ switchingTabClearsHistoricalStatusOnlyAndPreservesScope (0.09175ms)
✔ externalOrAmbiguousReturnToIsRejected (0.138542ms)
✔ invalidUrlFilterCannotSilentlyBroadenScope (0.1085ms)
✔ authorityIncludesScopeModesAndIgnoresIrrelevantOrdering (0.153959ms)
✔ dialog cannot carry an operation into a later step despite retained eligibility (0.115292ms)
✔ write carries cookie CSRF ETag and stable idempotency; csrf refreshed after login (13.749042ms)
✔ 412 exposes conflict and trace without automatic destructive retry (0.320958ms)
✔ resource 403 and hidden-resource 404 trigger authority refresh; 412 retains editing authority (0.495667ms)
✔ structured contract failures preserve affected pointers for a reviewable repair (0.174ms)
✔ ReviewHandoffUsesServerTargetAndLocksWizardVersion (1.199667ms)
✔ ChangedTargetCannotCarryOldReview or stale handoff (0.187458ms)
✔ server rule catalog shows proof conditions, Unknown limits, dialects and registered test IDs (77.270625ms)
✔ UnknownCoverageSurvivesEmptyFilter and FilteredRowsNeverChangeReviewTotals (0.797916ms)
✔ VersionSelectionClearsEffectiveReview and query preserves only report identifier (0.170666ms)
✔ WorkspaceAbortRejectsLateTransport (0.690667ms)
✔ ReadDeadlineRejectsLateTransportAndCannotPublishTimedOutReport (5.494833ms)
✔ FailedCreateRetainsCommentAndSameRetryKey and payload changes rotate key (0.156458ms)
✔ ConflictCloseAndNewReportPreserveCommentButResetConfirmation (0.09575ms)
✔ CommandTimeoutIs15Seconds and late transport cannot restore result (5.941708ms)
✔ CompareRoutePrecedesGenericDetail (0.189208ms)
✔ NoVersionsAndDeniedStatesHaveNoEnabledActions (83.539292ms)
✔ ManualChangeTypeIsSeparateFromDetectedRisk and coverage always visible (2.099583ms)
✔ BreakingDialogHasFullCountsRequiredCommentAndCheckbox (14.696333ms)
✔ ReleaseSummaryDoesNotInventReviewForLegacyCandidate (3.654417ms)
✔ Tab wraps only at the active dialog boundaries and preserves native traversal inside (0.425ms)
✔ lost or removed focus re-enters the current confirmation in the requested direction (0.069833ms)
✔ a busy dialog without available controls traps Tab on its focusable container (0.063333ms)
✔ cancelling a removed confirmation restores focus without stealing it from an active input (0.049208ms)
✔ discard confirmation and other blocking states cannot submit an editor (0.302167ms)
✔ the editor exposes a labelled modal with a focusable fallback for blocked controls (112.024666ms)
✔ project switch rejects another project override at revision 1 (0.463208ms)
✔ project switch rejects another project override at revision 9 (0.098541ms)
✔ late save response cannot restore the previous project or an earlier visit (0.449458ms)
✔ file/text/url requests are exclusive and source identity includes scope, content and permissions (0.614084ms)
✔ scope/source/format changes invalidate preview and mappings while retaining input (0.359792ms)
✔ expired preview cannot commit and input is retained; unsupported operations cannot map (0.321666ms)
✔ mapping clears new API fields for an existing API and validates revisions and ownership fields (0.269125ms)
✔ bounded files reject zip, unsafe logical names, duplicates and oversized content before reading (0.384125ms)
✔ 403/412 and policy-change recovery preserve source and provide the correct re-preview boundary (0.149209ms)
✔ a late preview cannot restore stale scope or overwrite a newer preview (0.106459ms)
✔ source UI offers only active text/file/url fields and explicitly accepts YAML (115.518625ms)
✔ unsupported operations cannot be selected or mapped and show server warnings (0.970792ms)
✔ source policy readonly or failed reads have no save entry (1.211084ms)
✔ attached source text can be reviewed and corrected without replacing the whole bundle (0.745ms)
✔ existing draft mapping identifies the version rather than displaying an empty new API name (0.568833ms)
✔ retryAfterAcceptsOnlyBoundedIntegerSeconds (0.344333ms)
✔ loginProtectionUsesFixedMessagesWithoutAutoResubmission (0.064458ms)
✔ ordinary navigation updates accepted path and clean Back works (1.167833ms)
✔ unsaved Back restores original URL without changing rendered page; accepted discard enables Back (0.455125ms)
✔ dirty import blocks sidebar navigation, while successful committed save may navigate (0.235875ms)
✔ legacyChannelsRemainIntentUntilExplicitEnable (1.407666ms)
✔ twentyRecipientsAreSeparateTargets (0.400709ms)
✔ notificationBudgetEdgesAndImOnlyAreInvalid (0.122792ms)
✔ attemptsExhaustedAndRetryAfterCannotBeBypassed (0.121708ms)
✔ silenceShowsInFlightBoundary (0.085917ms)
✔ maskedTargetsAndUnknownOutcomeAreDistinct (0.078667ms)
✔ scopeChangeAndDeniedResponsesDiscardEveryLateReceipt (0.221292ms)
✔ ordinaryConflictPreservesRulesAndRecipientDraftButRevocationErasesThem (0.176459ms)
✔ retryConflictKeepsOperationKeyUntilFreshServerRead (0.076333ms)
✔ notificationConsoleLinkSelectsAnExactEventWithoutTrustingScopeParameters (0.391291ms)
✔ lateReadCannotOverwriteACompletedRetry (0.096875ms)
✔ manualScopeNavigationRemovesPinnedNotificationEvent (0.158709ms)
✔ queuedTestIsNotSuccess (2.281459ms)
✔ unsavedOrStaleRevisionCannotBeTested (0.115042ms)
✔ secretKeepNeverBecomesPlaceholderReplace (0.430417ms)
✔ lateReceiptCannotOverwriteNewRevision (0.141459ms)
✔ deniedClearsTargetAndSecretDraft (0.099208ms)
✔ testErrorsPreserveTargetAndRetryKeyWhile412RequiresReload (0.051959ms)
✔ closedOrChangedAuthorityDiscardsEveryLateResponse (0.062792ms)
✔ notificationConsoleLinkSelectsKnownSettingsGroup (0.165375ms)
✔ filter edit discards cursor and retains fixed cutoff; IP never reaches URL (5.129042ms)
✔ cursor Back restores a read page and scope/filter changes clear trail (0.793541ms)
✔ waterfall uses real relative time and duration and tolerates missing/cyclic parents (0.536708ms)
✔ CSV status uses explicit rows/truncation/source headers; missing metadata cannot claim complete (14.199125ms)
✔ CSV transport returns original response and preserves authority failure handling (4.274041ms)
✔ copy falls back when browser clipboard denies, and removes temporary selection (0.66375ms)
✔ CSV download attaches the link before clicking and removes it afterwards (2.508292ms)
✔ query denial, invalid filters and source failure have distinct user-facing states (0.144708ms)
✔ validated URL keeps allowed filters and never contains raw IP (0.99725ms)
✔ metric sort and trend URL accepts only defined metrics and preserves navigation (2.09825ms)
✔ scope switch aborts old requests, clears cursor and rejects a late response (0.264209ms)
✔ fixed UTC cutoff survives query roundtrip; new duration resets cursor (3.0505ms)
✔ query updates and Back emit search without changing accepted pathname or guards (0.8325ms)
✔ unknown values stay blank while known zero keeps its unit (0.105958ms)
✔ chart leaves a gap across missing samples and caps source rows at 600 (0.648083ms)
✔ scope switch removes URL cursor and resets page while preserving time cutoff (0.264542ms)
✔ resource selectors follow all returned pages and keep existing filters (0.63175ms)
✔ paged selector propagates resource denial instead of returning a partial authorized cache (0.2885ms)
✔ page query replaces an existing page without losing filters (0.079292ms)
✔ known permissions get Chinese labels without replacing authoritative codes or custom names (0.834834ms)
✔ extension permissions retain server metadata and use an explicit other column (0.110375ms)
✔ matrix groups every code exactly once and searches labels, codes, modules and descriptions (0.266209ms)
✔ permission configuration requires a complete usable dictionary and an editable role (0.8ms)
✔ all seeded codes have explicit Chinese labels and supported matrix columns (5.499333ms)
✔ read-only matrix exposes exact assignments and accessible disabled checkboxes (65.216958ms)
✔ the common editor can render matrix fields inside its disabled and unsaved guard boundary (36.0335ms)
✔ AllFourDefaultsAndValidation (1.226459ms)
✔ ConflictRetainsDirtyInput (0.205708ms)
✔ ScopeSwitchIgnoresLateResponse (0.048ms)
✔ CopyDoesNotReuseBindingOrEtag (0.060291ms)
✔ LegacyDraftRefreshIsExplicit (0.207917ms)
✔ DisabledTypesCannotSave (0.168125ms)
✔ InvalidFieldsHaveSpecificFeedback (0.196458ms)
✔ UnselectedPolicyFiltersAreOmittedFromRequest (0.094875ms)
✔ CircuitDefaultCountsEveryServerError (0.068834ms)
✔ UnparsedJwksIsDirtyAndPreservedAcrossConfirmedModesAndRevisionAdoption (1.003959ms)
✔ SharedReadSourceCopiesOnlyIntoActuallyWritableTargets (0.268083ms)
✔ renaming escaped properties updates the same parent required and preserves unknown constraints (1.792208ms)
✔ removing a property updates only its own parent required and array branches use exact indices (0.292167ms)
✔ patches do not cross prototype or missing paths and boolean schemas remain real values (0.10075ms)
✔ bounded trees include boolean, composition and reference entries without expanding recursive refs (1.844958ms)
✔ DirtyRawTextSurvivesDefinitionSwitchAttempt (0.127208ms)
✔ LateValidationCannotOverwriteNewDraft or another revision, format, direction or request (0.100583ms)
✔ FalsyInstancesAreShownAndValidated and external examples do not fetch or disappear (0.092375ms)
✔ schema patches preserve large and tiny numeric literals while rejecting duplicate keys (0.517ms)
✔ tree summaries expose constraints and exact numeric bounds without dropping extensions (0.663417ms)
✔ result display is invalidated synchronously by raw, sample, authority or media changes (0.182625ms)
✔ unavailable source examples remain visible as unverified choices (0.079708ms)
✔ sealed and readonly workbenches show tree, raw and validation without a save entry (95.777167ms)
✔ editable workbench uses an explicit save action and invalid raw stays visible with paused tree (2.95125ms)
✔ tree labels boolean and references and announces bounded truncation (31.418458ms)
✔ validation diagnostics expose accessible instance and schema locations without sample values (0.416834ms)
✔ server maintenance impact diagnostics show accessible repair pointers (0.26475ms)
✔ existing grants round-trip losslessly, including overlapping access modes and invisible scopes (1.463958ms)
✔ new scopes start with a single environment and read access; incomplete selection cannot become organization-wide (0.763ms)
✔ changing a parent clears descendants but retains the intended level until the user selects replacements (0.091459ms)
✔ only an explicit level change creates organization or project-wide grants (0.07375ms)
✔ known hierarchy mismatches and arbitrary invisible replacements are rejected while inherited IDs survive other edits (0.08325ms)
✔ summary counts mode changes separately and represents empty scopes as revocation, without collapsing overlaps (0.130417ms)
✔ stable reads reject revision drift instead of pairing stale scopes with a newer writable revision (0.27825ms)
✔ exact duplicate grants cannot overstate saved counts; overlapping scopes with different access modes remain valid (0.086584ms)
✔ structured scope selects render accessible labels and only descendants of the selected parent (62.017833ms)
✔ invisible original scope remains selectable, exposes its literal ID and preservation explanation (0.747083ms)
✔ locked editing disables the rule group and new rules display only read by default (0.583208ms)
✔ empty review states explicitly revoke business scope and change summaries show all four counts (0.417417ms)
✔ a repeated group click closes its links and opening another replaces it (0.399458ms)
✔ detail routes and settings select their original group without prefix collisions (0.19925ms)
✔ collapsed navigation hides its links; opening API exposes actual entries and current page (119.087167ms)
✔ settings remain reachable in platform governance (2.092667ms)
✔ the signed-in root page highlights the organization list it actually renders (1.676083ms)
✔ workbench navigation opens the dashboard while root keeps organization selection (1.538333ms)
✔ provider discovery is same origin and never automatically redirects (15.281417ms)
✔ failed provider read exposes retry error independently of local login (0.339542ms)
✔ start uses same origin native POST hidden CSRF and only controlled parameters (0.616584ms)
✔ completion restores identity then CSRF before navigation and does not navigate after failed restore (0.183791ms)
✔ error and return path accept only approved values (0.148625ms)
✔ loginPreservesNotificationAndEventDeepLinksWithoutAuthControlQuery (0.179167ms)
✔ late result cannot replace another provider (1.294833ms)
✔ revision conflict retains draft and requires explicit review (0.159334ms)
✔ revoked authority clears references and late responses (0.157042ms)
✔ unrelated business scopes do not remount platform identity but SSO authority changes do (0.143542ms)
✔ historical failed expired and future tests cannot enable a source (1.0775ms)
✔ retry semantics separate operations and preserve equivalent request ordering (0.193084ms)
✔ dirty navigation needs explicit discard decision (0.075458ms)
✔ provider native form accepts the same names and secret aliases as the API (0.4935ms)
✔ a completed mutation releases its own busy gate after detail epoch advances (0.2365ms)
✔ SSO user payload only explicit identity fields never password or roles (0.811041ms)
✔ binding subject remains case sensitive and only disabled SSO users with dual permissions can edit (0.140792ms)
✔ an alert rule editor has a labelled focusable fallback while its save controls are blocked (186.666125ms)
✔ preservesDraftOn412 (1.0305ms)
✔ sameSemanticRetryKeepsIdempotencyKey (0.153125ms)
✔ secretKeepDoesNotSendPlaceholder (0.362292ms)
✔ revokeClearsDraftAndLateResponseCannotRestoreIt (0.068166ms)
✔ dirtyNavigationRequiresExplicitDiscard (0.060875ms)
✔ notificationStructuralTestNeverClaimsDelivery (0.108417ms)
✔ lateRouteDefaultDoesNotOverwriteInput (0.050208ms)
✔ conflictRequiresFreshReadBeforeAdoptingRevision (0.066625ms)
✔ OriginsDraftKeepsNewlinesUntilCommandBoundary (0.238916ms)
✔ PlatformSettingsShellDoesNotRemountForUnrelatedAuthority (0.150917ms)
✔ loginBudgetsSurviveDraftAndConflict (0.100375ms)
✔ a denied workbench shows no resource detail links or invented zero counts (164.504708ms)
✔ workbench renders scoped counts, partial coverage and real detail links without claiming all pending tasks (3.006334ms)
✔ missing request counts cannot create a Top API ranking and Trace sampling is not called request sampling (1.926292ms)
✔ workbench uses project API total and current environment 24h metrics with top API ranking (2.284542ms)
✔ workbench checks project API permission independently from environment and skips denied reads (0.374459ms)
✔ no workspace cannot trigger global or empty-id reads (0.191792ms)
✔ one failing source does not erase successful modules and HTTP access loss clears its data (21.10675ms)
✔ an aborted scope request cannot publish late results even if transport ignores abort (0.212458ms)
✔ missing, stale, unavailable and non-finite metrics cannot become healthy-looking numbers (0.142209ms)
ℹ tests 209
ℹ suites 0
ℹ pass 209
ℹ fail 0
ℹ cancelled 0
ℹ skipped 0
ℹ todo 0
ℹ duration_ms 471.429417
$ tsc --noEmit && vite build
vite v6.4.2 building for production...
transforming...
✓ 6361 modules transformed.
rendering chunks...
computing gzip size...
dist/index.html                   0.38 kB │ gzip:   0.31 kB
dist/assets/index-B6Hdfw5H.css   44.64 kB │ gzip:   9.24 kB
dist/assets/index-i8W9JYQN.js   631.56 kB │ gzip: 193.01 kB

(!) Some chunks are larger than 500 kB after minification. Consider:
- Using dynamic import() to code-split the application
- Use build.rollupOptions.output.manualChunks to improve chunking: https://rollupjs.org/configuration-options/#output-manualchunks
- Adjust chunk size limit for this warning via build.chunkSizeWarningLimit.
✓ built in 1.95s
