 Network webapi-contracts-test-b3887598-7a1b-427e-baad-7b6d3eec51bb_default Creating 
 Network webapi-contracts-test-b3887598-7a1b-427e-baad-7b6d3eec51bb_default Created 
 Volume webapi-contracts-test-b3887598-7a1b-427e-baad-7b6d3eec51bb_pg-test Creating 
 Volume webapi-contracts-test-b3887598-7a1b-427e-baad-7b6d3eec51bb_pg-test Created 
 Container webapi-contracts-test-b3887598-7a1b-427e-baad-7b6d3eec51bb-postgres-1 Creating 
 Container webapi-contracts-test-b3887598-7a1b-427e-baad-7b6d3eec51bb-redis-1 Creating 
 Container webapi-contracts-test-b3887598-7a1b-427e-baad-7b6d3eec51bb-postgres-1 Created 
 Container webapi-contracts-test-b3887598-7a1b-427e-baad-7b6d3eec51bb-redis-1 Created 
 Container webapi-contracts-test-b3887598-7a1b-427e-baad-7b6d3eec51bb-redis-1 Starting 
 Container webapi-contracts-test-b3887598-7a1b-427e-baad-7b6d3eec51bb-postgres-1 Starting 
 Container webapi-contracts-test-b3887598-7a1b-427e-baad-7b6d3eec51bb-redis-1 Started 
 Container webapi-contracts-test-b3887598-7a1b-427e-baad-7b6d3eec51bb-postgres-1 Started 
 Container webapi-contracts-test-b3887598-7a1b-427e-baad-7b6d3eec51bb-postgres-1 Waiting 
 Container webapi-contracts-test-b3887598-7a1b-427e-baad-7b6d3eec51bb-redis-1 Waiting 
 Container webapi-contracts-test-b3887598-7a1b-427e-baad-7b6d3eec51bb-redis-1 Healthy 
 Container webapi-contracts-test-b3887598-7a1b-427e-baad-7b6d3eec51bb-postgres-1 Healthy 
 Volume webapi-contracts-test-b3887598-7a1b-427e-baad-7b6d3eec51bb_nuget-test Creating 
 Volume webapi-contracts-test-b3887598-7a1b-427e-baad-7b6d3eec51bb_nuget-test Created 
 Container webapi-contracts-test-b3887598-7a1b-427e-baad-7b6d3eec51bb-sdk-run-c83c489425c5 Creating 
 Container webapi-contracts-test-b3887598-7a1b-427e-baad-7b6d3eec51bb-sdk-run-c83c489425c5 Created 
  Determining projects to restore...
  Restored /test-src/third_party/json-everything/src/Json.More/Json.More.csproj (in 39 ms).
  Restored /test-src/src/WebApi.TestBackend/WebApi.TestBackend.csproj (in 39 ms).
  Restored /test-src/src/WebApi.Domain/WebApi.Domain.csproj (in 39 ms).
  Restored /test-src/src/WebApi.Contracts/WebApi.Contracts.csproj (in 39 ms).
  Restored /test-src/src/WebApi.HttpSecurity/WebApi.HttpSecurity.csproj (in 39 ms).
  Restored /test-src/src/WebApi.ConsoleHost/WebApi.ConsoleHost.csproj (in 1.49 sec).
  Restored /test-src/tests/WebApi.EndToEnd.Tests/WebApi.EndToEnd.Tests.csproj (in 1.49 sec).
  Restored /test-src/third_party/json-everything/src/JsonPointer/JsonPointer.csproj (in 3.24 sec).
  Restored /test-src/third_party/json-everything/src/JsonSchema/JsonSchema.csproj (in 3.24 sec).
  Restored /test-src/tests/WebApi.NotificationFixtureHost/WebApi.NotificationFixtureHost.csproj (in 8.18 sec).
  Restored /test-src/tests/WebApi.TestSupport/WebApi.TestSupport.csproj (in 8.18 sec).
  Restored /test-src/src/WebApi.Gateway/WebApi.Gateway.csproj (in 8.18 sec).
  Restored /test-src/src/WebApi.Worker/WebApi.Worker.csproj (in 8.19 sec).
  Restored /test-src/src/WebApi.Migrator/WebApi.Migrator.csproj (in 8.19 sec).
  Restored /test-src/tests/WebApi.Domain.Tests/WebApi.Domain.Tests.csproj (in 8.19 sec).
  Restored /test-src/tests/WebApi.Integration.Tests/WebApi.Integration.Tests.csproj (in 8.19 sec).
  Restored /test-src/tests/WebApi.Gateway.Tests/WebApi.Gateway.Tests.csproj (in 8.19 sec).
  Restored /test-src/src/WebApi.ControlPlane/WebApi.ControlPlane.csproj (in 8.19 sec).
  Restored /test-src/src/WebApi.Infrastructure/WebApi.Infrastructure.csproj (in 8.15 sec).
  Determining projects to restore...
  Restored /test-src/src/WebApi.RuntimeTool/WebApi.RuntimeTool.csproj (in 123 ms).
  6 of 7 projects are up-to-date for restore.
  Json.More -> /runtime-tool/Json.More.dll
  WebApi.Contracts -> /runtime-tool/WebApi.Contracts.dll
  JsonPointer -> /runtime-tool/JsonPointer.Net.dll
  WebApi.Domain -> /runtime-tool/WebApi.Domain.dll
  JsonSchema -> /runtime-tool/JsonSchema.Net.dll
  WebApi.Infrastructure -> /runtime-tool/WebApi.Infrastructure.dll
  WebApi.RuntimeTool -> /runtime-tool/WebApi.RuntimeTool.dll

Build succeeded.
    0 Warning(s)
    0 Error(s)

Time Elapsed 00:00:06.10
  Json.More -> /test-src/third_party/json-everything/src/Json.More/bin/Release/net10.0/Json.More.dll
  WebApi.Contracts -> /test-src/src/WebApi.Contracts/bin/Release/net10.0/WebApi.Contracts.dll
  WebApi.HttpSecurity -> /test-src/src/WebApi.HttpSecurity/bin/Release/net10.0/WebApi.HttpSecurity.dll
  JsonPointer -> /test-src/third_party/json-everything/src/JsonPointer/bin/Release/net10.0/JsonPointer.Net.dll
  WebApi.Domain -> /test-src/src/WebApi.Domain/bin/Release/net10.0/WebApi.Domain.dll
  WebApi.TestBackend -> /test-src/src/WebApi.TestBackend/bin/Release/net10.0/WebApi.TestBackend.dll
  WebApi.ConsoleHost -> /test-src/src/WebApi.ConsoleHost/bin/Release/net10.0/WebApi.ConsoleHost.dll
  JsonSchema -> /test-src/third_party/json-everything/src/JsonSchema/bin/Release/net10.0/JsonSchema.Net.dll
  WebApi.Infrastructure -> /test-src/src/WebApi.Infrastructure/bin/Release/net10.0/WebApi.Infrastructure.dll
  WebApi.NotificationFixtureHost -> /test-src/tests/WebApi.NotificationFixtureHost/bin/Release/net10.0/WebApi.NotificationFixtureHost.dll
  WebApi.Gateway -> /test-src/src/WebApi.Gateway/bin/Release/net10.0/WebApi.Gateway.dll
  WebApi.ControlPlane -> /test-src/src/WebApi.ControlPlane/bin/Release/net10.0/WebApi.ControlPlane.dll
  WebApi.TestSupport -> /test-src/tests/WebApi.TestSupport/bin/Release/net10.0/WebApi.TestSupport.dll
  WebApi.Gateway.Tests -> /test-src/tests/WebApi.Gateway.Tests/bin/Release/net10.0/WebApi.Gateway.Tests.dll
Test run for /test-src/tests/WebApi.Gateway.Tests/bin/Release/net10.0/WebApi.Gateway.Tests.dll (.NETCoreApp,Version=v10.0)
A total of 1 test files matched the specified pattern.

Passed!  - Failed:     0, Passed:   141, Skipped:     0, Total:   141, Duration: 55 s - WebApi.Gateway.Tests.dll (net10.0)
 Container webapi-contracts-test-b3887598-7a1b-427e-baad-7b6d3eec51bb-postgres-1 Stopping 
 Container webapi-contracts-test-b3887598-7a1b-427e-baad-7b6d3eec51bb-redis-1 Stopping 
 Container webapi-contracts-test-b3887598-7a1b-427e-baad-7b6d3eec51bb-postgres-1 Stopped 
 Container webapi-contracts-test-b3887598-7a1b-427e-baad-7b6d3eec51bb-postgres-1 Removing 
 Container webapi-contracts-test-b3887598-7a1b-427e-baad-7b6d3eec51bb-redis-1 Stopped 
 Container webapi-contracts-test-b3887598-7a1b-427e-baad-7b6d3eec51bb-redis-1 Removing 
 Container webapi-contracts-test-b3887598-7a1b-427e-baad-7b6d3eec51bb-postgres-1 Removed 
 Container webapi-contracts-test-b3887598-7a1b-427e-baad-7b6d3eec51bb-redis-1 Removed 
 Volume webapi-contracts-test-b3887598-7a1b-427e-baad-7b6d3eec51bb_nuget-test Removing 
 Network webapi-contracts-test-b3887598-7a1b-427e-baad-7b6d3eec51bb_default Removing 
 Volume webapi-contracts-test-b3887598-7a1b-427e-baad-7b6d3eec51bb_pg-test Removing 
 Volume webapi-contracts-test-b3887598-7a1b-427e-baad-7b6d3eec51bb_nuget-test Removed 
 Volume webapi-contracts-test-b3887598-7a1b-427e-baad-7b6d3eec51bb_pg-test Removed 
 Network webapi-contracts-test-b3887598-7a1b-427e-baad-7b6d3eec51bb_default Removed 
