✔ AdvancedEditorsRequireExplicitSaveButRetainTextareaNewlinesAndButtonKeyboardActivation (0.375084ms)
✔ SixTypesDefaultsAndStrictAdvancedBudgets (1.630917ms)
✔ JwtIsStrictlyPublicAndMappingScopedWithoutPretendingSignatureValidation (1.465833ms)
✔ JwksFileRejectsPrivateNetworkUnknownDuplicateAndOversizeJson (0.839542ms)
✔ DirtyModeSwitchNeedsConfirmationAndKeepsEachModeDraft (0.135833ms)
✔ ScopeAndGenerationRejectLateApplicationOptions (0.069375ms)
✔ DirtyAnd412DraftCanOnlyAdoptNewRevisionExplicitly (0.07225ms)
✔ JwtRouteMetadataEchoDoesNotRequestAuthenticationReplacement (0.091458ms)
✔ ReviewDescribesFixedKeyDiffMappingsPhysicalAttemptsAndCacheColdStart (0.194583ms)
✔ JwtFieldsExposePublicLocalFileAndScopedMappingWithoutTokenOrPrivateKeyInput (269.689084ms)
✔ ReadonlyActionsHaveOnlyStructuralCheckAndNoSaveOrReleaseEntry (0.694083ms)
✔ SixTypeFormDisplaysJwtAndReadonlyFieldsAreDisabled (1.576583ms)
✔ RetryAndCacheUseDeploymentLimitsAndExplicitReplayConsistencyBoundaries (1.4185ms)
✔ ReviewShowsColdStartFixedKeysBearerRiskAndActualMaximum (0.72875ms)
✔ MissingTrafficDataIsNotInventedAsZeroAndCacheHitShowsNoUpstream (0.989417ms)
✔ 412 retains input; explicit latest revision adoption retains duration and values (1.054667ms)
✔ readonly Unknown test preserves null and never marks draft saved (0.143959ms)
✔ only finite allowlisted rule expressions; ratio range and target applicability (0.255209ms)
✔ channels require explicit activation and IM remains pending rather than sent (0.070667ms)
✔ event filters have independent status/severity and reset pagination (0.185292ms)
✔ server freshness accounts for query delay; UI does not mark a valid delayed observation Unknown (0.046416ms)
✔ disabled rules display their intentional pause rather than a source failure (0.036708ms)
✔ resolved event observations are explicitly historical (0.030041ms)
✔ expression grammar matches the server three-token finite number contract (0.081083ms)
✔ pendingAcrossShellEnvironmentsRetainsUrlFilter (1.424666ms)
✔ lateResponseCannotReplaceNewAuthority (0.146833ms)
✔ lateFilterAndPollingResponsesCannotReplaceNewRequest (0.102666ms)
✔ conflictKeepsCommentButLostReadClearsIt (0.14175ms)
✔ serverEligibilityControlsBothListAndDetail (0.082167ms)
✔ commentChangesStartNewSemanticOperationAndNeverExceedBudget (0.144375ms)
✔ switchingTabClearsHistoricalStatusOnlyAndPreservesScope (0.084708ms)
✔ externalOrAmbiguousReturnToIsRejected (0.171833ms)
✔ invalidUrlFilterCannotSilentlyBroadenScope (0.109417ms)
✔ authorityIncludesScopeModesAndIgnoresIrrelevantOrdering (0.162333ms)
✔ dialog cannot carry an operation into a later step despite retained eligibility (0.127875ms)
✔ write carries cookie CSRF ETag and stable idempotency; csrf refreshed after login (16.944792ms)
✔ 412 exposes conflict and trace without automatic destructive retry (0.512916ms)
✔ resource 403 and hidden-resource 404 trigger authority refresh; 412 retains editing authority (0.75925ms)
✔ structured contract failures preserve affected pointers for a reviewable repair (0.276125ms)
✔ ReviewHandoffUsesServerTargetAndLocksWizardVersion (1.079583ms)
✔ ChangedTargetCannotCarryOldReview or stale handoff (0.162042ms)
✔ server rule catalog shows proof conditions, Unknown limits, dialects and registered test IDs (64.96ms)
✔ UnknownCoverageSurvivesEmptyFilter and FilteredRowsNeverChangeReviewTotals (2.314625ms)
✔ VersionSelectionClearsEffectiveReview and query preserves only report identifier (0.258917ms)
✔ WorkspaceAbortRejectsLateTransport (2.617416ms)
✔ ReadDeadlineRejectsLateTransportAndCannotPublishTimedOutReport (6.138833ms)
✔ FailedCreateRetainsCommentAndSameRetryKey and payload changes rotate key (0.146834ms)
✔ ConflictCloseAndNewReportPreserveCommentButResetConfirmation (0.096084ms)
✔ CommandTimeoutIs15Seconds and late transport cannot restore result (6.176708ms)
✔ CompareRoutePrecedesGenericDetail (0.405541ms)
✔ NoVersionsAndDeniedStatesHaveNoEnabledActions (83.787ms)
✔ ManualChangeTypeIsSeparateFromDetectedRisk and coverage always visible (1.865542ms)
✔ BreakingDialogHasFullCountsRequiredCommentAndCheckbox (24.842708ms)
✔ ReleaseSummaryDoesNotInventReviewForLegacyCandidate (4.676167ms)
✔ Tab wraps only at the active dialog boundaries and preserves native traversal inside (0.315834ms)
✔ lost or removed focus re-enters the current confirmation in the requested direction (0.051667ms)
✔ a busy dialog without available controls traps Tab on its focusable container (0.0535ms)
✔ cancelling a removed confirmation restores focus without stealing it from an active input (0.041667ms)
✔ discard confirmation and other blocking states cannot submit an editor (0.527666ms)
✔ the editor exposes a labelled modal with a focusable fallback for blocked controls (110.487917ms)
✔ project switch rejects another project override at revision 1 (0.376292ms)
✔ project switch rejects another project override at revision 9 (0.05775ms)
✔ late save response cannot restore the previous project or an earlier visit (0.633875ms)
✔ file/text/url requests are exclusive and source identity includes scope, content and permissions (0.636583ms)
✔ scope/source/format changes invalidate preview and mappings while retaining input (0.394416ms)
✔ expired preview cannot commit and input is retained; unsupported operations cannot map (0.319167ms)
✔ mapping clears new API fields for an existing API and validates revisions and ownership fields (0.21725ms)
✔ bounded files reject zip, unsafe logical names, duplicates and oversized content before reading (0.298875ms)
✔ 403/412 and policy-change recovery preserve source and provide the correct re-preview boundary (0.136458ms)
✔ a late preview cannot restore stale scope or overwrite a newer preview (0.1ms)
✔ source UI offers only active text/file/url fields and explicitly accepts YAML (115.302166ms)
✔ unsupported operations cannot be selected or mapped and show server warnings (1.117541ms)
✔ source policy readonly or failed reads have no save entry (1.4395ms)
✔ attached source text can be reviewed and corrected without replacing the whole bundle (0.8855ms)
✔ existing draft mapping identifies the version rather than displaying an empty new API name (0.634625ms)
✔ retryAfterAcceptsOnlyBoundedIntegerSeconds (0.34175ms)
✔ loginProtectionUsesFixedMessagesWithoutAutoResubmission (0.066542ms)
✔ ordinary navigation updates accepted path and clean Back works (0.795125ms)
✔ unsaved Back restores original URL without changing rendered page; accepted discard enables Back (0.349167ms)
✔ dirty import blocks sidebar navigation, while successful committed save may navigate (0.171ms)
✔ legacyChannelsRemainIntentUntilExplicitEnable (1.390042ms)
✔ twentyRecipientsAreSeparateTargets (0.262375ms)
✔ notificationBudgetEdgesAndImOnlyAreInvalid (0.0745ms)
✔ attemptsExhaustedAndRetryAfterCannotBeBypassed (0.08ms)
✔ silenceShowsInFlightBoundary (0.060042ms)
✔ maskedTargetsAndUnknownOutcomeAreDistinct (0.057709ms)
✔ scopeChangeAndDeniedResponsesDiscardEveryLateReceipt (0.149125ms)
✔ ordinaryConflictPreservesRulesAndRecipientDraftButRevocationErasesThem (0.109959ms)
✔ retryConflictKeepsOperationKeyUntilFreshServerRead (0.055833ms)
✔ notificationConsoleLinkSelectsAnExactEventWithoutTrustingScopeParameters (0.288333ms)
✔ lateReadCannotOverwriteACompletedRetry (0.063ms)
✔ manualScopeNavigationRemovesPinnedNotificationEvent (0.097917ms)
✔ queuedTestIsNotSuccess (1.071208ms)
✔ unsavedOrStaleRevisionCannotBeTested (0.084875ms)
✔ secretKeepNeverBecomesPlaceholderReplace (0.345667ms)
✔ lateReceiptCannotOverwriteNewRevision (0.110083ms)
✔ deniedClearsTargetAndSecretDraft (0.082084ms)
✔ testErrorsPreserveTargetAndRetryKeyWhile412RequiresReload (0.040584ms)
✔ closedOrChangedAuthorityDiscardsEveryLateResponse (0.0505ms)
✔ notificationConsoleLinkSelectsKnownSettingsGroup (0.374125ms)
✔ filter edit discards cursor and retains fixed cutoff; IP never reaches URL (3.138459ms)
✔ cursor Back restores a read page and scope/filter changes clear trail (0.769833ms)
✔ waterfall uses real relative time and duration and tolerates missing/cyclic parents (0.554ms)
✔ CSV status uses explicit rows/truncation/source headers; missing metadata cannot claim complete (10.553417ms)
✔ CSV transport returns original response and preserves authority failure handling (1.380875ms)
✔ copy falls back when browser clipboard denies, and removes temporary selection (0.303334ms)
✔ CSV download attaches the link before clicking and removes it afterwards (0.148208ms)
✔ query denial, invalid filters and source failure have distinct user-facing states (0.073208ms)
✔ validated URL keeps allowed filters and never contains raw IP (0.870333ms)
✔ metric sort and trend URL accepts only defined metrics and preserves navigation (1.105667ms)
✔ scope switch aborts old requests, clears cursor and rejects a late response (0.197167ms)
✔ fixed UTC cutoff survives query roundtrip; new duration resets cursor (1.6395ms)
✔ query updates and Back emit search without changing accepted pathname or guards (0.485375ms)
✔ unknown values stay blank while known zero keeps its unit (0.074166ms)
✔ chart leaves a gap across missing samples and caps source rows at 600 (0.473167ms)
✔ scope switch removes URL cursor and resets page while preserving time cutoff (0.176708ms)
✔ resource selectors follow all returned pages and keep existing filters (0.516541ms)
✔ paged selector propagates resource denial instead of returning a partial authorized cache (0.222125ms)
✔ page query replaces an existing page without losing filters (0.055583ms)
✔ known permissions get Chinese labels without replacing authoritative codes or custom names (0.588041ms)
✔ extension permissions retain server metadata and use an explicit other column (0.848375ms)
✔ matrix groups every code exactly once and searches labels, codes, modules and descriptions (0.252333ms)
✔ permission configuration requires a complete usable dictionary and an editable role (0.56125ms)
✔ all seeded codes have explicit Chinese labels and supported matrix columns (4.906292ms)
✔ read-only matrix exposes exact assignments and accessible disabled checkboxes (69.111209ms)
✔ the common editor can render matrix fields inside its disabled and unsaved guard boundary (41.98275ms)
✔ AllFourDefaultsAndValidation (0.689666ms)
✔ ConflictRetainsDirtyInput (0.196333ms)
✔ ScopeSwitchIgnoresLateResponse (0.046917ms)
✔ CopyDoesNotReuseBindingOrEtag (0.055375ms)
✔ LegacyDraftRefreshIsExplicit (0.200625ms)
✔ DisabledTypesCannotSave (0.15675ms)
✔ InvalidFieldsHaveSpecificFeedback (0.193667ms)
✔ UnselectedPolicyFiltersAreOmittedFromRequest (0.131ms)
✔ CircuitDefaultCountsEveryServerError (0.092208ms)
✔ UnparsedJwksIsDirtyAndPreservedAcrossConfirmedModesAndRevisionAdoption (0.980667ms)
✔ SharedReadSourceCopiesOnlyIntoActuallyWritableTargets (0.334917ms)
✔ renaming escaped properties updates the same parent required and preserves unknown constraints (1.791333ms)
✔ removing a property updates only its own parent required and array branches use exact indices (0.237541ms)
✔ patches do not cross prototype or missing paths and boolean schemas remain real values (0.092333ms)
✔ bounded trees include boolean, composition and reference entries without expanding recursive refs (2.345709ms)
✔ DirtyRawTextSurvivesDefinitionSwitchAttempt (0.116541ms)
✔ LateValidationCannotOverwriteNewDraft or another revision, format, direction or request (0.111417ms)
✔ FalsyInstancesAreShownAndValidated and external examples do not fetch or disappear (0.111917ms)
✔ schema patches preserve large and tiny numeric literals while rejecting duplicate keys (0.664292ms)
✔ tree summaries expose constraints and exact numeric bounds without dropping extensions (0.29125ms)
✔ result display is invalidated synchronously by raw, sample, authority or media changes (0.128375ms)
✔ unavailable source examples remain visible as unverified choices (0.05925ms)
✔ sealed and readonly workbenches show tree, raw and validation without a save entry (120.372042ms)
✔ editable workbench uses an explicit save action and invalid raw stays visible with paused tree (3.107375ms)
✔ tree labels boolean and references and announces bounded truncation (33.987625ms)
✔ validation diagnostics expose accessible instance and schema locations without sample values (0.6685ms)
✔ server maintenance impact diagnostics show accessible repair pointers (0.418459ms)
✔ existing grants round-trip losslessly, including overlapping access modes and invisible scopes (0.774167ms)
✔ new scopes start with a single environment and read access; incomplete selection cannot become organization-wide (0.982834ms)
✔ changing a parent clears descendants but retains the intended level until the user selects replacements (0.092458ms)
✔ only an explicit level change creates organization or project-wide grants (0.061375ms)
✔ known hierarchy mismatches and arbitrary invisible replacements are rejected while inherited IDs survive other edits (0.065125ms)
✔ summary counts mode changes separately and represents empty scopes as revocation, without collapsing overlaps (0.096208ms)
✔ stable reads reject revision drift instead of pairing stale scopes with a newer writable revision (0.42225ms)
✔ exact duplicate grants cannot overstate saved counts; overlapping scopes with different access modes remain valid (0.204042ms)
✔ structured scope selects render accessible labels and only descendants of the selected parent (73.341833ms)
✔ invisible original scope remains selectable, exposes its literal ID and preservation explanation (0.796667ms)
✔ locked editing disables the rule group and new rules display only read by default (0.682292ms)
✔ empty review states explicitly revoke business scope and change summaries show all four counts (0.470417ms)
✔ a repeated group click closes its links and opening another replaces it (0.395791ms)
✔ detail routes and settings select their original group without prefix collisions (0.189458ms)
✔ collapsed navigation hides its links; opening API exposes actual entries and current page (163.13325ms)
✔ settings remain reachable in platform governance (1.998583ms)
✔ the signed-in root page highlights the organization list it actually renders (2.554167ms)
✔ workbench navigation opens the dashboard while root keeps organization selection (2.212125ms)
✔ provider discovery is same origin and never automatically redirects (14.772459ms)
✔ failed provider read exposes retry error independently of local login (0.351625ms)
✔ start uses same origin native POST hidden CSRF and only controlled parameters (0.641625ms)
✔ completion restores identity then CSRF before navigation and does not navigate after failed restore (0.179958ms)
✔ error and return path accept only approved values (0.1515ms)
✔ loginPreservesNotificationAndEventDeepLinksWithoutAuthControlQuery (0.175292ms)
✔ late result cannot replace another provider (1.09775ms)
✔ revision conflict retains draft and requires explicit review (0.124292ms)
✔ revoked authority clears references and late responses (0.0805ms)
✔ unrelated business scopes do not remount platform identity but SSO authority changes do (0.086292ms)
✔ historical failed expired and future tests cannot enable a source (1.113291ms)
✔ retry semantics separate operations and preserve equivalent request ordering (0.183ms)
✔ dirty navigation needs explicit discard decision (0.152959ms)
✔ provider native form accepts the same names and secret aliases as the API (0.481125ms)
✔ a completed mutation releases its own busy gate after detail epoch advances (0.171625ms)
✔ SSO user payload only explicit identity fields never password or roles (0.63325ms)
✔ binding subject remains case sensitive and only disabled SSO users with dual permissions can edit (0.11575ms)
✔ an alert rule editor has a labelled focusable fallback while its save controls are blocked (234.636ms)
✔ preservesDraftOn412 (1.04225ms)
✔ sameSemanticRetryKeepsIdempotencyKey (0.238042ms)
✔ secretKeepDoesNotSendPlaceholder (0.56325ms)
✔ revokeClearsDraftAndLateResponseCannotRestoreIt (0.106917ms)
✔ dirtyNavigationRequiresExplicitDiscard (0.077166ms)
✔ notificationStructuralTestNeverClaimsDelivery (0.135917ms)
✔ lateRouteDefaultDoesNotOverwriteInput (0.064667ms)
✔ conflictRequiresFreshReadBeforeAdoptingRevision (0.081125ms)
✔ OriginsDraftKeepsNewlinesUntilCommandBoundary (0.263292ms)
✔ PlatformSettingsShellDoesNotRemountForUnrelatedAuthority (0.189375ms)
✔ loginBudgetsSurviveDraftAndConflict (0.133333ms)
✔ a denied workbench shows no resource detail links or invented zero counts (201.845834ms)
✔ workbench renders scoped counts, partial coverage and real detail links without claiming all pending tasks (3.8165ms)
✔ missing request counts cannot create a Top API ranking and Trace sampling is not called request sampling (1.899708ms)
✔ workbench uses project API total and current environment 24h metrics with top API ranking (1.815667ms)
✔ workbench checks project API permission independently from environment and skips denied reads (0.181833ms)
✔ no workspace cannot trigger global or empty-id reads (0.097917ms)
✔ one failing source does not erase successful modules and HTTP access loss clears its data (19.700625ms)
✔ an aborted scope request cannot publish late results even if transport ignores abort (0.126917ms)
✔ missing, stale, unavailable and non-finite metrics cannot become healthy-looking numbers (0.077084ms)
✔ fixtureCannotTargetPersistentProject (0.93875ms)
✔ readinessAloneCannotPassAcceptance (0.89875ms)
✔ cleanupRejectsForeignOwner (0.18ms)
✔ cleanupFailureMakesAcceptanceFail (0.109834ms)
✔ restoreAndBackupCannotTargetPersistentProject (0.229542ms)
✔ manualBackupRequiresOwnedDirectoryBeforeWriting (5.652666ms)
✔ backupStopsOnlyDeclaredServicesForUnboundAndNonDemoDeployments (0.435833ms)
✔ cacheBackupVolumeSelectionRetainsOldDeploymentCompatibility (0.145042ms)
✔ backupFailureRestartsAllOriginalServicesEvenAfterPartialStop (0.407708ms)
✔ buildUsesResolvedCommitNotWorkingTree (350.44875ms)
✔ failedBuildKeepsCurrentRelease (545.195875ms)
✔ rejectUnfrozenConsoleDependencies (225.145875ms)
✔ immutableBinaryIdentityIsInsideImageAndRelease (175.527833ms)
✔ RunnerRefusesLocalDirectoryAndForeignOwner (0.962917ms)
✔ FailureCannotEmitPassedEvidence (0.160917ms)
✔ UnknownOrUnverifiedUiCannotFinalizeDelivery (0.145584ms)
✔ ArchiveExcludesSecretsPrivateInputsAndDependencies (1.348208ms)
✔ MissingScreenshotCannotBeSwallowedAsMissingOptionalUiProof (4.081958ms)
✔ OnlyForeignOwnerNetworkRejectsCleanup (0.316125ms)
✔ CompleteRequiresEveryUiActionAndVerifiedCleanup (0.341083ms)
✔ inactiveOrUnauthorizedEnvironmentLeavesBindingUnchanged (138.093167ms)
✔ differentEnvironmentRejectedBeforeRecreate (161.653083ms)
✔ sameBindingDoesNotRotateSecrets (234.86325ms)
✔ environmentDisabledAfterValidationNeverReportsReady (129.871583ms)
✔ recreateFailurePreservesRetryableBinding (112.8895ms)
✔ disabledExistingNodeDoesNotCountAsRegistration (77.185792ms)
✔ failedReconfigurePreservesAppliedBindingAndStoresPendingProposal (134.022209ms)
✔ onlyThreeLoopbackPortsPublished (155.153333ms)
✔ unconfiguredRenderHasNoGatewayIdRequirement (88.932ms)
✔ runtimeSourcesUsePersistentVolumesNotTmpfs (88.877333ms)
✔ allResourcesCarryOwnerId (73.217ms)
✔ gatewayCannotReadDatabaseOrOtherNodeSecret (82.867666ms)
✔ cacheSecretSharedReadonlyOnlyByBothGateways (82.568125ms)
✔ IdP render publishes only loopback, keeps database private, and uses private files not secret environment values (6.467375ms)
✔ foreign exact-name IdP resource is rejected before compose action (0.567959ms)
✔ IdP state rejects foreign platform association and unapproved fields (0.416625ms)
✔ failed secret initialization resumes with identical private files and completed starts do not recopy secrets (82.320833ms)
✔ partial volume restore failure keeps services stopped and can continue after checksums are revalidated (133.775459ms)
✔ repeatedInitDoesNotRotateSecretsOrCreateAnotherAdmin (225.993417ms)
✔ deletedBootstrapFileDoesNotRebootstrap (255.307584ms)
✔ foreignPortFailsBeforeMutation (90.5085ms)
✔ ownPortsAllowRepeatedUp (0.516125ms)
✔ stopNeverDeletesVolumes (168.835708ms)
✔ failedMigrationDoesNotStartApplication (78.40375ms)
✔ completeBootstrapDeletesOnlyOwnedPasswordFile (127.666208ms)
✔ invalidPasswordFileDoesNotLeaveIncompleteSecretSet (79.933417ms)
✔ missingWholeInitializedSecretDirectoryNeverRegenerates (40.465333ms)
✔ portConflictCanBeRetriedWithExplicitPortsBeforeResourcesExist (52.002209ms)
✔ startReportsObservedFailureRatherThanConfiguredRegistration (47.237958ms)
✔ cache volume preparation on start removes the transient bootstrap volume (43.54525ms)
✔ supportedSecuritySynchronizesProxyAfterConsoleStartBeforeReadiness (46.619917ms)
✔ waiterRetriesWhenHolderReleasesBetweenCollisionAndInspection (74.070583ms)
✔ unknownProjectIsNeverAdopted (0.735958ms)
✔ ownedResourceAllowsMutationButAnotherProjectDoesNot (0.144291ms)
✔ unlabelledExactResourcesPreventAnyDockerMutation (0.447541ms)
✔ packageRejectsIncompleteAcceptance (57.892958ms)
✔ packageRejectsSecretsAndUserConfiguration (234.776125ms)
✔ packageRejectsMismatchedStaticSource (39.822666ms)
✔ packageRejectsReplacementOfOldArchive (38.862041ms)
✔ completeInputsMayBePackaged (38.660958ms)
✔ immutableSourceExportExcludesPreviouslyTrackedDeliveryManifests (40.827584ms)
✔ testedDeploymentAllowsOnlyTheVerifiedBrowserPortCorrection (38.175ms)
✔ isolated runner uses private secret and overrides ambient project then cleans own resources (409.198958ms)
✔ foreign owner prevents destructive cleanup (342.257834ms)
✔ failing product test preserves exit code while cleaning only own project (342.419667ms)
✔ unsupported mode does not invoke docker (5.991875ms)
✔ snapshot includes new source and excludes secrets and build outputs (319.618791ms)
✔ source symlink escape is rejected (360.87075ms)
✔ proxyTrustRegistersOnlyCurrentOwnedConsoleExactIp (1.360708ms)
✔ proxyTrustRejectsForeignUnlabelledMultipleOrInvalidConsole (2.17225ms)
✔ broaderOrMissingControlPlaneProxyAllowlistIsNotVerified (0.863417ms)
✔ securityAcceptanceCannotBeCompleteWithoutImmutableDeploymentAndUiEvidence (0.754166ms)
✔ loginSecretRequiresExplicitPreparationNeverRotatesAndRejectsLoss (150.750291ms)
✔ loginSecretRejectsPermissionsLinksAndInvalidEncoding (146.5735ms)
✔ coldRestoreKeepsOriginalSecretBytesAndRebindsOnlyReceiptOwner (261.20225ms)
✔ delegate preserves locked restore arguments and backend failure without touching local runtime (26.1355ms)
✔ unsupported mode fails instead of reporting acceptance (6.351375ms)
✔ SettingsRunnerOwnsOnlyItsResources (128.17275ms)
✔ VerifyFailsOnStaleSourceOrFailedCheck (329.832084ms)
✔ PackageExcludesSecretsAndOldRuntimeData (304.138208ms)
✔ PackageGatesRemainActiveUnderOptimizedPython (95.376458ms)
✔ OldBrowserEvidenceCannotPassNewToolIdentity (58.888959ms)
✔ records actual platform temporary cookie names without exporting values (9.991166ms)
✔ explicit recovery disables the old provider and viewer before audited binding replacement (58.950792ms)
✔ ordinary or mismatched recovery never changes an existing account (0.379625ms)
✔ normal context regeneration retains precise local SSO and readonly secret mount (161.560625ms)
✔ foreign owner and changed console origin are rejected before replacing runtime overlay (257.792375ms)
✔ SSO config symlink and nonprivate mode cannot be consumed (115.642ms)
✔ disabled local SSO and absent config leave normal runtime authentication intact (116.39825ms)
✔ cold backup includes protected SSO settings and reviewer credentials, restore disables live IdP binding (129.62025ms)
✔ secret volume must belong to the exact independent IdP owner (33.213709ms)
✔ fixture cookies cannot overwrite the existing platform browser session (1.267834ms)
✔ ports must be distinct loopback fixture ports and never existing delivery ports (0.727625ms)
✔ image must be locked by digest and owner must match project (0.241917ms)
✔ cleanup rejects directory and production volume before any destructive command (30.1685ms)
✔ actual package entry validates valid (381.4445ms)
✔ actual package entry validates stale-review (275.71025ms)
✔ actual package entry validates stale-regression (179.130292ms)
✔ actual package entry validates missing-tool-binding (171.937667ms)
✔ actual package entry validates changed-live-tool (84.916583ms)
✔ actual package entry validates changed-live-source (70.978625ms)
✔ actual package entry validates foreign-cleanup (99.851291ms)
✔ privacy receipt binds the exact public file set and bytes (1.177708ms)
✔ only fully verified frozen uncommitted SSO source can be delivered (1.52975ms)
✔ package rejects private runtime keys credentials dependencies and unsafe paths (3.92675ms)
✔ owned disposable resources are accepted and foreign resources rejected (1.440166ms)
✔ directory rejects symlinks and foreign owner identity (43.692958ms)
✔ defaultConsolePortSupportsBrowserFetch (79.01725ms)
✔ browserBlockedPortsFailBeforeRuntimeStateIsCreated (17.231542ms)
✔ stateContainsNoSecrets (64.306792ms)
✔ stateRejectsSymlinkAndForeignDirectory (26.804666ms)
✔ lockSerializesWriters (197.38875ms)
✔ invalidPortsAndEmptyGuidFailBeforeStateWrite (64.020417ms)
✔ statusSeparatesLiveRegisteredAndReady (0.383125ms)
✔ missingNodeCannotClaimRegistered (0.051084ms)
✔ missingSourcesOrStaleNodeCannotBeReady (0.050458ms)
✔ pendingConfigurationCannotBorrowOldHealthyAckToClaimReady (0.036ms)
✔ loginProtectionUnknownOrProxyDriftCannotClaimReady (0.063166ms)
ℹ tests 327
ℹ suites 0
ℹ pass 327
ℹ fail 0
ℹ cancelled 0
ℹ skipped 0
ℹ todo 0
ℹ duration_ms 1815.535917
