WEBAPI_FIXED_SOURCE c1c271555e3a125d22184697c17320c94a4db07c
✔ AdvancedEditorsRequireExplicitSaveButRetainTextareaNewlinesAndButtonKeyboardActivation (0.354625ms)
✔ SixTypesDefaultsAndStrictAdvancedBudgets (1.012417ms)
✔ JwtIsStrictlyPublicAndMappingScopedWithoutPretendingSignatureValidation (1.742083ms)
✔ JwksFileRejectsPrivateNetworkUnknownDuplicateAndOversizeJson (1.037709ms)
✔ DirtyModeSwitchNeedsConfirmationAndKeepsEachModeDraft (0.174041ms)
✔ ScopeAndGenerationRejectLateApplicationOptions (0.076208ms)
✔ DirtyAnd412DraftCanOnlyAdoptNewRevisionExplicitly (0.08725ms)
✔ JwtRouteMetadataEchoDoesNotRequestAuthenticationReplacement (0.110458ms)
✔ ReviewDescribesFixedKeyDiffMappingsPhysicalAttemptsAndCacheColdStart (0.246791ms)
✔ JwtFieldsExposePublicLocalFileAndScopedMappingWithoutTokenOrPrivateKeyInput (308.620125ms)
✔ ReadonlyActionsHaveOnlyStructuralCheckAndNoSaveOrReleaseEntry (0.757459ms)
✔ SixTypeFormDisplaysJwtAndReadonlyFieldsAreDisabled (1.749667ms)
✔ RetryAndCacheUseDeploymentLimitsAndExplicitReplayConsistencyBoundaries (1.522125ms)
✔ ReviewShowsColdStartFixedKeysBearerRiskAndActualMaximum (0.769125ms)
✔ MissingTrafficDataIsNotInventedAsZeroAndCacheHitShowsNoUpstream (1.082292ms)
✔ 412 retains input; explicit latest revision adoption retains duration and values (2.81225ms)
✔ readonly Unknown test preserves null and never marks draft saved (5.303375ms)
✔ only finite allowlisted rule expressions; ratio range and target applicability (0.386167ms)
✔ all deferred channels explicitly pending rather than sent (0.11225ms)
✔ event filters have independent status/severity and reset pagination (0.167417ms)
✔ server freshness accounts for query delay; UI does not mark a valid delayed observation Unknown (0.05975ms)
✔ disabled rules display their intentional pause rather than a source failure (0.046292ms)
✔ resolved event observations are explicitly historical (0.042042ms)
✔ expression grammar matches the server three-token finite number contract (0.100167ms)
✔ write carries cookie CSRF ETag and stable idempotency; csrf refreshed after login (17.896042ms)
✔ 412 exposes conflict and trace without automatic destructive retry (0.398917ms)
✔ resource 403 and hidden-resource 404 trigger authority refresh; 412 retains editing authority (0.702666ms)
✔ structured contract failures preserve affected pointers for a reviewable repair (0.310458ms)
✔ ReviewHandoffUsesServerTargetAndLocksWizardVersion (1.016334ms)
✔ ChangedTargetCannotCarryOldReview or stale handoff (0.161416ms)
✔ server rule catalog shows proof conditions, Unknown limits, dialects and registered test IDs (82.815792ms)
✔ UnknownCoverageSurvivesEmptyFilter and FilteredRowsNeverChangeReviewTotals (0.919ms)
✔ VersionSelectionClearsEffectiveReview and query preserves only report identifier (1.0805ms)
✔ WorkspaceAbortRejectsLateTransport (0.101792ms)
✔ ReadDeadlineRejectsLateTransportAndCannotPublishTimedOutReport (6.487958ms)
✔ FailedCreateRetainsCommentAndSameRetryKey and payload changes rotate key (0.188209ms)
✔ ConflictCloseAndNewReportPreserveCommentButResetConfirmation (0.107834ms)
✔ CommandTimeoutIs15Seconds and late transport cannot restore result (6.576ms)
✔ CompareRoutePrecedesGenericDetail (0.187583ms)
✔ NoVersionsAndDeniedStatesHaveNoEnabledActions (97.377417ms)
✔ ManualChangeTypeIsSeparateFromDetectedRisk and coverage always visible (13.446333ms)
✔ BreakingDialogHasFullCountsRequiredCommentAndCheckbox (27.230458ms)
✔ ReleaseSummaryDoesNotInventReviewForLegacyCandidate (14.319167ms)
✔ Tab wraps only at the active dialog boundaries and preserves native traversal inside (0.430333ms)
✔ lost or removed focus re-enters the current confirmation in the requested direction (0.082459ms)
✔ a busy dialog without available controls traps Tab on its focusable container (0.06025ms)
✔ cancelling a removed confirmation restores focus without stealing it from an active input (0.048791ms)
✔ discard confirmation and other blocking states cannot submit an editor (0.359458ms)
✔ the editor exposes a labelled modal with a focusable fallback for blocked controls (154.944708ms)
✔ project switch rejects another project override at revision 1 (0.52ms)
✔ project switch rejects another project override at revision 9 (0.084583ms)
✔ late save response cannot restore the previous project or an earlier visit (0.423167ms)
✔ file/text/url requests are exclusive and source identity includes scope, content and permissions (0.531ms)
✔ scope/source/format changes invalidate preview and mappings while retaining input (2.667166ms)
✔ expired preview cannot commit and input is retained; unsupported operations cannot map (0.430208ms)
✔ mapping clears new API fields for an existing API and validates revisions and ownership fields (0.331917ms)
✔ bounded files reject zip, unsafe logical names, duplicates and oversized content before reading (0.450584ms)
✔ 403/412 and policy-change recovery preserve source and provide the correct re-preview boundary (0.314916ms)
✔ a late preview cannot restore stale scope or overwrite a newer preview (0.211333ms)
✔ source UI offers only active text/file/url fields and explicitly accepts YAML (173.930209ms)
✔ unsupported operations cannot be selected or mapped and show server warnings (1.094417ms)
✔ source policy readonly or failed reads have no save entry (1.395917ms)
✔ attached source text can be reviewed and corrected without replacing the whole bundle (0.825541ms)
✔ existing draft mapping identifies the version rather than displaying an empty new API name (0.620125ms)
✔ ordinary navigation updates accepted path and clean Back works (0.973042ms)
✔ unsaved Back restores original URL without changing rendered page; accepted discard enables Back (0.22975ms)
✔ dirty import blocks sidebar navigation, while successful committed save may navigate (0.108709ms)
✔ filter edit discards cursor and retains fixed cutoff; IP never reaches URL (3.88475ms)
✔ cursor Back restores a read page and scope/filter changes clear trail (0.122041ms)
✔ waterfall uses real relative time and duration and tolerates missing/cyclic parents (0.42375ms)
✔ CSV status uses explicit rows/truncation/source headers; missing metadata cannot claim complete (13.937958ms)
✔ CSV transport returns original response and preserves authority failure handling (2.413334ms)
✔ copy falls back when browser clipboard denies, and removes temporary selection (0.641708ms)
✔ CSV download attaches the link before clicking and removes it afterwards (0.227375ms)
✔ query denial, invalid filters and source failure have distinct user-facing states (0.108917ms)
✔ validated URL keeps allowed filters and never contains raw IP (0.750459ms)
✔ metric sort and trend URL accepts only defined metrics and preserves navigation (0.557167ms)
✔ scope switch aborts old requests, clears cursor and rejects a late response (0.095625ms)
✔ fixed UTC cutoff survives query roundtrip; new duration resets cursor (4.124333ms)
✔ query updates and Back emit search without changing accepted pathname or guards (0.869208ms)
✔ unknown values stay blank while known zero keeps its unit (0.091417ms)
✔ chart leaves a gap across missing samples and caps source rows at 600 (0.739125ms)
✔ scope switch removes URL cursor and resets page while preserving time cutoff (0.270625ms)
✔ resource selectors follow all returned pages and keep existing filters (0.654334ms)
✔ paged selector propagates resource denial instead of returning a partial authorized cache (0.281834ms)
✔ page query replaces an existing page without losing filters (0.067541ms)
✔ known permissions get Chinese labels without replacing authoritative codes or custom names (0.698417ms)
✔ extension permissions retain server metadata and use an explicit other column (0.100583ms)
✔ matrix groups every code exactly once and searches labels, codes, modules and descriptions (0.877666ms)
✔ permission configuration requires a complete usable dictionary and an editable role (0.11325ms)
✔ all seeded codes have explicit Chinese labels and supported matrix columns (5.176334ms)
✔ read-only matrix exposes exact assignments and accessible disabled checkboxes (104.541ms)
✔ the common editor can render matrix fields inside its disabled and unsaved guard boundary (47.108833ms)
✔ AllFourDefaultsAndValidation (0.965209ms)
✔ ConflictRetainsDirtyInput (0.230041ms)
✔ ScopeSwitchIgnoresLateResponse (0.069708ms)
✔ CopyDoesNotReuseBindingOrEtag (0.067708ms)
✔ LegacyDraftRefreshIsExplicit (0.21725ms)
✔ DisabledTypesCannotSave (0.322875ms)
✔ InvalidFieldsHaveSpecificFeedback (0.322916ms)
✔ UnselectedPolicyFiltersAreOmittedFromRequest (0.150791ms)
✔ CircuitDefaultCountsEveryServerError (0.108167ms)
✔ UnparsedJwksIsDirtyAndPreservedAcrossConfirmedModesAndRevisionAdoption (1.284333ms)
✔ SharedReadSourceCopiesOnlyIntoActuallyWritableTargets (0.343916ms)
✔ renaming escaped properties updates the same parent required and preserves unknown constraints (2.004125ms)
✔ removing a property updates only its own parent required and array branches use exact indices (0.235167ms)
✔ patches do not cross prototype or missing paths and boolean schemas remain real values (0.092666ms)
✔ bounded trees include boolean, composition and reference entries without expanding recursive refs (1.976125ms)
✔ DirtyRawTextSurvivesDefinitionSwitchAttempt (0.152042ms)
✔ LateValidationCannotOverwriteNewDraft or another revision, format, direction or request (0.104833ms)
✔ FalsyInstancesAreShownAndValidated and external examples do not fetch or disappear (0.103042ms)
✔ schema patches preserve large and tiny numeric literals while rejecting duplicate keys (0.941125ms)
✔ tree summaries expose constraints and exact numeric bounds without dropping extensions (0.242166ms)
✔ result display is invalidated synchronously by raw, sample, authority or media changes (0.150208ms)
✔ unavailable source examples remain visible as unverified choices (0.08975ms)
✔ sealed and readonly workbenches show tree, raw and validation without a save entry (148.8675ms)
✔ editable workbench uses an explicit save action and invalid raw stays visible with paused tree (4.06175ms)
✔ tree labels boolean and references and announces bounded truncation (40.762584ms)
✔ validation diagnostics expose accessible instance and schema locations without sample values (0.452042ms)
✔ server maintenance impact diagnostics show accessible repair pointers (0.289125ms)
✔ existing grants round-trip losslessly, including overlapping access modes and invisible scopes (2.051167ms)
✔ new scopes start with a single environment and read access; incomplete selection cannot become organization-wide (0.186959ms)
✔ changing a parent clears descendants but retains the intended level until the user selects replacements (0.084625ms)
✔ only an explicit level change creates organization or project-wide grants (0.0775ms)
✔ known hierarchy mismatches and arbitrary invisible replacements are rejected while inherited IDs survive other edits (0.095167ms)
✔ summary counts mode changes separately and represents empty scopes as revocation, without collapsing overlaps (0.13525ms)
✔ stable reads reject revision drift instead of pairing stale scopes with a newer writable revision (0.278416ms)
✔ exact duplicate grants cannot overstate saved counts; overlapping scopes with different access modes remain valid (0.089542ms)
✔ structured scope selects render accessible labels and only descendants of the selected parent (121.811916ms)
✔ invisible original scope remains selectable, exposes its literal ID and preservation explanation (0.813209ms)
✔ locked editing disables the rule group and new rules display only read by default (0.622959ms)
✔ empty review states explicitly revoke business scope and change summaries show all four counts (0.450209ms)
✔ a repeated group click closes its links and opening another replaces it (0.409084ms)
✔ detail routes and settings select their original group without prefix collisions (0.211167ms)
✔ collapsed navigation hides its links; opening API exposes actual entries and current page (163.662459ms)
✔ settings remain reachable in platform governance (3.000291ms)
✔ the signed-in root page highlights the organization list it actually renders (2.20775ms)
✔ workbench navigation opens the dashboard while root keeps organization selection (2.35475ms)
✔ provider discovery is same origin and never automatically redirects (14.117084ms)
✔ failed provider read exposes retry error independently of local login (0.488834ms)
✔ start uses same origin native POST hidden CSRF and only controlled parameters (0.736292ms)
✔ completion restores identity then CSRF before navigation and does not navigate after failed restore (4.126625ms)
✔ error and return path accept only approved values (0.448ms)
✔ late result cannot replace another provider (2.058292ms)
✔ revision conflict retains draft and requires explicit review (0.153834ms)
✔ revoked authority clears references and late responses (0.092542ms)
✔ unrelated business scopes do not remount platform identity but SSO authority changes do (0.185ms)
✔ historical failed expired and future tests cannot enable a source (2.096083ms)
✔ retry semantics separate operations and preserve equivalent request ordering (0.198583ms)
✔ dirty navigation needs explicit discard decision (0.081708ms)
✔ provider native form accepts the same names and secret aliases as the API (0.449083ms)
✔ a completed mutation releases its own busy gate after detail epoch advances (0.333792ms)
✔ SSO user payload only explicit identity fields never password or roles (0.673208ms)
✔ binding subject remains case sensitive and only disabled SSO users with dual permissions can edit (0.127291ms)
✔ an alert rule editor has a labelled focusable fallback while its save controls are blocked (253.45725ms)
✔ preservesDraftOn412 (1.761542ms)
✔ sameSemanticRetryKeepsIdempotencyKey (0.229417ms)
✔ secretKeepDoesNotSendPlaceholder (0.539209ms)
✔ revokeClearsDraftAndLateResponseCannotRestoreIt (0.092792ms)
✔ dirtyNavigationRequiresExplicitDiscard (0.055625ms)
✔ notificationStructuralTestNeverClaimsDelivery (0.107625ms)
✔ lateRouteDefaultDoesNotOverwriteInput (0.044292ms)
✔ conflictRequiresFreshReadBeforeAdoptingRevision (0.065334ms)
✔ OriginsDraftKeepsNewlinesUntilCommandBoundary (0.25475ms)
✔ PlatformSettingsShellDoesNotRemountForUnrelatedAuthority (0.130917ms)
WebSocket server error: Port 24678 is already in use
✔ a denied workbench shows no resource detail links or invented zero counts (272.549833ms)
✔ workbench renders scoped counts, partial coverage and real detail links without claiming all pending tasks (4.689375ms)
✔ missing request counts cannot create a Top API ranking and Trace sampling is not called request sampling (2.427917ms)
✔ workbench uses project API total and current environment 24h metrics with top API ranking (11.436791ms)
✔ workbench checks project API permission independently from environment and skips denied reads (0.282ms)
✔ no workspace cannot trigger global or empty-id reads (0.122541ms)
✔ one failing source does not erase successful modules and HTTP access loss clears its data (40.171834ms)
✔ an aborted scope request cannot publish late results even if transport ignores abort (0.181167ms)
✔ missing, stale, unavailable and non-finite metrics cannot become healthy-looking numbers (0.111584ms)
ℹ tests 174
ℹ suites 0
ℹ pass 174
ℹ fail 0
ℹ cancelled 0
ℹ skipped 0
ℹ todo 0
ℹ duration_ms 666.702958
$ tsc --noEmit && vite build
vite v6.4.2 building for production...
transforming...
✓ 6348 modules transformed.
rendering chunks...
computing gzip size...
dist/index.html                   0.38 kB │ gzip:   0.30 kB
dist/assets/index-NdLvJlgI.css   41.08 kB │ gzip:   8.74 kB
dist/assets/index--fKcWxHu.js   580.08 kB │ gzip: 176.79 kB

(!) Some chunks are larger than 500 kB after minification. Consider:
- Using dynamic import() to code-split the application
- Use build.rollupOptions.output.manualChunks to improve chunking: https://rollupjs.org/configuration-options/#output-manualchunks
- Adjust chunk size limit for this warning via build.chunkSizeWarningLimit.
✓ built in 2.17s

WEBAPI_EXIT 0
