WEBAPI_FIXED_SOURCE c1c271555e3a125d22184697c17320c94a4db07c
 Network webapi-contracts-test-9a5ef049-efa9-428f-ae3d-7a67d1f9b461_default Creating 
 Network webapi-contracts-test-9a5ef049-efa9-428f-ae3d-7a67d1f9b461_default Created 
 Volume webapi-contracts-test-9a5ef049-efa9-428f-ae3d-7a67d1f9b461_pg-test Creating 
 Volume webapi-contracts-test-9a5ef049-efa9-428f-ae3d-7a67d1f9b461_pg-test Created 
 Container webapi-contracts-test-9a5ef049-efa9-428f-ae3d-7a67d1f9b461-postgres-1 Creating 
 Container webapi-contracts-test-9a5ef049-efa9-428f-ae3d-7a67d1f9b461-redis-1 Creating 
 Container webapi-contracts-test-9a5ef049-efa9-428f-ae3d-7a67d1f9b461-postgres-1 Created 
 Container webapi-contracts-test-9a5ef049-efa9-428f-ae3d-7a67d1f9b461-redis-1 Created 
 Container webapi-contracts-test-9a5ef049-efa9-428f-ae3d-7a67d1f9b461-postgres-1 Starting 
 Container webapi-contracts-test-9a5ef049-efa9-428f-ae3d-7a67d1f9b461-redis-1 Starting 
 Container webapi-contracts-test-9a5ef049-efa9-428f-ae3d-7a67d1f9b461-redis-1 Started 
 Container webapi-contracts-test-9a5ef049-efa9-428f-ae3d-7a67d1f9b461-postgres-1 Started 
 Container webapi-contracts-test-9a5ef049-efa9-428f-ae3d-7a67d1f9b461-redis-1 Waiting 
 Container webapi-contracts-test-9a5ef049-efa9-428f-ae3d-7a67d1f9b461-postgres-1 Waiting 
 Container webapi-contracts-test-9a5ef049-efa9-428f-ae3d-7a67d1f9b461-redis-1 Healthy 
 Container webapi-contracts-test-9a5ef049-efa9-428f-ae3d-7a67d1f9b461-postgres-1 Healthy 
 Volume webapi-contracts-test-9a5ef049-efa9-428f-ae3d-7a67d1f9b461_nuget-test Creating 
 Volume webapi-contracts-test-9a5ef049-efa9-428f-ae3d-7a67d1f9b461_nuget-test Created 
 Container webapi-contracts-test-9a5ef049-efa9-428f-ae3d-7a67d1f9b461-sdk-run-6fb71baeb4a1 Creating 
 Container webapi-contracts-test-9a5ef049-efa9-428f-ae3d-7a67d1f9b461-sdk-run-6fb71baeb4a1 Created 
  Determining projects to restore...
  Restored /test-src/third_party/json-everything/src/Json.More/Json.More.csproj (in 36 ms).
  Restored /test-src/src/WebApi.TestBackend/WebApi.TestBackend.csproj (in 37 ms).
  Restored /test-src/src/WebApi.Domain/WebApi.Domain.csproj (in 40 ms).
  Restored /test-src/src/WebApi.Contracts/WebApi.Contracts.csproj (in 36 ms).
  Restored /test-src/src/WebApi.ConsoleHost/WebApi.ConsoleHost.csproj (in 1.15 sec).
  Restored /test-src/tests/WebApi.EndToEnd.Tests/WebApi.EndToEnd.Tests.csproj (in 1.16 sec).
  Restored /test-src/third_party/json-everything/src/JsonPointer/JsonPointer.csproj (in 2.14 sec).
  Restored /test-src/third_party/json-everything/src/JsonSchema/JsonSchema.csproj (in 2.14 sec).
  Restored /test-src/src/WebApi.ControlPlane/WebApi.ControlPlane.csproj (in 3.36 sec).
  Restored /test-src/src/WebApi.Worker/WebApi.Worker.csproj (in 3.36 sec).
  Restored /test-src/src/WebApi.Gateway/WebApi.Gateway.csproj (in 3.36 sec).
  Restored /test-src/tests/WebApi.Domain.Tests/WebApi.Domain.Tests.csproj (in 3.36 sec).
  Restored /test-src/tests/WebApi.Gateway.Tests/WebApi.Gateway.Tests.csproj (in 3.36 sec).
  Restored /test-src/src/WebApi.Migrator/WebApi.Migrator.csproj (in 3.36 sec).
  Restored /test-src/tests/WebApi.TestSupport/WebApi.TestSupport.csproj (in 3.36 sec).
  Restored /test-src/tests/WebApi.Integration.Tests/WebApi.Integration.Tests.csproj (in 3.37 sec).
  Restored /test-src/src/WebApi.Infrastructure/WebApi.Infrastructure.csproj (in 3.38 sec).
  Determining projects to restore...
  Restored /test-src/src/WebApi.RuntimeTool/WebApi.RuntimeTool.csproj (in 92 ms).
  6 of 7 projects are up-to-date for restore.
  Json.More -> /runtime-tool/Json.More.dll
  WebApi.Contracts -> /runtime-tool/WebApi.Contracts.dll
  JsonPointer -> /runtime-tool/JsonPointer.Net.dll
  WebApi.Domain -> /runtime-tool/WebApi.Domain.dll
  JsonSchema -> /runtime-tool/JsonSchema.Net.dll
  WebApi.Infrastructure -> /runtime-tool/WebApi.Infrastructure.dll
  WebApi.RuntimeTool -> /runtime-tool/WebApi.RuntimeTool.dll

Build succeeded.
    0 Warning(s)
    0 Error(s)

Time Elapsed 00:00:05.91
  Json.More -> /test-src/third_party/json-everything/src/Json.More/bin/Release/net10.0/Json.More.dll
  WebApi.Contracts -> /test-src/src/WebApi.Contracts/bin/Release/net10.0/WebApi.Contracts.dll
  JsonPointer -> /test-src/third_party/json-everything/src/JsonPointer/bin/Release/net10.0/JsonPointer.Net.dll
  WebApi.Domain -> /test-src/src/WebApi.Domain/bin/Release/net10.0/WebApi.Domain.dll
  WebApi.ConsoleHost -> /test-src/src/WebApi.ConsoleHost/bin/Release/net10.0/WebApi.ConsoleHost.dll
  JsonSchema -> /test-src/third_party/json-everything/src/JsonSchema/bin/Release/net10.0/JsonSchema.Net.dll
  WebApi.Infrastructure -> /test-src/src/WebApi.Infrastructure/bin/Release/net10.0/WebApi.Infrastructure.dll
  WebApi.Worker -> /test-src/src/WebApi.Worker/bin/Release/net10.0/WebApi.Worker.dll
  WebApi.Migrator -> /test-src/src/WebApi.Migrator/bin/Release/net10.0/WebApi.Migrator.dll
  WebApi.ControlPlane -> /test-src/src/WebApi.ControlPlane/bin/Release/net10.0/WebApi.ControlPlane.dll
  WebApi.TestSupport -> /test-src/tests/WebApi.TestSupport/bin/Release/net10.0/WebApi.TestSupport.dll
  WebApi.Integration.Tests -> /test-src/tests/WebApi.Integration.Tests/bin/Release/net10.0/WebApi.Integration.Tests.dll
Test run for /test-src/tests/WebApi.Integration.Tests/bin/Release/net10.0/WebApi.Integration.Tests.dll (.NETCoreApp,Version=v10.0)
A total of 1 test files matched the specified pattern.
/test-src/tests/WebApi.Integration.Tests/bin/Release/net10.0/WebApi.Integration.Tests.dll
[xUnit.net 00:00:00.00] xUnit.net VSTest Adapter v3.1.5+1b188a7b0a (64-bit .NET 10.0.12)
[xUnit.net 00:00:00.04]   Discovering: WebApi.Integration.Tests
[xUnit.net 00:00:00.08]   Discovered:  WebApi.Integration.Tests
[xUnit.net 00:00:00.11]   Starting:    WebApi.Integration.Tests
  Passed WebApi.Integration.Tests.ComparisonExportTests.CsvGuardHandlesLeadingWhitespaceAndControlCharacters(prefix: "-") [18 ms]
  Passed WebApi.Integration.Tests.ComparisonExportTests.CsvGuardHandlesLeadingWhitespaceAndControlCharacters(prefix: "=") [< 1 ms]
  Passed WebApi.Integration.Tests.ComparisonExportTests.CsvGuardHandlesLeadingWhitespaceAndControlCharacters(prefix: "@") [< 1 ms]
  Passed WebApi.Integration.Tests.ComparisonExportTests.CsvGuardHandlesLeadingWhitespaceAndControlCharacters(prefix: "+") [< 1 ms]
  Passed WebApi.Integration.Tests.OidcConsoleHostTests.ConsoleHostForwardsOnlyOidcCallbacksAndCompletionStaysSpa [195 ms]
  Passed WebApi.Integration.Tests.BootstrapTests.InitializationRequiresExplicitSecret [6 s]
  Passed WebApi.Integration.Tests.AlertActionTests.SilenceAckThenExpiryRestoresAck [6 s]
  Passed WebApi.Integration.Tests.JwtApplicationBindingTests.FrozenMappingUnaffectedByLaterEdits [6 s]
  Passed WebApi.Integration.Tests.SystemSettingsPersistenceTests.ForeignKeyRejectsUnknownActor [6 s]
  Passed WebApi.Integration.Tests.ImportSourcePolicyTests.ForeignProjectIsInvisibleAndInvalidRulesDoNotWrite [6 s]
  Passed WebApi.Integration.Tests.SsoAttemptCleanupTests.CleanupCannotDeleteCurrentAttemptsOrAuditAndBatchIsBounded [6 s]
  Passed WebApi.Integration.Tests.PolicyObservationTests.PartialSourceKeepsNullPolicyKpi [6 s]
  Passed WebApi.Integration.Tests.PolicyObservationTests.TwoDecisionsBoundedAndOldLogsReadable [3 ms]
  Passed WebApi.Integration.Tests.PolicyObservationTests.ForeignPolicyAndUnknownDecisionRejectedWithoutLosingOldTraceSpan [1 ms]
  Passed WebApi.Integration.Tests.ContractManagementMigrationTests.MigrationAddsOnlyThreeTablesAndKeepsEveryExistingRowByteEquivalent [6 s]
  Passed WebApi.Integration.Tests.ObservationTraceTests.SameTraceIdAcrossEnvironmentsDoesNotLeak [6 s]
  Passed WebApi.Integration.Tests.ImportAndCredentialTests.LocalPathItemReferenceCanBeImported [6 s]
  Passed WebApi.Integration.Tests.ComparisonSourceSnapshotTests.ComparisonApiFailsClosedWhenItsChildCannotStart [6 s]
  Passed WebApi.Integration.Tests.PolicyDeletionTests.EveryFrozenInProgressStateProtectsDeletion(state: "Ready", releaseType: "publish") [6 s]
  Passed WebApi.Integration.Tests.ApprovalTests.DraftPreviewSupportsReviewWithoutFreezingOrLeakingCredentials [6 s]
  Passed WebApi.Integration.Tests.AlertEvaluationTests.ReclaimedTokenRejectsOldResultAndOnlyNewWorkerCommits [6 s]
  Passed WebApi.Integration.Tests.ComparisonExportTests.ExportsNeverRevealExamplesOrRawDocument [6 s]
  Passed WebApi.Integration.Tests.SystemSettingsAuditExportTests.ExportByteLimitDoesNotCutRows [6 s]
  Passed WebApi.Integration.Tests.SsoLoginAttemptTests.ChangedRevisionAndExpiredAttemptCannotRedeem(change: "name") [6 s]
  Passed WebApi.Integration.Tests.PolicyNodeCapabilityTests.WorkerRechecksCapability [8 s]
  Passed WebApi.Integration.Tests.BootstrapTests.PermissionCatalogIsExplicitAndMatchesSourceRoles [5 s]
  Passed WebApi.Integration.Tests.ObservationTraceTests.MetricsPermissionDoesNotGrantTrace [4 s]
  Passed WebApi.Integration.Tests.SsoLoginAttemptTests.ChangedRevisionAndExpiredAttemptCannotRedeem(change: "expired") [4 s]
  Passed WebApi.Integration.Tests.JwtApplicationBindingTests.CorruptProtectedSnapshotBlocksDeletionWithoutDisclosure [5 s]
  Passed WebApi.Integration.Tests.PolicyNodeCapabilityTests.ExcessiveSchemasRejectedAndHeartbeatRefreshesCurrentInstance [3 s]
  Passed WebApi.Integration.Tests.ContractCompletionReviewRegressionTests.EditingImportedResponseScopeCannotHideConflictWithFixedSource(selector: "2XX", status: 200) [5 s]
  Passed WebApi.Integration.Tests.PolicyObservationTests.PolicyMetricsRequireRealSeriesAndStayEnvironmentScoped [5 s]
  Passed WebApi.Integration.Tests.AlertActionTests.ResolvedCannotReopen [5 s]
  Passed WebApi.Integration.Tests.ApprovalTests.OnePersonCannotFillTwoSteps [4 s]
  Passed WebApi.Integration.Tests.SsoAttemptCleanupTests.CancelledCleanupDoesNotChangeRecords [5 s]
  Passed WebApi.Integration.Tests.ComparisonEngineUpgradeTests.FrozenV1WorkerBuildSurvivesEngineUpgrade [4 s]
  Passed WebApi.Integration.Tests.ImportSourcePolicyTests.UnicodePrefixAndOriginAreStoredCanonicallyWithoutIncreasingLimits [5 s]
  Passed WebApi.Integration.Tests.SystemSettingsAuditExportTests.ExportRevocationOrDisableBeforeAdmissionDropsBuffer(revoke: False) [4 s]
  Passed WebApi.Integration.Tests.PolicyDeletionTests.EveryFrozenInProgressStateProtectsDeletion(state: "Publishing", releaseType: "publish") [5 s]
  Passed WebApi.Integration.Tests.ImportAndCredentialTests.ValidRecursiveComponentPersistsWithoutExpansion [5 s]
  Passed WebApi.Integration.Tests.ComparisonSourceSnapshotTests.StrictComparisonModeIsFrozenAndRemainsCurrent [5 s]
  Passed WebApi.Integration.Tests.SystemSettingsPersistenceTests.MigrationCreatesEmptyConstrainedTable [5 s]
  Passed WebApi.Integration.Tests.AlertEvaluationTests.WideRuleSeedsNewEnvironmentBeforeAnyOccurrenceExists [10 s]
  Passed WebApi.Integration.Tests.AlertActionTests.FreshObservationDoesNotInvalidateLifecycleCommandVersion [5 s]
  Passed WebApi.Integration.Tests.JwtApplicationBindingTests.ForeignAndUnreadableMappingReturnsUniformError [5 s]
  Passed WebApi.Integration.Tests.SsoLoginAttemptTests.ChangedRevisionAndExpiredAttemptCannotRedeem(change: "disabled") [5 s]
  Passed WebApi.Integration.Tests.ComparisonSourceSnapshotTests.UnregisteredComparisonFormatModeIsRejectedWithoutEvidenceWrite [5 s]
  Passed WebApi.Integration.Tests.PolicyDeletionTests.EveryFrozenInProgressStateProtectsDeletion(state: "Draft", releaseType: "rollback") [5 s]
  Passed WebApi.Integration.Tests.OidcProtocolTests.CallbackRejectsInvalidProtocolBeforeCookie(failure: "mappingType") [5 s]
  Passed WebApi.Integration.Tests.ApprovalTests.ApplicantCannotApprove [5 s]
  Passed WebApi.Integration.Tests.ImportSourcePolicyTests.FirstSaveRequiresRevisionZeroAndConcurrentUpdateHasOneWinner [5 s]
  Passed WebApi.Integration.Tests.ImportAndCredentialTests.MissingExternalOrLocalReferencesAreExplicitlyRejected(reference: "https://untrusted.example/schema") [5 s]
  Passed WebApi.Integration.Tests.ObservationTraceTests.FirstLossAndCollectorDownstreamFailureCannotClaimComplete(collector: False) [5 s]
  Passed WebApi.Integration.Tests.ContractCompletionReviewRegressionTests.EditingImportedResponseScopeCannotHideConflictWithFixedSource(selector: "200", status: null) [5 s]
  Passed WebApi.Integration.Tests.ComparisonEngineUpgradeTests.LegacyNewReviewAndUnsubmittedEvidenceAreStale [5 s]
  Passed WebApi.Integration.Tests.SystemSettingsAuditExportTests.ExportRevocationOrDisableBeforeAdmissionDropsBuffer(revoke: True) [5 s]
  Passed WebApi.Integration.Tests.SystemSettingsPersistenceTests.DatabaseFailureDoesNotBecomeDefaults [5 s]
  Passed WebApi.Integration.Tests.BootstrapTests.ExplicitBootstrapIsIdempotentAndStoresPasswordHash [6 s]
  Passed WebApi.Integration.Tests.PolicyObservationTests.LokiAndCsvReturnScopedPolicyDecisions [5 s]
  Passed WebApi.Integration.Tests.PolicyNodeCapabilityTests.RollbackAndRetryUseTargetSchema [10 s]
  Passed WebApi.Integration.Tests.PolicyNodeCapabilityTests.MetadataFieldsPreserved [< 1 ms]
  Passed WebApi.Integration.Tests.PolicyNodeCapabilityTests.MissingCapabilityMeansOnlyTwoPointZero [< 1 ms]
  Passed WebApi.Integration.Tests.ApprovalTests.RoleRevokedImmediatelyBeforeApprovalBlocksWrite [5 s]
  Passed WebApi.Integration.Tests.ComparisonSourceSnapshotTests.SavedIndependentMaintenanceSupportsAnotherSaveAndValidation [5 s]
  Passed WebApi.Integration.Tests.AlertActionTests.EvaluationHelperReacquiresAnExpiredSlot [5 s]
  Passed WebApi.Integration.Tests.SsoLoginAttemptTests.ChangedRevisionAndExpiredAttemptCannotRedeem(change: "default") [5 s]
  Passed WebApi.Integration.Tests.ContractCompletionReviewRegressionTests.ImportedResponseSelectorsKeepRangesAndDefaultDistinct(withDefault: False) [5 s]
  Passed WebApi.Integration.Tests.ObservationTraceTests.FirstLossAndCollectorDownstreamFailureCannotClaimComplete(collector: True) [5 s]
  Passed WebApi.Integration.Tests.SystemSettingsPersistenceTests.DefaultsDoNotCreateRows [5 s]
  Passed WebApi.Integration.Tests.PolicyDeletionTests.EveryFrozenInProgressStateProtectsDeletion(state: "Building", releaseType: "publish") [5 s]
  Passed WebApi.Integration.Tests.ImportSourcePolicyTests.ReadOnlyScopeAndRevokedPermissionCannotSave [5 s]
  Passed WebApi.Integration.Tests.AlertEvaluationTests.RenameDuringQueryReleasesObsoleteLeaseWithoutResettingPending [5 s]
  Passed WebApi.Integration.Tests.ComparisonEngineUpgradeTests.FrozenCompatibilityNeverBypassesActualProtection(mutation: "candidate_reference") [5 s]
  Passed WebApi.Integration.Tests.ObservationMetricsTests.MiddleCollectionGapCannotClaimCompleteEvenWithFreshEndpoints [5 s]
  Passed WebApi.Integration.Tests.SystemSettingsAuditExportTests.ExportMatchesListScopeUnion [5 s]
  Passed WebApi.Integration.Tests.JwtApplicationBindingTests.MappedZeroGrantApplicationIsFrozenAndRevisionRequired [5 s]
  Passed WebApi.Integration.Tests.GovernanceTests.AuditFiltersByExactTraceAndResourceWithinAuthorizedQuery [5 s]
  Passed WebApi.Integration.Tests.OidcProtocolTests.CallbackRejectsInvalidProtocolBeforeCookie(failure: "nonce") [5 s]
  Passed WebApi.Integration.Tests.ImportAndCredentialTests.MissingExternalOrLocalReferencesAreExplicitlyRejected(reference: "#/components/schemas/Missing") [5 s]
  Passed WebApi.Integration.Tests.SystemSettingsPersistenceTests.InvalidKeyAndRevisionRejected(key: "system.security", revision: 0) [6 s]
  Passed WebApi.Integration.Tests.PolicyDeletionTests.EveryFrozenInProgressStateProtectsDeletion(state: "WaitingApproval", releaseType: "publish") [6 s]
  Passed WebApi.Integration.Tests.OidcProtocolTests.CallbackRejectsInvalidProtocolBeforeCookie(failure: "aud") [6 s]
  Passed WebApi.Integration.Tests.SystemSettingsAuditExportTests.ExportRequiresPermissionAndEnabledFlag [6 s]
  Passed WebApi.Integration.Tests.ApprovalTests.RepeatedRejectOrCancelCannotRestoreReady [6 s]
  Passed WebApi.Integration.Tests.ObservationTraceTests.SpanTimesRemainReal [6 s]
  Passed WebApi.Integration.Tests.SsoLoginAttemptTests.AttemptClaimHasOneWinnerAndSurvivesNewCoordinator [6 s]
  Passed WebApi.Integration.Tests.ComparisonEngineUpgradeTests.FrozenCompatibilityNeverBypassesActualProtection(mutation: "input_bytes") [6 s]
  Passed WebApi.Integration.Tests.ImportAndCredentialTests.SecretOnlyReturnedOnce [6 s]
  Passed WebApi.Integration.Tests.SsoProviderCommandTests.GovernanceRequiresRealPlatformAuthority [6 s]
  Passed WebApi.Integration.Tests.PolicyNodeCapabilityTests.RetryOfAdvancedArtifactRequiresCapabilities [6 s]
  Passed WebApi.Integration.Tests.AlertActionTests.ExpiryWorkerRunsWhileMetricEvaluationIsActuallyBlocked [6 s]
  Passed WebApi.Integration.Tests.ComparisonSourceSnapshotTests.NewEvidenceStoresImmutableSourcesAndRawInputDigest [6 s]
  Passed WebApi.Integration.Tests.GovernanceTests.LastActivePlatformAdminProtected [6 s]
  Passed WebApi.Integration.Tests.ObservationMetricsTests.HistogramBucketsMergeBeforeQuantile [6 s]
  Passed WebApi.Integration.Tests.JwtApplicationBindingTests.RuntimeMappedApplicationIsProtectedAndBaselineRetained(desired: False) [6 s]
  Passed WebApi.Integration.Tests.ContractCompletionReviewRegressionTests.ImportedResponseSelectorsKeepRangesAndDefaultDistinct(withDefault: True) [6 s]
  Passed WebApi.Integration.Tests.AlertEvaluationTests.ScopePauseDoesNotEraseManualSuppression [13 s]
  Passed WebApi.Integration.Tests.ImportAndCredentialTests.LocalReferencesBodyAndMultipleResponsesPersist [6 s]
  Passed WebApi.Integration.Tests.ObservationMetricsTests.MissingNodeMakesPartialNotZero [6 s]
  Passed WebApi.Integration.Tests.SystemSettingsPersistenceTests.InvalidKeyAndRevisionRejected(key: "system.other", revision: 1) [6 s]
  Passed WebApi.Integration.Tests.SsoLoginAttemptTests.BeginRejectsUnsafePathsAndDisabledSourcesAndFailStoresOnlySafeCode [6 s]
  Passed WebApi.Integration.Tests.ComparisonEngineUpgradeTests.FrozenCompatibilityNeverBypassesActualProtection(mutation: "permission") [6 s]
  Passed WebApi.Integration.Tests.PolicyNodeCapabilityTests.UnsupportedCurrentInstanceCannotAcknowledgeAdvancedSuccess [6 s]
  Passed WebApi.Integration.Tests.GovernanceTests.ReadonlyScopeCannotWrite [6 s]
  Passed WebApi.Integration.Tests.ApprovalTests.ApprovalPolicyDoesNotChangeAfterSubmission [6 s]
  Passed WebApi.Integration.Tests.SsoProviderCommandTests.ExplicitSecretRotationInvalidatesAuthRevisionWithoutRenamingOrChangingReference [6 s]
  Passed WebApi.Integration.Tests.JwtApplicationBindingTests.RuntimeMappedApplicationIsProtectedAndBaselineRetained(desired: True) [6 s]
  Passed WebApi.Integration.Tests.OidcProtocolTests.CallbackRejectsInvalidProtocolBeforeCookie(failure: "none") [6 s]
  Passed WebApi.Integration.Tests.AlertActionTests.ForeignEnvironmentIsHiddenAndFiltersUseFrozenScope [6 s]
  Passed WebApi.Integration.Tests.ObservationTraceTests.ProviderCapIsExplicitWithoutUnsafeCursor [6 s]
  Passed WebApi.Integration.Tests.SsoSessionRevocationTests.UserAndBindingRevocationAreReadFromDatabase(kind: "user") [6 s]
  Passed WebApi.Integration.Tests.ContractCompletionReviewRegressionTests.MetadataOnlyEditPreservesFixedExternalPackageAndClippedOperation(fullEditor: False) [6 s]
  Passed WebApi.Integration.Tests.SystemSettingsAuditExportTests.ExportHasStableUpperIdAndLimits [8 s]
  Passed WebApi.Integration.Tests.PolicyDeletionTests.HistoryOnlyDeletionStillAllowsRollback [12 s]
  Passed WebApi.Integration.Tests.AlertRuleTests.WideScopePreviewIncludesFutureEnvironmentPolicy [4 s]
  Passed WebApi.Integration.Tests.ContractCompletionReviewRegressionTests.MetadataOnlyEditPreservesFixedExternalPackageAndClippedOperation(fullEditor: True) [5 s]
  Passed WebApi.Integration.Tests.ObservationTraceTests.MissingTraceCursorKeyReportsTraceSourceFailure [5 s]
  Passed WebApi.Integration.Tests.SystemSettingsPersistenceTests.SavedValuesSurviveNewServiceScope [5 s]
  Passed WebApi.Integration.Tests.OidcProtocolTests.CallbackRejectsInvalidProtocolBeforeCookie(failure: "signature") [5 s]
  Passed WebApi.Integration.Tests.SsoSessionRevocationTests.UserAndBindingRevocationAreReadFromDatabase(kind: "binding") [5 s]
  Passed WebApi.Integration.Tests.PolicyNodeCapabilityTests.ReregisterDoesNotInheritOldInstanceCapability [5 s]
  Passed WebApi.Integration.Tests.GovernanceTests.EmailUsernameCanBeCreatedAndAuthenticated [5 s]
  Passed WebApi.Integration.Tests.ImportAndCredentialTests.BatchImportIsAtomic [6 s]
  Passed WebApi.Integration.Tests.SsoProviderCommandTests.DefaultRaceAndReplayAreAtomic [5 s]
  Passed WebApi.Integration.Tests.ApprovalTests.CandidateDoesNotChangeAfterSubmit [5 s]
  Passed WebApi.Integration.Tests.JwtApplicationBindingTests.CopyRevalidatesDestinationScope [5 s]
  Passed WebApi.Integration.Tests.AlertActionTests.RelativeSilenceIncludesExactCommitBoundaries(seconds: 900) [5 s]
  Passed WebApi.Integration.Tests.ObservationMetricsTests.FilteredResourceDoesNotAttributeUnrelatedEnvironmentBackendHealth(kind: "app") [6 s]
  Passed WebApi.Integration.Tests.IdempotencyTests.TwoConcurrentSameKeysReturnOneCommittedResult [6 s]
  Passed WebApi.Integration.Tests.ComparisonEngineUpgradeTests.FrozenCompatibilityNeverBypassesActualProtection(mutation: "revision") [6 s]
  Passed WebApi.Integration.Tests.AlertEvaluationTests.RestartAndSourceFailureDoNotDuplicateOrRecoverFiringEvent [13 s]
  Passed WebApi.Integration.Tests.ContractCompletionReviewRegressionTests.UnknownKeywordsSurviveWholeDefinitionSaveButRemainSemanticallyIncomplete(mode: "modified") [7 s]
  Passed WebApi.Integration.Tests.ObservationMetricsTests.FilteredResourceDoesNotAttributeUnrelatedEnvironmentBackendHealth(kind: "api") [7 s]
  Passed WebApi.Integration.Tests.AlertActionTests.RelativeSilenceIncludesExactCommitBoundaries(seconds: 86400) [7 s]
  Passed WebApi.Integration.Tests.PolicyDeletionTests.DesiredAndActuallyAppliedSnapshotsProtectDeletion(desired: False) [7 s]
  Passed WebApi.Integration.Tests.GovernanceTests.CrossOrganizationReadIsHidden [7 s]
  Passed WebApi.Integration.Tests.IdempotencyTests.ImportRetryIsPersistedAndCannotBypassRevokedScope [7 s]
  Passed WebApi.Integration.Tests.PolicyNodeCapabilityTests.FutureSchemasRejected(schema: "") [7 s]
  Passed WebApi.Integration.Tests.JwtApplicationBindingTests.DeleteMappedApplicationIsProtected(frozenOnly: True) [7 s]
  Passed WebApi.Integration.Tests.PolicyManagementTests.CopyHasNewIdAndNoBindings [7 s]
  Passed WebApi.Integration.Tests.AlertRuleTests.StoppedWorkerCannotLeaveRuleEvaluationFalselyKnown [7 s]
  Passed WebApi.Integration.Tests.OidcProtocolTests.CallbackRejectsInvalidProtocolBeforeCookie(failure: "jku") [7 s]
  Passed WebApi.Integration.Tests.ObservationTraceTests.InvalidIdAndFilterNeverReachSources [7 s]
  Passed WebApi.Integration.Tests.SsoSessionRevocationTests.AuthRevisionRevokesButNameAndDefaultDoNot(operation: "secret", revoked: True) [7 s]
  Passed WebApi.Integration.Tests.ImportAndCredentialTests.HeaderNamesCaseInsensitiveQueryNamesCaseSensitive [7 s]
  Passed WebApi.Integration.Tests.ComparisonEngineUpgradeTests.FrozenCompatibilityNeverBypassesActualProtection(mutation: "report_bytes") [7 s]
  Passed WebApi.Integration.Tests.CatalogTests.DestinationMustMatchConfiguredNetworkAllowlist(address: "http://user:secret@test-backend:8080/") [7 s]
  Passed WebApi.Integration.Tests.SsoProviderCommandTests.RevokedActorCannotReplayAndClientChangeBumpsAuthRevision [7 s]
  Passed WebApi.Integration.Tests.ObservationMetricsTests.StatusGroupingKeepsRealCountsAndDoesNotInventLatencyByStatus [7 s]
  Passed WebApi.Integration.Tests.GovernanceTests.ActiveReleasePreventsDisablingProjectOrEnvironment(project: True) [7 s]
  Passed WebApi.Integration.Tests.ContractCompletionReviewRegressionTests.UnknownKeywordsSurviveWholeDefinitionSaveButRemainSemanticallyIncomplete(mode: "unchanged") [7 s]
  Passed WebApi.Integration.Tests.AlertActionTests.DuplicateKeyChangesOnlyOnce [7 s]
  Passed WebApi.Integration.Tests.PolicyDeletionTests.DesiredAndActuallyAppliedSnapshotsProtectDeletion(desired: True) [7 s]
  Passed WebApi.Integration.Tests.ObservationTraceTests.MiddleGapCannotClaimCompleteTraceCoverage [7 s]
  Passed WebApi.Integration.Tests.PolicyManagementTests.ProjectCannotEditOrganizationPolicy [7 s]
  Passed WebApi.Integration.Tests.CatalogTests.DestinationMustMatchConfiguredNetworkAllowlist(address: "file:///etc/passwd") [7 s]
  Passed WebApi.Integration.Tests.AlertRuleTests.EnvironmentGrantCannotCreateOrganizationRule [7 s]
  Passed WebApi.Integration.Tests.ImportAndCredentialTests.CredentialWindowRejectsInvalidRange [7 s]
  Passed WebApi.Integration.Tests.SystemSettingsConsumerTests.NewRouteOmittedUsesDefaultAndExplicitWins [7 s]
  Passed WebApi.Integration.Tests.JwtApplicationBindingTests.DeleteMappedApplicationIsProtected(frozenOnly: False) [7 s]
  Passed WebApi.Integration.Tests.PolicyNodeCapabilityTests.FutureSchemasRejected(schema: "9.0") [9 s]
  Passed WebApi.Integration.Tests.SsoProviderCommandTests.BoundIssuerAndClientScopeCannotChange [9 s]
  Passed WebApi.Integration.Tests.ComparisonEngineUpgradeTests.FrozenCompatibilityNeverBypassesActualProtection(mutation: "unknown_engine") [12 s]
  Passed WebApi.Integration.Tests.OidcProtocolTests.CallbackRejectsInvalidProtocolBeforeCookie(failure: "azp") [12 s]
  Passed WebApi.Integration.Tests.SsoSessionRevocationTests.AuthRevisionRevokesButNameAndDefaultDoNot(operation: "name", revoked: False) [12 s]
  Passed WebApi.Integration.Tests.AlertEvaluationTests.ScopePauseKeepsFiringAndRecoveryResolvesAfterReactivation [12 s]
  Passed WebApi.Integration.Tests.ObservationMetricsTests.RegisteredOperationalNodeStatesRemainExpectedCollectors(status: "NotReady") [7 s]
  Passed WebApi.Integration.Tests.AlertActionTests.ReadOnlyScopeCanInspectButCannotOperate [9 s]
  Passed WebApi.Integration.Tests.ImportAndCredentialTests.PreviewDoesNotAuthorizeCommit [8 s]
  Passed WebApi.Integration.Tests.ObservationTraceTests.UnsampledNotFoundDiffersFromSourceFailure [9 s]
  Passed WebApi.Integration.Tests.AlertRuleTests.SourceFailureLiveTestReturnsUnknownWithoutSideEffects [8 s]
  Passed WebApi.Integration.Tests.CatalogTests.DestinationMustMatchConfiguredNetworkAllowlist(address: "http://localhost:8080/") [9 s]
  Passed WebApi.Integration.Tests.PolicyNodeCapabilityTests.OldNodeBlocksAdvancedBeforeDesiredOrSequenceChanges [6 s]
  Passed WebApi.Integration.Tests.SystemSettingsConsumerTests.EditOmittedTimeoutIsRejected [8 s]
  Passed WebApi.Integration.Tests.GovernanceTests.ActiveReleasePreventsDisablingProjectOrEnvironment(project: False) [9 s]
  Passed WebApi.Integration.Tests.SsoProviderCommandTests.NameAndDefaultOnlyChangeRevision [6 s]
  Passed WebApi.Integration.Tests.PolicyManagementTests.ForeignScopeHiddenInDetailsAndTotals [9 s]
  Passed WebApi.Integration.Tests.ContractCompletionReviewRegressionTests.UnknownKeywordsSurviveWholeDefinitionSaveButRemainSemanticallyIncomplete(mode: "new") [9 s]
  Passed WebApi.Integration.Tests.JwtApplicationBindingTests.DeploymentLimitsEnforceHttpIssuerExtraVaryAndEntrySize [8 s]
  Passed WebApi.Integration.Tests.PolicyDeletionTests.ProtectedReferencesBlockDeletionWithoutDisclosure [9 s]
  Passed WebApi.Integration.Tests.ComparisonEngineUpgradeTests.FrozenV1ReleaseSurvivesEngineUpgrade(production: True) [3 s]
  Passed WebApi.Integration.Tests.SsoSessionRevocationTests.AuthRevisionRevokesButNameAndDefaultDoNot(operation: "rotate", revoked: True) [3 s]
  Passed WebApi.Integration.Tests.ObservationMetricsTests.RegisteredOperationalNodeStatesRemainExpectedCollectors(status: "Degraded") [1 s]
  Passed WebApi.Integration.Tests.OidcProtocolTests.CallbackRejectsInvalidProtocolBeforeCookie(failure: "state") [3 s]
  Passed WebApi.Integration.Tests.AlertEvaluationTests.HealthGaugeWithoutBusinessRequestsCanTriggerAndReadonlyTestIsKnown [3 s]
  Passed WebApi.Integration.Tests.SsoPersistenceTests.DefaultConstraintsAreScoped [3 s]
  Passed WebApi.Integration.Tests.SsoPersistenceTests.MigrationPreservesLocalUsers [409 ms]
  Passed WebApi.Integration.Tests.CatalogTests.EditingWorkingRouteLeavesPublishedSnapshotBytesUnchanged [8 s]
  Passed WebApi.Integration.Tests.ObservationMetricsTests.RegisteredOperationalNodeStatesRemainExpectedCollectors(status: "Ready") [8 s]
  Passed WebApi.Integration.Tests.AlertRuleTests.NotificationUrlAndUnsupportedChannelRejected(channel: "https://secret.invalid") [8 s]
  Passed WebApi.Integration.Tests.ObservationTraceTests.MissingScopeSpanOmittedAndPartialMarked [8 s]
  Passed WebApi.Integration.Tests.SsoPublicDiscoveryTests.PublicDtoHasOnlyThreeFieldsAndExplicitOrganizationEntry [8 s]
  Passed WebApi.Integration.Tests.JwtApplicationBindingTests.OrgPolicyCannotBindProjectApplication [8 s]
  Passed WebApi.Integration.Tests.PolicyManagementTests.IdempotentSaveAuditedOnce [8 s]
  Passed WebApi.Integration.Tests.ContractExampleOptionsTests.OversizedExternalExampleIsUnverifiedWithoutExpandingTheResponse [28 ms]
  Passed WebApi.Integration.Tests.SystemSettingsConsumerTests.RouteDefaultsDoesNotExposePlatformSettings [11 s]
  Passed WebApi.Integration.Tests.AlertEvaluationTests.RegisteredNodeStatusCanEvaluateActualRule(status: "NotReady") [11 s]
  Passed WebApi.Integration.Tests.SsoProviderTestTests.TestExpiresAndDoesNotClaimClientOrUserAuthentication [11 s]
  Passed WebApi.Integration.Tests.ImportSessionTests.ExistingVersionIsCheckedAgainAtCommit(change: "sealed") [9 s]
  Passed WebApi.Integration.Tests.ComparisonEngineUpgradeTests.FrozenV1ReleaseSurvivesEngineUpgrade(production: False) [12 s]
  Passed WebApi.Integration.Tests.SsoSessionRevocationTests.AuthRevisionRevokesButNameAndDefaultDoNot(operation: "default", revoked: False) [12 s]
  Passed WebApi.Integration.Tests.GovernanceTests.AuditEndpointSerializesAddressAsSafeString [13 s]
  Passed WebApi.Integration.Tests.SsoProviderCommandTests.DefaultSwitchAuditsBothRowsAndKeepsOrganizationDefaultIndependent [13 s]
  Passed WebApi.Integration.Tests.ContractCompletionReviewRegressionTests.Oas30ReferenceSiblingsAreIgnoredDuringPreviewCommitAndSchemaSave [13 s]
  Passed WebApi.Integration.Tests.PersistenceTests.MigratorRunsTwiceWithoutDataLoss [4 s]
  Passed WebApi.Integration.Tests.OidcProtocolTests.CallbackRejectsInvalidProtocolBeforeCookie(failure: "expired") [13 s]
  Passed WebApi.Integration.Tests.JwtApplicationBindingTests.LegacyRouteEchoPreservesJwtAndExplicitAnonymousChangeRequiresPolicyWrite [7 s]
  Passed WebApi.Integration.Tests.AlertRuleTests.NotificationUrlAndUnsupportedChannelRejected(channel: "SMS") [8 s]
  Passed WebApi.Integration.Tests.AlertActionTests.ResolveSuppressesPersistentTrueUntilRecovery [16 s]
  Passed WebApi.Integration.Tests.CatalogTests.NullNestedInputIsRejectedWithoutVersionChange(resource: "schemas") [8 s]
  Passed WebApi.Integration.Tests.ObservationMetricsTests.CounterResetNeverProducesNegativeRps [8 s]
  Passed WebApi.Integration.Tests.ContractExampleOptionsTests.ImportedMediaAndSchemaExamplesKeepFalsyValuesAndOfflineReferences [7 s]
  Passed WebApi.Integration.Tests.PolicyManagementTests.ReservedNameAndImmutableTypeScope [8 s]
  Passed WebApi.Integration.Tests.RelationalBoundaryTests.ApiProjectMustBelongToOrganization [7 s]
  Passed WebApi.Integration.Tests.AlertEvaluationTests.RegisteredNodeStatusCanEvaluateActualRule(status: "Ready") [9 s]
  Passed WebApi.Integration.Tests.SsoProviderTestTests.EnableRequiresAvailableLocalAdministrator [9 s]
  Passed WebApi.Integration.Tests.PersistenceTests.DuplicateApiVersionRejected [7 s]
  Passed WebApi.Integration.Tests.SystemSettingsConsumerTests.NewUserUsesPolicyAndOldLoginStillWorks(complexity: "UpperLowerDigitSpecial") [9 s]
  Passed WebApi.Integration.Tests.SsoSessionRevocationTests.SecondControlPlaneSeesRevocationFromDatabaseAndLocalTicketDoesNotSlide [9 s]
  Passed WebApi.Integration.Tests.ImportSessionTests.ExistingVersionIsCheckedAgainAtCommit(change: "permission") [9 s]
  Passed WebApi.Integration.Tests.OidcProtocolTests.CallbackRejectsInvalidProtocolBeforeCookie(failure: "unknownKid") [9 s]
  Passed WebApi.Integration.Tests.ComparisonEngineUpgradeTests.RulesCatalogRequiresLoginAndContainsNoBusinessData [9 s]
  Passed WebApi.Integration.Tests.CatalogTests.NullNestedInputIsRejectedWithoutVersionChange(resource: "parameters") [6 s]
  Passed WebApi.Integration.Tests.SsoIdentityAdmissionTests.ClaimsOnlySynchronizePresentProfileStringsAndReadActualTtl [9 s]
  Passed WebApi.Integration.Tests.GovernanceTests.StaleETagReturns412 [9 s]
  Passed WebApi.Integration.Tests.PolicyManagementTests.Etag428And412 [6 s]
  Passed WebApi.Integration.Tests.PersistenceTests.SnapshotRawBytesRoundTrip [2 s]
  Passed WebApi.Integration.Tests.LocalAdministratorGuardTests.LastLocalAdminIsProtectedEvenWithSsoAdmin [6 s]
  Passed WebApi.Integration.Tests.SystemSettingsConsumerTests.NewUserUsesPolicyAndOldLoginStillWorks(complexity: "LettersAndDigits") [2 s]
  Passed WebApi.Integration.Tests.AlertRuleTests.WideRuleDoesNotHideUnknownEnvironment [6 s]
  Passed WebApi.Integration.Tests.ObservationMetricsTests.ProjectAllReturnsOnlyAllowedEnvironments [6 s]
  Passed WebApi.Integration.Tests.SsoProviderTestTests.TestCannotAuthorizeDifferentRevision [2 s]
  Passed WebApi.Integration.Tests.RelationalBoundaryTests.ScopeEnvironmentMustBelongToProject [2 s]
  Passed WebApi.Integration.Tests.PublishTests.DesiredCacheRebuildsFromCommittedDatabase [6 s]
  Passed WebApi.Integration.Tests.AlertEvaluationTests.RegisteredNodeStatusCanEvaluateActualRule(status: "Degraded") [2 s]
  Passed WebApi.Integration.Tests.AlertActionTests.ScopeRevokedAtCommitBlocksAction [6 s]
  Passed WebApi.Integration.Tests.PersistenceTests.FreshDatabaseMigrates [3 s]
  Passed WebApi.Integration.Tests.RelationalBoundaryTests.MethodPathConflictIsRejectedAtomically [3 s]
  Passed WebApi.Integration.Tests.PersistenceTests.GeneratedSqlCanRunTwiceOnFreshDatabase [1 s]
  Passed WebApi.Integration.Tests.ImportSessionTests.ExistingVersionIsCheckedAgainAtCommit(change: "revision") [9 s]
  Passed WebApi.Integration.Tests.LocalAdministratorGuardTests.ConcurrentRemovalKeepsOneAvailableLocalAdministrator [9 s]
  Passed WebApi.Integration.Tests.GovernanceTests.ScopeUnionAllowsEnvironmentWriteWithoutBroadeningOrganizationWrite [9 s]
  Passed WebApi.Integration.Tests.SystemSettingsCommandTests.MissingTagIs428AndCsrfRequired [10 s]
  Passed WebApi.Integration.Tests.OidcProtocolTests.CallbackRejectsInvalidProtocolBeforeCookie(failure: "issuer") [12 s]
  Passed WebApi.Integration.Tests.SsoSessionRevocationTests.DisableAndReenableNeverReviveCookie [12 s]
  Passed WebApi.Integration.Tests.AlertRuleTests.RuleTestDoesNotPersistOrNotify [12 s]
  Passed WebApi.Integration.Tests.ObservationMetricsTests.EnvironmentOnlyGrantCannotReadSiblingMetrics [12 s]
  Passed WebApi.Integration.Tests.SsoIdentityAdmissionTests.UnknownIdentityAndOrganizationMismatchDenyAdmission(scenario: "disabledBinding") [12 s]
  Passed WebApi.Integration.Tests.AlertActionTests.StoppedEvaluationShowsUnknownWithoutErasingLastObservationFact [12 s]
  Passed WebApi.Integration.Tests.AlertEvaluationTests.ConcurrentLeaseHelperReacquiresAnExpiredSlot [12 s]
  Passed WebApi.Integration.Tests.CatalogTests.ForeignClusterBindingRejected [12 s]
  Passed WebApi.Integration.Tests.SystemSettingsConsumerTests.LoginAndDisableShareConsistentLockOrder [12 s]
  Passed WebApi.Integration.Tests.ImportSessionTests.ExistingVersionIsCheckedAgainAtCommit(change: "foreign") [2 s]
  Passed WebApi.Integration.Tests.VersionContractSourceTests.YamlSourceDownloadHasCorrectMimeAndJsonRepresentation [8 s]
  Passed WebApi.Integration.Tests.AckTests.RuntimeReceiptRejectsInvalidApplicationEvidence(mutation: "release", expected: 409) [7 s]
  Passed WebApi.Integration.Tests.SystemSettingsCommandTests.GroupsAreAtomicAndIndependent [2 s]
  Passed WebApi.Integration.Tests.ComparisonReleaseTests.BaselineEditAfterStartFailsBuildWithoutDesiredVersionAdvance [2 s]
  Passed WebApi.Integration.Tests.PublishTests.PublishPermissionRevokedWhileQueuedStopsDispatch [12 s]
  Passed WebApi.Integration.Tests.GovernanceTests.AuditFailureRollsBackBusinessWrite [2 s]
  Passed WebApi.Integration.Tests.PolicyReleaseTests.PostSubmitEditDoesNotChangeFrozenHash [12 s]
  Passed WebApi.Integration.Tests.AdvancedNodeCapabilityTests.WorkerRechecks22AfterQueueAndPreservesDesired [12 s]
  Passed WebApi.Integration.Tests.AlertRuleTests.LiveTestWorksWithoutMetricsPermissionOrIdempotencyKey [10 s]
  Passed WebApi.Integration.Tests.ObservationMetricsTests.SourceFailureReturns503 [11 s]
  Passed WebApi.Integration.Tests.GovernanceTests.RevokedScopeBlocksExistingSession [10 s]
  Passed WebApi.Integration.Tests.OidcProtocolTests.CallbackRejectsInvalidProtocolBeforeCookie(failure: "HS256") [11 s]
  Passed WebApi.Integration.Tests.AlertActionTests.InvalidReasonsDeadlinesAndStaleRevisionLeaveEventUntouched [11 s]
  Passed WebApi.Integration.Tests.SystemSettingsCommandTests.RevokedActorCannotReplay [11 s]
  Passed WebApi.Integration.Tests.VersionContractSourceTests.ReferencedComponentChangeListsAffectedPointers(change: "rename") [11 s]
  Passed WebApi.Integration.Tests.ComparisonPersistenceTests.MigrationAddsOnlyTwoEmptyTables [11 s]
  Passed WebApi.Integration.Tests.PolicyReleaseTests.MissingPolicyOrRouteRevisionRejected [11 s]
  Passed WebApi.Integration.Tests.SystemSettingsConsumerTests.ImportUsesDefaultOnlyForNewRoutes [11 s]
  Passed WebApi.Integration.Tests.CatalogTests.PublishedVersionImmutable [11 s]
  Passed WebApi.Integration.Tests.SsoIdentityAdmissionTests.UnknownIdentityAndOrganizationMismatchDenyAdmission(scenario: "noScope") [11 s]
  Passed WebApi.Integration.Tests.ImportSessionTests.UnsafeFileNamesAreRejected(name: "schemas/../x.json") [11 s]
  Passed WebApi.Integration.Tests.AdvancedNodeCapabilityTests.Missing22CapabilityDoesNotAdvanceDesiredOrSequence [11 s]
  Passed WebApi.Integration.Tests.AlertEvaluationTests.LeaseExpiredResultCannotCommitAfterDisable [16 s]
  Passed WebApi.Integration.Tests.AckTests.RuntimeReceiptRejectsInvalidApplicationEvidence(mutation: "version", expected: 409) [18 s]
  Passed WebApi.Integration.Tests.AlertRuleTests.LogicChangeResolvesOldOccurrence [7 s]
  Passed WebApi.Integration.Tests.PublishTests.StaleBaselineReturns409 [18 s]
  Passed WebApi.Integration.Tests.ComparisonReleaseTests.ReleaseOnlyReaderCannotReadReviewCommentAndLegacyBytesKeepHash [18 s]
  Passed WebApi.Integration.Tests.SchemaValidationApiTests.InvalidSelectionOrAuthorizationIsRejected(change: "ambiguous") [9 s]
  Passed WebApi.Integration.Tests.OidcProtocolTests.CallbackRejectsInvalidProtocolBeforeCookie(failure: "x5u") [9 s]
  Passed WebApi.Integration.Tests.ImportSessionTests.UnsafeFileNamesAreRejected(name: "schemas\\x.json") [8 s]
  Passed WebApi.Integration.Tests.AlertActionTests.AuditFailureRollsBackEventAndTransition [9 s]
  Passed WebApi.Integration.Tests.VersionContractSourceTests.ReferencedComponentChangeListsAffectedPointers(change: "delete") [9 s]
  Passed WebApi.Integration.Tests.SsoIdentityAdmissionTests.UnknownIdentityAndOrganizationMismatchDenyAdmission(scenario: "issuer") [9 s]
  Passed WebApi.Integration.Tests.ObservationMetricsTests.ProjectAllRevocationRejectsRatherThanReturningEmptySuccess [9 s]
  Passed WebApi.Integration.Tests.ComparisonPersistenceTests.ReportSurvivesNewServiceScopeAndSourceDeletion [9 s]
  Passed WebApi.Integration.Tests.SystemSettingsCommandTests.CommittedReplayAfterTokenExpiryReturnsOriginalWithoutAudit [9 s]
  Passed WebApi.Integration.Tests.PolicyReleaseTests.IncompleteLegacyDraftCanBeReviewedAndExplicitlyRefreshed [9 s]
  Passed WebApi.Integration.Tests.CatalogTests.StaticRouteHasDeterministicPriority [9 s]
  Passed WebApi.Integration.Tests.AdvancedNodeCapabilityTests.SupportedPreviewAndThenSubmitRecheckCurrentInstance [9 s]
  Passed WebApi.Integration.Tests.SystemSettingsConsumerTests.NewLoginUsesTtlButExistingTicketKeepsExpiry [15 s]
  Passed WebApi.Integration.Tests.AlertEvaluationTests.TwoWorkersSameSlotCreateOneEvent [9 s]
  Passed WebApi.Integration.Tests.AckTests.RuntimeReceiptRejectsInvalidApplicationEvidence(mutation: "future-time", expected: 422) [10 s]
  Passed WebApi.Integration.Tests.AlertPersistenceTests.OnlyOneActiveOccurrenceForNullableResourceId [9 s]
  Passed WebApi.Integration.Tests.ComparisonReleaseTests.PublishSealingAloneDoesNotInvalidateAndEvidenceNeverEntersRuntime [10 s]
  Passed WebApi.Integration.Tests.AlertRuleTests.RenamingKeepsLogicRevision [10 s]
  Passed WebApi.Integration.Tests.PublishTests.OnlyOnePublishPerEnvironment [10 s]
  Passed WebApi.Integration.Tests.ImportSessionTests.UnsafeFileNamesAreRejected(name: "../schema.json") [10 s]
  Passed WebApi.Integration.Tests.SchemaValidationApiTests.InvalidSelectionOrAuthorizationIsRejected(change: "draft_flag") [10 s]
  Passed WebApi.Integration.Tests.ObservationMetricsTests.NodeHealthCarriesItsEnvironmentIdentity [10 s]
  Passed WebApi.Integration.Tests.SsoIdentityAdmissionTests.UnknownIdentityAndOrganizationMismatchDenyAdmission(scenario: "unknown") [10 s]
  Passed WebApi.Integration.Tests.ComparisonPersistenceTests.DatabaseRejectsInvalidHashesCoverageAndNullRiskNote [10 s]
  Passed WebApi.Integration.Tests.CatalogTests.ConcurrentMethodPathCreationHasSingleWinner [10 s]
  Passed WebApi.Integration.Tests.AdvancedNodeCapabilityTests.NodesAdvertise22BoundToTheirCurrentInstance [10 s]
  Passed WebApi.Integration.Tests.OidcProtocolTests.WrongProviderOrMissingCorrelationNeverRedeemsAndPostCallbackIsRejected [11 s]
  Passed WebApi.Integration.Tests.PolicyReleaseTests.ExistingFullRevisionDraftSubmitsUnchanged [10 s]
  Passed WebApi.Integration.Tests.VersionContractSourceTests.RootReplacementHonorsRevisionAndSealing(change: "sealed") [10 s]
  Passed WebApi.Integration.Tests.SystemSettingsCommandTests.AllEndpointsRequireRealPlatformPermission [10 s]
  Passed WebApi.Integration.Tests.AlertPersistenceTests.MigratingExistingCorePreservesBytesAndDoesNotSeedRules [9 s]
  Passed WebApi.Integration.Tests.SsoExternalIdentityTests.SubjectIsCaseSensitiveAndUnique [12 s]
  Passed WebApi.Integration.Tests.AckTests.RuntimeReceiptRejectsInvalidApplicationEvidence(mutation: "error", expected: 422) [11 s]
  Passed WebApi.Integration.Tests.SystemSettingsCommandTests.PreviewAndValidateDoNotWriteOrConnect [9 s]
  Passed WebApi.Integration.Tests.SsoIdentityAdmissionTests.UnknownIdentityAndOrganizationMismatchDenyAdmission(scenario: "disabledUser") [9 s]
  Passed WebApi.Integration.Tests.ObservationMetricsTests.EnvironmentWithNoCollectionNodesCannotClaimCompleteCoverage [9 s]
  Passed WebApi.Integration.Tests.VersionContractSourceTests.RootReplacementHonorsRevisionAndSealing(change: "revision") [9 s]
  Passed WebApi.Integration.Tests.SchemaValidationApiTests.InvalidSelectionOrAuthorizationIsRejected(change: "permission") [9 s]
  Passed WebApi.Integration.Tests.ImportSessionTests.UnsafeFileNamesAreRejected(name: "/schema.json") [9 s]
  Passed WebApi.Integration.Tests.AlertRuleTests.RevocationDeniesEditsButKeepsPersistedRule [11 s]
  Passed WebApi.Integration.Tests.AlertEvaluationTests.ZeroRpsIsKnownAndRecoversHighThenTriggersLowTrafficRule [14 s]
  Passed WebApi.Integration.Tests.PolicyReleaseTests.ChangedBindingAfterPreviewReturns412 [9 s]
  Passed WebApi.Integration.Tests.OidcProtocolTests.ValidFlowUsesPkceAndOnlyPlatformCookieAndReplayDoesNotRedeemAgain [9 s]
  Passed WebApi.Integration.Tests.CatalogTests.SameShapeMethodsConflict [9 s]
  Passed WebApi.Integration.Tests.PublishTests.DatabaseCommitRedisFailureIsRetried [11 s]
  Passed WebApi.Integration.Tests.RoutePolicyBindingTests.TimeoutBindingOverridesBaseValue [9 s]
  Passed WebApi.Integration.Tests.ComparisonReleaseTests.FromOrToChangesBeforePublishAreRejected(target: False) [11 s]
  Passed WebApi.Integration.Tests.AdvancedNodeCapabilityTests.RollbackAndRetryOf22RequireAllEnabledTargets [9 s]
  Passed WebApi.Integration.Tests.SsoExternalIdentityTests.SameEmailNeverBindsLocalUserAndCreatesNoRolesOrScopes [1 s]
  Passed WebApi.Integration.Tests.AlertPersistenceTests.InvalidScopeTargetAndNormalizedDuplicateRejected [1 s]
  Passed WebApi.Integration.Tests.AlertPersistenceTests.WrongScopeForeignKeyRejected [7 s]
  Passed WebApi.Integration.Tests.AlertRuleTests.OrganizationReparentIsExplicitlyRejected [10 s]
  Passed WebApi.Integration.Tests.RoutePolicyBindingTests.BindingRequiresBothPermissionsAndBumpsRouteRevision [10 s]
  Passed WebApi.Integration.Tests.ObservationMetricsTests.AllRequiredTrendSeriesUseRealSamplesAndUnknownStaysNull [10 s]
  Passed WebApi.Integration.Tests.SchemaValidationApiTests.InvalidSelectionOrAuthorizationIsRejected(change: "revision") [10 s]
  Passed WebApi.Integration.Tests.SystemSettingsCommandTests.SemanticChangeWithSameKeyIs409 [10 s]
  Passed WebApi.Integration.Tests.SsoExternalIdentityTests.BindingCorrectionRequiresDisabledUserAndRotatesStamp [10 s]
  Passed WebApi.Integration.Tests.ObservationLogsTests.LargeEqualTimeBoundaryIsExplicitlyTruncatedBeforeCursorOverflows [10 s]
  Passed WebApi.Integration.Tests.CatalogTests.LastDestinationProtected [10 s]
  Passed WebApi.Integration.Tests.VersionContractSourceTests.DirectRootReplacementInvalidatesOldExternalBundle [13 s]
  Passed WebApi.Integration.Tests.OidcProtocolTests.ProductionCookieHeadersAreSecureWithoutClaimingTlsTransportAcceptance [13 s]
  Passed WebApi.Integration.Tests.ImportSessionTests.UnsafeFileNamesAreRejected(name: "https://example/schema.json") [13 s]
  Passed WebApi.Integration.Tests.PublishTests.WorkerCrashAfterRedisWriteReusesSameSnapshot [15 s]
  Passed WebApi.Integration.Tests.AckTests.RuntimeReceiptRejectsInvalidApplicationEvidence(mutation: "sequence", expected: 409) [15 s]
  Passed WebApi.Integration.Tests.ComparisonReleaseTests.FromOrToChangesBeforePublishAreRejected(target: True) [15 s]
  Passed WebApi.Integration.Tests.AlertEvaluationTests.UnknownResetsPendingAndCpuClockRollbackCannotClaimPastSlot [15 s]
  Passed WebApi.Integration.Tests.SsoIdentityAdmissionTests.InactiveProjectCannotSatisfyOrganizationAdmission [15 s]
  Passed WebApi.Integration.Tests.PolicyReleaseTests.StaleDraftReviewDoesNotSilentlyRefresh [15 s]
  Passed WebApi.Integration.Tests.AlertRuleTests.StaleEtagRetainsDatabaseRevision [10 s]
  Passed WebApi.Integration.Tests.ComparisonReleaseTests.RefreshCannotDropReviewIdsAndSubmitFreezesServerEvidence [6 s]
  Passed WebApi.Integration.Tests.RoutePolicyBindingTests.PathEditAndTimeoutUnbindPreserveBaseTimeout [12 s]
  Passed WebApi.Integration.Tests.PersistentSessionTests.PersistedCookieHonorsApplicationIsolation(differentApplication: True) [14 s]
  Passed WebApi.Integration.Tests.SchemaValidationApiTests.InvalidSelectionOrAuthorizationIsRejected(change: "foreign") [12 s]
  Passed WebApi.Integration.Tests.VersionContractSourceTests.NonMatchingExampleCanStillSaveDraft [8 s]
  Passed WebApi.Integration.Tests.ObservationLogsTests.DestinationFilterCannotIgnoreUnknownOrMismatchedResources [12 s]
  Passed WebApi.Integration.Tests.OidcProtocolTests.IdentityProviderCancellationIsAuditedAndAttemptIsFailed [8 s]
  Passed WebApi.Integration.Tests.SsoExternalIdentityTests.PasswordAndPermissionPayloadsAreRejectedAndSsoCannotUsePasswordLogin [12 s]
  Passed WebApi.Integration.Tests.ImportSessionTests.ChangedPreviewOrCurrentScopeCannotCommit(change: "revoked") [8 s]
  Passed WebApi.Integration.Tests.PolicyReleaseTests.PreviewIncludesEveryResourceRevision [6 s]
  Passed WebApi.Integration.Tests.SsoIdentityAdmissionTests.OverlongMappedProfileAndConcurrentProviderChangeNeverCommitSuccess [6 s]
  Passed WebApi.Integration.Tests.SystemSettingsCommandTests.ReferencesNeverLeaveReadPreviewProblemsOrAudit [12 s]
  Passed WebApi.Integration.Tests.ObservationMetricsTests.ApiPathAndQueryCannotSelectDifferentResources [12 s]
  Passed WebApi.Integration.Tests.ImportPreviewConcurrencyTests.CleanupIsBoundedAndDropsOnlyUncommittedExpiredRows [12 s]
  Passed WebApi.Integration.Tests.PublishTests.OlderOutboxCannotOverwriteNewDesired [6 s]
  Passed WebApi.Integration.Tests.AlertRuleTests.RemovedTargetRuleCanBeInspectedAndRepaired [1 s]
  Passed WebApi.Integration.Tests.AckTests.RuntimeReceiptRejectsInvalidApplicationEvidence(mutation: "hash", expected: 409) [6 s]
  Passed WebApi.Integration.Tests.AlertEvaluationTests.SourceFailureDoesNotStopStandalonePublishWorker [6 s]
  Passed WebApi.Integration.Tests.VersionContractSourceTests.NewDamagedSchemaCannotSave(schema: "{\"type\":\"nonsense\"}") [10 s]
  Passed WebApi.Integration.Tests.RoutePolicyBindingTests.AuthToggleDetachesOnlyCurrentRoute [10 s]
  Passed WebApi.Integration.Tests.ObservationMetricsTests.LatencyRankingUsesMergedLatencyRatherThanTrafficCount [10 s]
  Passed WebApi.Integration.Tests.SsoExternalIdentityTests.BindingNeedsBothPermissions(missing: "system.sso.manage") [10 s]
  Passed WebApi.Integration.Tests.OidcProtocolTests.RotatedPublicKeyCanRefreshOnceAndComplete [10 s]
  Passed WebApi.Integration.Tests.SsoIdentityAdmissionTests.OrganizationAdmissionKeepsExplicitRolesAndOtherOrganizationScopes [10 s]
  Passed WebApi.Integration.Tests.AlertRuleTests.ScopeEditRetryReplaysAndDifferentRequestConflicts [10 s]
  Passed WebApi.Integration.Tests.SystemSettingsCommandTests.FirstSaveRaceHasOneWinner [10 s]
  Passed WebApi.Integration.Tests.ImportPreviewConcurrencyTests.CleanupAndExpiredCommitCannotWritePartialContent [10 s]
  Passed WebApi.Integration.Tests.SchemaValidationApiTests.InvalidSelectionOrAuthorizationIsRejected(change: "scope") [10 s]
  Passed WebApi.Integration.Tests.ObservationLogsTests.IpFilterIsHmacAndNeverStoredRaw [10 s]
  Passed WebApi.Integration.Tests.ComparisonReleaseTests.CreateChecksTargetScopeAndReviewFreshness [11 s]
  Passed WebApi.Integration.Tests.PublishTests.VersionChangedSinceApprovalDoesNotOverwriteDraft [11 s]
  Passed WebApi.Integration.Tests.ImportSessionTests.ChangedPreviewOrCurrentScopeCannotCommit(change: "expired") [11 s]
  Passed WebApi.Integration.Tests.OidcProviderIsolationTests.SecretReplacementRequiresExplicitRevisionEvenAfterCacheEviction(evict: True) [11 s]
  Passed WebApi.Integration.Tests.AlertEvaluationTests.NextLeaseHelperReacquiresAnExpiredSlot [15 s]
  Passed WebApi.Integration.Tests.AckTests.RuntimeReceiptRejectsInvalidApplicationEvidence(mutation: "negative", expected: 409) [15 s]
  Passed WebApi.Integration.Tests.PersistentSessionTests.PersistedCookieHonorsApplicationIsolation(differentApplication: False) [18 s]
  Passed WebApi.Integration.Tests.VersionContractSourceTests.NewDamagedSchemaCannotSave(schema: "{\"$ref\":\"missing.json\"}") [8 s]
  Passed WebApi.Integration.Tests.ObservationMetricsTests.DestinationLabelMustBelongToItsReportedEnvironment [9 s]
  Passed WebApi.Integration.Tests.TraceProjectionBoundaryTests.Base64IdentifiersAndEmptyParentKeepRealSpan [3 ms]
  Passed WebApi.Integration.Tests.TraceProjectionBoundaryTests.CapturedTempo310ResponseProjectsRealServerClient [2 ms]
  Passed WebApi.Integration.Tests.AdvancedPolicyObservationTests.ForeignPoliciesAndUnknownOutcomeArePartialNotLeaked(reason: "oversize-attempts") [7 ms]
  Passed WebApi.Integration.Tests.AdvancedPolicyObservationTests.ForeignPoliciesAndUnknownOutcomeArePartialNotLeaked(reason: "foreign-destination") [1 ms]
  Passed WebApi.Integration.Tests.AdvancedPolicyObservationTests.ForeignPoliciesAndUnknownOutcomeArePartialNotLeaked(reason: "foreign-policy") [2 ms]
  Passed WebApi.Integration.Tests.AdvancedPolicyObservationTests.ForeignPoliciesAndUnknownOutcomeArePartialNotLeaked(reason: "unknown-outcome") [< 1 ms]
  Passed WebApi.Integration.Tests.AdvancedPolicyObservationTests.ForeignPoliciesAndUnknownOutcomeArePartialNotLeaked(reason: "invalid-count") [< 1 ms]
  Passed WebApi.Integration.Tests.AdvancedPolicyObservationTests.OldDecisionJsonHasNoNewFieldsAndMissingAdvancedObservationRemainsMissing [< 1 ms]
  Passed WebApi.Integration.Tests.RoutePolicyBindingTests.SharedPolicyEditValidatesEveryBoundRoute [9 s]
  Passed WebApi.Integration.Tests.AlertRuleTests.ApiHealthDoesNotBorrowWholeEnvironmentHealth [9 s]
  Passed WebApi.Integration.Tests.OidcProtocolTests.StartRequiresOriginAndFormCsrfAndRejectsAccountSwitchAndUnsafePath [11 s]
  Passed WebApi.Integration.Tests.ImportSessionTests.ChangedPreviewOrCurrentScopeCannotCommit(change: "hash") [11 s]
  Passed WebApi.Integration.Tests.SchemaValidationApiTests.InvalidSelectionOrAuthorizationIsRejected(change: "no_selector") [11 s]
  Passed WebApi.Integration.Tests.ObservationLogsTests.CursorCannotChangeEnvironmentOrUser [11 s]
  Passed WebApi.Integration.Tests.ImportPreviewConcurrencyTests.ConcurrentProject101stPreviewCannotExceedProjectQuota [11 s]
  Passed WebApi.Integration.Tests.SessionTests.DisabledUserSessionRejected [11 s]
  Passed WebApi.Integration.Tests.SsoExternalIdentityTests.BindingNeedsBothPermissions(missing: "user.manage") [11 s]
  Passed WebApi.Integration.Tests.SystemSettingsCommandTests.ConfirmationIsBoundAndExpires [11 s]
  Passed WebApi.Integration.Tests.ComparisonCommandTests.ReadPermissionsAreIndependent(permission: "api.read") [11 s]
  Passed WebApi.Integration.Tests.PublishTests.MissingOrOfflineNodesCannotReduceFrozenCohort [11 s]
  Passed WebApi.Integration.Tests.SsoFixtureConfigurationTests.ExactFixtureOriginIsConfigurableWithoutSplittingUrlColons [8 ms]
  Passed WebApi.Integration.Tests.AlertEvaluationTests.ResourceRetirementClosesActualEventWithoutBorrowingSourceAbsence [6 s]
  Passed WebApi.Integration.Tests.AdvancedPolicyObservationTests.LokiAndCsvKeepFiveScopedDecisionsAndAttemptsWithoutPrivateMarkers [2 s]
  Passed WebApi.Integration.Tests.AckTests.RuntimeReceiptRejectsInvalidApplicationEvidence(mutation: "offset", expected: 422) [6 s]
  Passed WebApi.Integration.Tests.AdvancedPolicyObservationTests.FiveDecisionsAndAttemptFieldsProjectWithScopedDestinations [1 ms]
  Passed WebApi.Integration.Tests.VersionContractSourceTests.NewDamagedSchemaCannotSave(schema: "{\"required\":[1]}") [3 s]
  Passed WebApi.Integration.Tests.RoutePolicyBindingTests.ReplaceDuplicateAndForeignPolicyRollsBack [2 s]
  Passed WebApi.Integration.Tests.PersistentSessionTests.ExplicitEmptyAllowlistRejectsTestBackend [4 s]
  Passed WebApi.Integration.Tests.OidcProviderIsolationTests.SecretReplacementRequiresExplicitRevisionEvenAfterCacheEviction(evict: False) [11 s]
  Passed WebApi.Integration.Tests.AlertRuleTests.RuleValidationAndNormalizedWideNameAreEnforced [2 s]
  Passed WebApi.Integration.Tests.RoutePolicyBindingTests.DisableAnonymousDefaultsToApiKey [8 s]
  Passed WebApi.Integration.Tests.ImportPreviewConcurrencyTests.RevokeAndCommitAreAtomicUnderContention [8 s]
  Passed WebApi.Integration.Tests.OidcProtocolTests.UnknownBindingReturnsSanitizedLoginRedirectAndMarksAttemptFailed [8 s]
  Passed WebApi.Integration.Tests.SsoExternalIdentityTests.LocalEmailUniquenessIsPreservedWhileSsoEmailIsDisplayOnly [8 s]
  Passed WebApi.Integration.Tests.PersistentSessionTests.ConfiguredCookieNamesPreserveLegacySessionNamespace [8 s]
  Passed WebApi.Integration.Tests.VersionContractSourceTests.AmbiguousComponentNamesCannotOverwriteAnotherDefinition [8 s]
  Passed WebApi.Integration.Tests.SchemaValidationApiTests.InvalidSelectionOrAuthorizationIsRejected(change: "invalid_json") [9 s]
  Passed WebApi.Integration.Tests.ObservationLogsTests.EqualNanosecondRowsCrossBoundaryWithoutLoss [9 s]
  Passed WebApi.Integration.Tests.SessionTests.CookieLoginRequiresRealPassword [9 s]
  Passed WebApi.Integration.Tests.ImportSessionTests.ChangedPreviewOrCurrentScopeCannotCommit(change: "cluster") [9 s]
  Passed WebApi.Integration.Tests.ComparisonCommandTests.ReadPermissionsAreIndependent(permission: "api.version.read") [9 s]
  Passed WebApi.Integration.Tests.OidcProviderIsolationTests.ParallelProvidersNeverShareOptionsAndEvictedProviderCanRebuild [11 s]
  Passed WebApi.Integration.Tests.AckTests.RuntimeReceiptRejectsInvalidApplicationEvidence(mutation: "old-time", expected: 422) [12 s]
  Passed WebApi.Integration.Tests.VersionRiskReviewTests.ReviewAppendsWithoutApprovalTaskAndReplaysHistoricalAfterEdit [12 s]
  Passed WebApi.Integration.Tests.RollbackTests.OldNormalPublishEventCannotUndoRollback [12 s]
  Passed WebApi.Integration.Tests.RoutePolicyBindingTests.PathEditKeepsSharedAuthentication [5 s]
  Passed WebApi.Integration.Tests.ImportSessionTests.ChangedPreviewOrCurrentScopeCannotCommit(change: "policy") [6 s]
  Passed WebApi.Integration.Tests.SessionTests.LoginAuditContainsNoPassword [6 s]
  Passed WebApi.Integration.Tests.VersionContractSourceTests.InconsistentRawAndCanonicalVersionRollsBack [6 s]
  Passed WebApi.Integration.Tests.ObservationLogsTests.FirstLossAndCollectorDownstreamFailureCannotClaimComplete(collector: True) [6 s]
  Passed WebApi.Integration.Tests.SchemaValidationApiTests.InvalidSelectionOrAuthorizationIsRejected(change: "draft_missing") [6 s]
  Passed WebApi.Integration.Tests.ComparisonCommandTests.ReadPermissionsAreIndependent(permission: "api.schema.read") [7 s]
  Passed WebApi.Integration.Tests.ImportPreviewConcurrencyTests.ConcurrentSixthPreviewCannotExceedUserQuota [7 s]
  Passed WebApi.Integration.Tests.OidcProviderIsolationTests.ActiveHandlerIsLeasedAndCapacityExhaustionFailsClosed [7 s]
  Passed WebApi.Integration.Tests.ImportSessionTests.ChangedPreviewOrCurrentScopeCannotCommit(change: "scope") [3 s]
  Passed WebApi.Integration.Tests.RollbackTests.ConcurrentRetryAndNewPublishCannotOverwriteDesired [6 s]
  Passed WebApi.Integration.Tests.AckTests.WrongInstanceHashOrSequenceRejected [6 s]
  Passed WebApi.Integration.Tests.SessionTests.MissingCsrfBlocksWrite [3 s]
  Passed WebApi.Integration.Tests.ObservationLogsTests.FirstLossAndCollectorDownstreamFailureCannotClaimComplete(collector: False) [3 s]
  Passed WebApi.Integration.Tests.VersionContractSourceTests.JsonDownloadKeepsRawRepresentation [3 s]
  Passed WebApi.Integration.Tests.ComparisonCommandTests.ExpectedRevisionMismatchIs412 [3 s]
  Passed WebApi.Integration.Tests.SchemaValidationApiTests.HistoricalInvalidSchemaRemainsReadableWithClearDiagnostic [3 s]
  Passed WebApi.Integration.Tests.VersionRiskReviewTests.EitherVersionEditDeleteOrScopeMoveInvalidatesReview(change: "scope") [6 s]
  Passed WebApi.Integration.Tests.ImportSessionTests.DeepDocumentWithinSemanticLimitPersistsInBundleEnvelope [5 s]
  Passed WebApi.Integration.Tests.VersionRiskReviewTests.EitherVersionEditDeleteOrScopeMoveInvalidatesReview(change: "to") [5 s]
  Passed WebApi.Integration.Tests.ComparisonCommandTests.ForeignApiAndVersionCannotBeProbed [5 s]
  Passed WebApi.Integration.Tests.SchemaValidationApiTests.NewDraftDoesNotNeedSavedDefinition [5 s]
  Passed WebApi.Integration.Tests.ObservationLogsTests.SourceFailureProvidesOnlySafeSourceTypeAndRetryHint [5 s]
  Passed WebApi.Integration.Tests.AckTests.DeadlineCheckedEvenBeforeTimeoutWorkerRuns [5 s]
  Passed WebApi.Integration.Tests.OidcProviderIsolationTests.ConcurrentDuplicateCannotFailTheCallbackThatOwnsProcessing [5 s]
  Passed WebApi.Integration.Tests.VersionContractSourceTests.StoredBundleTamperingNeverReturnsValid [5 s]
  Passed WebApi.Integration.Tests.RollbackTests.RollbackReusesExactHistoricalPayloadWithHigherSequence [9 s]
  Passed WebApi.Integration.Tests.VersionRiskReviewTests.EitherVersionEditDeleteOrScopeMoveInvalidatesReview(change: "delete") [4 s]
  Passed WebApi.Integration.Tests.ImportSessionTests.EmbeddedSchemaIdsInExternalParameterAndResponseKeepScope [4 s]
  Passed WebApi.Integration.Tests.ObservationLogsTests.FlattenedLokiMetadataKeepsNanosecondBoundariesAndNoRawFields [4 s]
  Passed WebApi.Integration.Tests.SchemaValidationApiTests.ParameterSelectorUsesServerDefinition [4 s]
  Passed WebApi.Integration.Tests.ComparisonCommandTests.SameKeyDifferentPairConflicts [4 s]
  Passed WebApi.Integration.Tests.AckTests.AnotherRestartInvalidatesPriorRuntimeReceipt [6 s]
  Passed WebApi.Integration.Tests.OidcProviderIsolationTests.NewControlPlaneCannotAdoptReplacedSecretAtTheSameRevision [7 s]
  Passed WebApi.Integration.Tests.RollbackTests.ErrorCodeCannotEchoCredentialVerifier [4 s]
  Passed WebApi.Integration.Tests.ImportSessionTests.LegacyTextImportAlsoUsesProjectResourceBudget [4 s]
  Passed WebApi.Integration.Tests.VersionRiskReviewTests.EitherVersionEditDeleteOrScopeMoveInvalidatesReview(change: "from") [4 s]
  Passed WebApi.Integration.Tests.ObservationLogsTests.RevocationStopsExportPages [4 s]
  Passed WebApi.Integration.Tests.SchemaValidationApiTests.ServerSelectorPreservesPercentSlashAndTildeInDefinitionName [4 s]
  Passed WebApi.Integration.Tests.ComparisonCommandTests.Depth64EvidenceCanBeStoredAndReplayed [6 s]
  Passed WebApi.Integration.Tests.AckTests.RuntimeReceiptRequiresEnabledCurrentInstanceAndSupportedSchema [4 s]
  Passed WebApi.Integration.Tests.ImportSessionTests.ReferenceFailureMarksOnlyAffectedOperationUnsupported [4 s]
  Passed WebApi.Integration.Tests.ObservationLogsTests.CsvFormulaIsNeutralized [4 s]
  Passed WebApi.Integration.Tests.SchemaValidationApiTests.RealJsonExamplesAreValidatedWithoutEcho(example: "null", expected: "Invalid") [5 s]
  Passed WebApi.Integration.Tests.VersionRiskReviewTests.ApproveRequiresProjectWriteScopeAndAllReadPermissions(mode: "schema", status: 404) [5 s]
  Passed WebApi.Integration.Tests.AckTests.ConcurrentAcksFinishExactlyOnce [4 s]
  Passed WebApi.Integration.Tests.ComparisonCommandTests.ComparisonCursorBindsApiAndReviewFilter [5 s]
  Passed WebApi.Integration.Tests.RollbackTests.NodeReadModelDistinguishesSameVersionDifferentDeployment [7 s]
  Passed WebApi.Integration.Tests.ObservationLogsTests.MiddleGapCannotClaimCompleteLogCoverage [4 s]
  Passed WebApi.Integration.Tests.ImportSessionTests.ResponseHeaderParameterContentAndExamplesKeepReferenceBases [4 s]
  Passed WebApi.Integration.Tests.SchemaValidationApiTests.RealJsonExamplesAreValidatedWithoutEcho(example: "\"PRIVATE-EXAMPLE\"", expected: "Invalid") [4 s]
  Passed WebApi.Integration.Tests.VersionRiskReviewTests.ApproveRequiresProjectWriteScopeAndAllReadPermissions(mode: "approve", status: 403) [4 s]
  Passed WebApi.Integration.Tests.ComparisonCommandTests.ComparisonReplayReturnsOriginalAfterEdit [4 s]
  Passed WebApi.Integration.Tests.AckTests.ConcurrentRuntimeReceiptsProduceOneEventAndPreserveOtherMetadata [4 s]
  Passed WebApi.Integration.Tests.ObservationLogsTests.ExpiredAndTamperedCursorCannotBeUsed [4 s]
  Passed WebApi.Integration.Tests.ImportSessionTests.InvalidParameterContentCannotBecomeAStringSchema(content: "null") [4 s]
  Passed WebApi.Integration.Tests.RollbackTests.DuplicateRollbackIsIdempotent [6 s]
  Passed WebApi.Integration.Tests.SchemaValidationApiTests.RealJsonExamplesAreValidatedWithoutEcho(example: "0", expected: "Valid") [4 s]
  Passed WebApi.Integration.Tests.VersionRiskReviewTests.ApproveRequiresProjectWriteScopeAndAllReadPermissions(mode: "readonly", status: 403) [4 s]
  Passed WebApi.Integration.Tests.ComparisonCommandTests.RevokedUserCannotReplayOrExport [3 s]
  Passed WebApi.Integration.Tests.AckTests.RuntimeReceiptCannotReviveAnUnsuccessfulOrSupersededRelease(status: "RolledBack") [5 s]
  Passed WebApi.Integration.Tests.RollbackTests.PublicSnapshotDownloadNeverReturnsCredentialHashes [3 s]
  Passed WebApi.Integration.Tests.ImportSessionTests.InvalidParameterContentCannotBecomeAStringSchema(content: "[]") [3 s]
  Passed WebApi.Integration.Tests.SchemaValidationApiTests.SchemaReadOnlyCanValidateDraftWithoutWrites [2 s]
  Passed WebApi.Integration.Tests.VersionRiskReviewTests.ApproveRequiresProjectWriteScopeAndAllReadPermissions(mode: "environment", status: 404) [2 s]
  Passed WebApi.Integration.Tests.ObservationLogsTests.ProviderCapReturnsExplicitTruncated [3 s]
  Passed WebApi.Integration.Tests.ImportSessionTests.InvalidParameterContentCannotBecomeAStringSchema(content: "123") [3 s]
  Passed WebApi.Integration.Tests.AckTests.RuntimeReceiptCannotReviveAnUnsuccessfulOrSupersededRelease(status: "Failed") [3 s]
  Passed WebApi.Integration.Tests.ObservationLogsTests.RawIpQueryStringIsRejectedInsteadOfIgnoringSensitiveFilter [3 s]
  Passed WebApi.Integration.Tests.VersionRiskReviewTests.RiskAcceptanceRequiresStrongConfirmationAndCommentBounds(count: 10, confirm: False, success: False) [3 s]
  Passed WebApi.Integration.Tests.SchemaValidationApiTests.NonJsonMediaIsExplicitlyIncomplete [3 s]
  Passed WebApi.Integration.Tests.RollbackTests.RevokedScopeBlocksRollback [5 s]
  Passed WebApi.Integration.Tests.ImportSessionTests.FailedExternalSourcesStillCountAgainstNetworkResourceBudget [2 s]
  Passed WebApi.Integration.Tests.ObservationLogsTests.UnrepresentableNanosecondRangeReturnsValidationError [3 s]
  Passed WebApi.Integration.Tests.VersionRiskReviewTests.RiskAcceptanceRequiresStrongConfirmationAndCommentBounds(count: 2001, confirm: True, success: False) [3 s]
  Passed WebApi.Integration.Tests.SchemaValidationApiTests.ImportedExternalParameterKeepsRelativeSourceInTemporaryAndSavedDraft [3 s]
  Passed WebApi.Integration.Tests.AckTests.NodeSecretCannotEnrollIntoDifferentEnvironment [3 s]
  Passed WebApi.Integration.Tests.RollbackTests.RealWorkerBuildsQueuedRecordOutsideControlPlaneScope [4 s]
  Passed WebApi.Integration.Tests.SchemaValidationApiTests.ClientCannotReplaceServerSourceBundle [2 s]
  Passed WebApi.Integration.Tests.ImportSessionTests.TextAndYamlPreviewPersistSourcesAndDraftRoutes [3 s]
  Passed WebApi.Integration.Tests.VersionRiskReviewTests.RiskAcceptanceRequiresStrongConfirmationAndCommentBounds(count: 10, confirm: True, success: True) [4 s]
  Passed WebApi.Integration.Tests.AckTests.NegativeAckFailsReleaseWithoutInventingRunningState [4 s]
  Passed WebApi.Integration.Tests.ImportSessionTests.InvalidTargetRollsBackWholeBatchAndPreviewStatus [2 s]
  Passed WebApi.Integration.Tests.SchemaValidationApiTests.SealedVersionSupportsTemporaryReadOnlyValidation [2 s]
  Passed WebApi.Integration.Tests.RollbackTests.RetryKeepsFailedRecordAndOriginalBytes [4 s]
  Passed WebApi.Integration.Tests.VersionRiskReviewTests.RiskAcceptanceRequiresStrongConfirmationAndCommentBounds(count: 9, confirm: True, success: False) [3 s]
  Passed WebApi.Integration.Tests.ImportSessionTests.SameKeyReplayWorksAfterContentCleanupAndSealing [2 s]
  Passed WebApi.Integration.Tests.SchemaValidationApiTests.ImportedEmbeddedIdKeepsPhysicalSourceAndLocation [2 s]
  Passed WebApi.Integration.Tests.AckTests.SucceededReleaseRestartRecordsRuntimeReceiptWithoutChangingPublication [4 s]
  Passed WebApi.Integration.Tests.RollbackTests.RollbackRequiresIndependentApproval [3 s]
  Passed WebApi.Integration.Tests.ImportSessionTests.AttachedRecursiveSchemaIsKeptAsFiniteGraph [2 s]
  Passed WebApi.Integration.Tests.VersionRiskReviewTests.RiskAcceptanceRequiresStrongConfirmationAndCommentBounds(count: 2000, confirm: True, success: True) [2 s]
  Passed WebApi.Integration.Tests.AckTests.DuplicateAckAfterWorkerRestartIsHarmless [2 s]
  Passed WebApi.Integration.Tests.ImportSessionTests.PreviewIsInvisibleToAnotherActor [2 s]
  Passed WebApi.Integration.Tests.VersionRiskReviewTests.InvalidCannotBeReviewed [2 s]
  Passed WebApi.Integration.Tests.AckTests.LateAckDoesNotCompleteFailedRelease [2 s]
  Passed WebApi.Integration.Tests.ImportSessionTests.PreviewAuditHasHashesAndNoRawContractExample [1 s]
  Passed WebApi.Integration.Tests.VersionRiskReviewTests.AuthorizationChangeAndReviewShareTransactionLock [3 s]
  Passed WebApi.Integration.Tests.ImportSessionTests.CommittedContentHasTwentyMinutesFromCommit [1 s]
  Passed WebApi.Integration.Tests.AckTests.RestartedInstanceCannotFillOldFrozenTarget [1 s]
  Passed WebApi.Integration.Tests.ImportSessionTests.CommitUsesPreviewBytesAfterUrlChanges [2 s]
  Passed WebApi.Integration.Tests.AckTests.DisabledIdentityRejectsOldRequests [2 s]
  Passed WebApi.Integration.Tests.VersionRiskReviewTests.ReviewedRequiresCompleteAndNoRisk [3 s]
  Passed WebApi.Integration.Tests.ImportSessionTests.MidBatchRouteConflictLeavesNoPartialRows [1 s]
  Passed WebApi.Integration.Tests.AckTests.HeartbeatCannotCompleteReleaseOrInventVersion [1 s]
  Passed WebApi.Integration.Tests.AckTests.DispatchedVersionStaysImmutableAfterPartialFailure [1 s]
  Passed WebApi.Integration.Tests.AckTests.RuntimeReceiptRequiresCurrentDesiredSequence [1 s]
  Passed WebApi.Integration.Tests.AckTests.SecondValidAckCompletesOnce [1 s]
[xUnit.net 00:04:29.79]   Finished:    WebApi.Integration.Tests
  Passed WebApi.Integration.Tests.AckTests.OneOfTwoAcksKeepsPublishing [1 s]

Test Run Successful.
Total tests: 541
     Passed: 541
 Total time: 4.4997 Minutes
 Container webapi-contracts-test-9a5ef049-efa9-428f-ae3d-7a67d1f9b461-postgres-1 Stopping 
 Container webapi-contracts-test-9a5ef049-efa9-428f-ae3d-7a67d1f9b461-redis-1 Stopping 
 Container webapi-contracts-test-9a5ef049-efa9-428f-ae3d-7a67d1f9b461-postgres-1 Stopped 
 Container webapi-contracts-test-9a5ef049-efa9-428f-ae3d-7a67d1f9b461-postgres-1 Removing 
 Container webapi-contracts-test-9a5ef049-efa9-428f-ae3d-7a67d1f9b461-postgres-1 Removed 
 Container webapi-contracts-test-9a5ef049-efa9-428f-ae3d-7a67d1f9b461-redis-1 Stopped 
 Container webapi-contracts-test-9a5ef049-efa9-428f-ae3d-7a67d1f9b461-redis-1 Removing 
 Container webapi-contracts-test-9a5ef049-efa9-428f-ae3d-7a67d1f9b461-redis-1 Removed 
 Volume webapi-contracts-test-9a5ef049-efa9-428f-ae3d-7a67d1f9b461_pg-test Removing 
 Volume webapi-contracts-test-9a5ef049-efa9-428f-ae3d-7a67d1f9b461_nuget-test Removing 
 Network webapi-contracts-test-9a5ef049-efa9-428f-ae3d-7a67d1f9b461_default Removing 
 Volume webapi-contracts-test-9a5ef049-efa9-428f-ae3d-7a67d1f9b461_pg-test Removed 
 Volume webapi-contracts-test-9a5ef049-efa9-428f-ae3d-7a67d1f9b461_nuget-test Removed 
 Network webapi-contracts-test-9a5ef049-efa9-428f-ae3d-7a67d1f9b461_default Removed 

WEBAPI_EXIT 0
