WEBAPI_FIXED_SOURCE c1c271555e3a125d22184697c17320c94a4db07c
✔ GatewayEvidenceRequiresActualInternalSuiteImageScenarioAndCuaBindings (2.829084ms)
✔ GatewayEvidenceRejects-changed-sha (0.782042ms)
✔ GatewayEvidenceRejects-stale-suite (0.478459ms)
✔ GatewayEvidenceRejects-missing-scope (0.524375ms)
✔ GatewayEvidenceRejects-uncertain-send (0.412209ms)
✔ GatewayEvidenceRejects-empty-ui (0.4355ms)
✔ GatewayEvidenceRejects-stale-screenshot (0.45825ms)
✔ GatewayEvidenceRejects-forged-image-wrapper (3.142458ms)
✔ GatewayEvidenceRejects-protected-port (0.383709ms)
✔ GatewayEvidenceRejects-raw-token (0.225584ms)
✔ GatewayEvidenceRejects-raw-hmac (0.121625ms)
✔ GatewayEvidenceRejects-database-restore (0.306708ms)
✔ GatewayEvidenceRejects-stale-log (0.24025ms)
✔ ActualDetailedDotnetSummaryIsParsedAndCannotHideSkippedOrMissingPassedLines (0.439125ms)
✔ KeycloakFixtureUsersHaveCompleteProfilesAndExactAudienceWithoutChangingConsoleSso (1.239542ms)
✔ OldSoftwareGateReadsBothPhysicalNodeLkgNotJustCompatibleDesired (0.862ms)
✔ MissingForeignTamperedOrWrongEnvironmentLkgFailsClosed (1.520583ms)
✔ ScenarioSendsSamePhysicalHostAcrossDifferentGatewayPorts (27.453ms)
✔ LegacyInitializeCreatesOneSharedSecretWithoutRotatingAccounts (348.350416ms)
✔ ExistingReceiptMissingKeyFailsClosed (302.762583ms)
✔ ForeignChangedInsecureAndSymlinkCacheInputsAreRejected (320.958792ms)
✔ NewAndOldToolsReadOwnedArchivedDeploySafely (295.861458ms)
✔ CacheSecretInBackupButNeverPublicArtifact (232.807125ms)
✔ ProtectedBaselineAcceptsOnlyExactDeclaredArtifacts (0.373709ms)
✔ Runtime22BlocksOldSoftwareDowngradeUntilCompatibleRollback (0.111333ms)
✔ FailedReadDoesNotAuthorizeDestructiveRestore (0.051792ms)
✔ SharedCacheVolumeMustHaveExactOwnerAndReadonlyMatchingHash (0.366375ms)
✔ fixtureCannotTargetPersistentProject (0.76325ms)
✔ readinessAloneCannotPassAcceptance (0.1485ms)
✔ cleanupRejectsForeignOwner (0.167084ms)
✔ cleanupFailureMakesAcceptanceFail (0.110334ms)
✔ restoreAndBackupCannotTargetPersistentProject (0.255ms)
✔ manualBackupRequiresOwnedDirectoryBeforeWriting (12.505084ms)
✔ backupStopsOnlyDeclaredServicesForUnboundAndNonDemoDeployments (0.442666ms)
✔ cacheBackupVolumeSelectionRetainsOldDeploymentCompatibility (0.126583ms)
✔ backupFailureRestartsAllOriginalServicesEvenAfterPartialStop (0.373834ms)
✔ buildUsesResolvedCommitNotWorkingTree (649.388416ms)
✔ failedBuildKeepsCurrentRelease (577.443625ms)
✔ rejectUnfrozenConsoleDependencies (248.061666ms)
✔ RunnerRefusesLocalDirectoryAndForeignOwner (3.699917ms)
✔ FailureCannotEmitPassedEvidence (0.180792ms)
✔ UnknownOrUnverifiedUiCannotFinalizeDelivery (0.169417ms)
✔ ArchiveExcludesSecretsPrivateInputsAndDependencies (8.730625ms)
✔ MissingScreenshotCannotBeSwallowedAsMissingOptionalUiProof (17.149166ms)
✔ OnlyForeignOwnerNetworkRejectsCleanup (0.283583ms)
✔ CompleteRequiresEveryUiActionAndVerifiedCleanup (0.326042ms)
✔ inactiveOrUnauthorizedEnvironmentLeavesBindingUnchanged (309.446125ms)
✔ differentEnvironmentRejectedBeforeRecreate (212.335833ms)
✔ sameBindingDoesNotRotateSecrets (249.044792ms)
✔ environmentDisabledAfterValidationNeverReportsReady (120.577292ms)
✔ recreateFailurePreservesRetryableBinding (102.480291ms)
✔ disabledExistingNodeDoesNotCountAsRegistration (122.738917ms)
✔ failedReconfigurePreservesAppliedBindingAndStoresPendingProposal (187.627417ms)
✔ onlyThreeLoopbackPortsPublished (228.422ms)
✔ unconfiguredRenderHasNoGatewayIdRequirement (100.235458ms)
✔ runtimeSourcesUsePersistentVolumesNotTmpfs (110.9395ms)
✔ allResourcesCarryOwnerId (111.634208ms)
✔ gatewayCannotReadDatabaseOrOtherNodeSecret (82.45825ms)
✔ cacheSecretSharedReadonlyOnlyByBothGateways (85.412583ms)
✔ IdP render publishes only loopback, keeps database private, and uses private files not secret environment values (8.899458ms)
✔ foreign exact-name IdP resource is rejected before compose action (0.7135ms)
✔ IdP state rejects foreign platform association and unapproved fields (0.574625ms)
✔ failed secret initialization resumes with identical private files and completed starts do not recopy secrets (213.634625ms)
✔ partial volume restore failure keeps services stopped and can continue after checksums are revalidated (248.465459ms)
✔ repeatedInitDoesNotRotateSecretsOrCreateAnotherAdmin (369.332583ms)
✔ deletedBootstrapFileDoesNotRebootstrap (313.868333ms)
✔ foreignPortFailsBeforeMutation (85.303875ms)
✔ ownPortsAllowRepeatedUp (0.814333ms)
✔ stopNeverDeletesVolumes (174.824916ms)
✔ failedMigrationDoesNotStartApplication (99.721417ms)
✔ completeBootstrapDeletesOnlyOwnedPasswordFile (196.312125ms)
✔ invalidPasswordFileDoesNotLeaveIncompleteSecretSet (138.927458ms)
✔ missingWholeInitializedSecretDirectoryNeverRegenerates (85.877334ms)
✔ portConflictCanBeRetriedWithExplicitPortsBeforeResourcesExist (58.952166ms)
✔ startReportsObservedFailureRatherThanConfiguredRegistration (45.938416ms)
✔ waiterRetriesWhenHolderReleasesBetweenCollisionAndInspection (155.896583ms)
✔ unknownProjectIsNeverAdopted (0.717375ms)
✔ ownedResourceAllowsMutationButAnotherProjectDoesNot (0.195625ms)
✔ unlabelledExactResourcesPreventAnyDockerMutation (0.512833ms)
✔ packageRejectsIncompleteAcceptance (87.589375ms)
✔ packageRejectsSecretsAndUserConfiguration (336.479ms)
✔ packageRejectsMismatchedStaticSource (53.56425ms)
✔ packageRejectsReplacementOfOldArchive (55.558833ms)
✔ completeInputsMayBePackaged (47.000584ms)
✔ immutableSourceExportExcludesPreviouslyTrackedDeliveryManifests (47.03975ms)
✔ testedDeploymentAllowsOnlyTheVerifiedBrowserPortCorrection (46.645917ms)
✔ isolated runner uses private secret and overrides ambient project then cleans own resources (766.489166ms)
✔ foreign owner prevents destructive cleanup (370.206666ms)
✔ failing product test preserves exit code while cleaning only own project (394.643916ms)
✔ unsupported mode does not invoke docker (8.201ms)
✔ snapshot includes new source and excludes secrets and build outputs (417.443959ms)
✔ source symlink escape is rejected (376.309083ms)
✔ delegate preserves locked restore arguments and backend failure without touching local runtime (66.367541ms)
✔ unsupported mode fails instead of reporting acceptance (7.81625ms)
✔ SettingsRunnerOwnsOnlyItsResources (214.677625ms)
✔ VerifyFailsOnStaleSourceOrFailedCheck (399.781208ms)
✔ PackageExcludesSecretsAndOldRuntimeData (387.031125ms)
✔ PackageGatesRemainActiveUnderOptimizedPython (177.045208ms)
✔ OldBrowserEvidenceCannotPassNewToolIdentity (100.510042ms)
✔ records actual platform temporary cookie names without exporting values (9.603ms)
✔ explicit recovery disables the old provider and viewer before audited binding replacement (52.170875ms)
✔ ordinary or mismatched recovery never changes an existing account (0.4175ms)
✔ normal context regeneration retains precise local SSO and readonly secret mount (319.523042ms)
✔ foreign owner and changed console origin are rejected before replacing runtime overlay (294.851334ms)
✔ SSO config symlink and nonprivate mode cannot be consumed (132.229209ms)
✔ disabled local SSO and absent config leave normal runtime authentication intact (137.223417ms)
✔ cold backup includes protected SSO settings and reviewer credentials, restore disables live IdP binding (240.012791ms)
✔ secret volume must belong to the exact independent IdP owner (75.630667ms)
✔ fixture cookies cannot overwrite the existing platform browser session (0.619541ms)
✔ ports must be distinct loopback fixture ports and never existing delivery ports (0.702042ms)
✔ image must be locked by digest and owner must match project (0.329625ms)
✔ cleanup rejects directory and production volume before any destructive command (131.842958ms)
✔ actual package entry validates valid (548.392417ms)
✔ actual package entry validates stale-review (452.17675ms)
✔ actual package entry validates stale-regression (347.576583ms)
✔ actual package entry validates missing-tool-binding (183.663125ms)
✔ actual package entry validates changed-live-tool (97.067333ms)
✔ actual package entry validates changed-live-source (100.006875ms)
✔ actual package entry validates foreign-cleanup (147.343584ms)
✔ privacy receipt binds the exact public file set and bytes (1.478667ms)
✔ only fully verified frozen uncommitted SSO source can be delivered (34.745667ms)
✔ package rejects private runtime keys credentials dependencies and unsafe paths (22.078792ms)
✔ owned disposable resources are accepted and foreign resources rejected (1.651833ms)
✔ directory rejects symlinks and foreign owner identity (54.506333ms)
✔ defaultConsolePortSupportsBrowserFetch (105.961834ms)
✔ browserBlockedPortsFailBeforeRuntimeStateIsCreated (28.516167ms)
✔ stateContainsNoSecrets (100.898375ms)
✔ stateRejectsSymlinkAndForeignDirectory (46.504709ms)
✔ lockSerializesWriters (202.062042ms)
✔ invalidPortsAndEmptyGuidFailBeforeStateWrite (66.927666ms)
✔ statusSeparatesLiveRegisteredAndReady (0.696667ms)
✔ missingNodeCannotClaimRegistered (0.092917ms)
✔ missingSourcesOrStaleNodeCannotBeReady (0.069792ms)
✔ pendingConfigurationCannotBorrowOldHealthyAckToClaimReady (0.05125ms)
ℹ tests 134
ℹ suites 0
ℹ pass 134
ℹ fail 0
ℹ cancelled 0
ℹ skipped 0
ℹ todo 0
ℹ duration_ms 2052.17775

WEBAPI_EXIT 0
