WEBAPI_FIXED_SOURCE adbcbed56a7e465c483b7462e4f3de9ac1156669
✔ AdvancedEditorsRequireExplicitSaveButRetainTextareaNewlinesAndButtonKeyboardActivation (0.449959ms)
✔ SixTypesDefaultsAndStrictAdvancedBudgets (0.903083ms)
✔ JwtIsStrictlyPublicAndMappingScopedWithoutPretendingSignatureValidation (37.302875ms)
✔ JwksFileRejectsPrivateNetworkUnknownDuplicateAndOversizeJson (46.416083ms)
✔ DirtyModeSwitchNeedsConfirmationAndKeepsEachModeDraft (0.189917ms)
✔ ScopeAndGenerationRejectLateApplicationOptions (0.074958ms)
✔ DirtyAnd412DraftCanOnlyAdoptNewRevisionExplicitly (0.0745ms)
✔ JwtRouteMetadataEchoDoesNotRequestAuthenticationReplacement (0.092667ms)
✔ ReviewDescribesFixedKeyDiffMappingsPhysicalAttemptsAndCacheColdStart (0.204208ms)
✔ JwtFieldsExposePublicLocalFileAndScopedMappingWithoutTokenOrPrivateKeyInput (345.816417ms)
✔ ReadonlyActionsHaveOnlyStructuralCheckAndNoSaveOrReleaseEntry (0.716ms)
✔ SixTypeFormDisplaysJwtAndReadonlyFieldsAreDisabled (1.473875ms)
✔ RetryAndCacheUseDeploymentLimitsAndExplicitReplayConsistencyBoundaries (1.472625ms)
✔ ReviewShowsColdStartFixedKeysBearerRiskAndActualMaximum (0.802917ms)
✔ MissingTrafficDataIsNotInventedAsZeroAndCacheHitShowsNoUpstream (0.976292ms)
✔ 412 retains input; explicit latest revision adoption retains duration and values (1.393ms)
✔ readonly Unknown test preserves null and never marks draft saved (0.199375ms)
✔ only finite allowlisted rule expressions; ratio range and target applicability (0.425333ms)
✔ channels require explicit activation and IM remains pending rather than sent (0.08925ms)
✔ event filters have independent status/severity and reset pagination (0.208125ms)
✔ server freshness accounts for query delay; UI does not mark a valid delayed observation Unknown (0.05025ms)
✔ disabled rules display their intentional pause rather than a source failure (0.032416ms)
✔ resolved event observations are explicitly historical (0.029333ms)
✔ expression grammar matches the server three-token finite number contract (0.083ms)
✔ pendingAcrossShellEnvironmentsRetainsUrlFilter (1.430041ms)
✔ lateResponseCannotReplaceNewAuthority (0.145292ms)
✔ lateFilterAndPollingResponsesCannotReplaceNewRequest (0.105292ms)
✔ conflictKeepsCommentButLostReadClearsIt (0.140375ms)
✔ serverEligibilityControlsBothListAndDetail (0.094458ms)
✔ commentChangesStartNewSemanticOperationAndNeverExceedBudget (0.142417ms)
✔ switchingTabClearsHistoricalStatusOnlyAndPreservesScope (0.079875ms)
✔ externalOrAmbiguousReturnToIsRejected (0.156417ms)
✔ invalidUrlFilterCannotSilentlyBroadenScope (0.18325ms)
✔ authorityIncludesScopeModesAndIgnoresIrrelevantOrdering (0.187292ms)
✔ dialog cannot carry an operation into a later step despite retained eligibility (0.121042ms)
✔ write carries cookie CSRF ETag and stable idempotency; csrf refreshed after login (14.653917ms)
✔ 412 exposes conflict and trace without automatic destructive retry (0.400583ms)
✔ resource 403 and hidden-resource 404 trigger authority refresh; 412 retains editing authority (0.690791ms)
✔ structured contract failures preserve affected pointers for a reviewable repair (0.270833ms)
✔ ReviewHandoffUsesServerTargetAndLocksWizardVersion (2.732292ms)
✔ ChangedTargetCannotCarryOldReview or stale handoff (0.135209ms)
✔ server rule catalog shows proof conditions, Unknown limits, dialects and registered test IDs (82.854125ms)
✔ UnknownCoverageSurvivesEmptyFilter and FilteredRowsNeverChangeReviewTotals (0.803ms)
✔ VersionSelectionClearsEffectiveReview and query preserves only report identifier (0.613708ms)
✔ WorkspaceAbortRejectsLateTransport (0.112042ms)
✔ ReadDeadlineRejectsLateTransportAndCannotPublishTimedOutReport (6.33175ms)
✔ FailedCreateRetainsCommentAndSameRetryKey and payload changes rotate key (0.13075ms)
✔ ConflictCloseAndNewReportPreserveCommentButResetConfirmation (0.091666ms)
✔ CommandTimeoutIs15Seconds and late transport cannot restore result (6.010125ms)
✔ CompareRoutePrecedesGenericDetail (19.812125ms)
✔ NoVersionsAndDeniedStatesHaveNoEnabledActions (108.826875ms)
✔ ManualChangeTypeIsSeparateFromDetectedRisk and coverage always visible (2.185833ms)
✔ BreakingDialogHasFullCountsRequiredCommentAndCheckbox (33.7135ms)
✔ ReleaseSummaryDoesNotInventReviewForLegacyCandidate (8.213334ms)
✔ Tab wraps only at the active dialog boundaries and preserves native traversal inside (0.365625ms)
✔ lost or removed focus re-enters the current confirmation in the requested direction (0.056042ms)
✔ a busy dialog without available controls traps Tab on its focusable container (0.062958ms)
✔ cancelling a removed confirmation restores focus without stealing it from an active input (0.049417ms)
✔ discard confirmation and other blocking states cannot submit an editor (0.401083ms)
✔ the editor exposes a labelled modal with a focusable fallback for blocked controls (175.509833ms)
✔ project switch rejects another project override at revision 1 (0.488167ms)
✔ project switch rejects another project override at revision 9 (0.058375ms)
✔ late save response cannot restore the previous project or an earlier visit (0.525583ms)
✔ file/text/url requests are exclusive and source identity includes scope, content and permissions (0.8545ms)
✔ scope/source/format changes invalidate preview and mappings while retaining input (1.132542ms)
✔ expired preview cannot commit and input is retained; unsupported operations cannot map (0.27525ms)
✔ mapping clears new API fields for an existing API and validates revisions and ownership fields (0.176042ms)
✔ bounded files reject zip, unsafe logical names, duplicates and oversized content before reading (0.249458ms)
✔ 403/412 and policy-change recovery preserve source and provide the correct re-preview boundary (0.113209ms)
✔ a late preview cannot restore stale scope or overwrite a newer preview (0.088833ms)
✔ source UI offers only active text/file/url fields and explicitly accepts YAML (195.219542ms)
✔ unsupported operations cannot be selected or mapped and show server warnings (0.988458ms)
✔ source policy readonly or failed reads have no save entry (1.270584ms)
✔ attached source text can be reviewed and corrected without replacing the whole bundle (0.759709ms)
✔ existing draft mapping identifies the version rather than displaying an empty new API name (0.534167ms)
✔ ordinary navigation updates accepted path and clean Back works (1.201667ms)
✔ unsaved Back restores original URL without changing rendered page; accepted discard enables Back (0.20775ms)
✔ dirty import blocks sidebar navigation, while successful committed save may navigate (0.134916ms)
✔ legacyChannelsRemainIntentUntilExplicitEnable (0.971625ms)
✔ twentyRecipientsAreSeparateTargets (0.276167ms)
✔ notificationBudgetEdgesAndImOnlyAreInvalid (0.084708ms)
✔ attemptsExhaustedAndRetryAfterCannotBeBypassed (0.083417ms)
✔ silenceShowsInFlightBoundary (0.06425ms)
✔ maskedTargetsAndUnknownOutcomeAreDistinct (0.059709ms)
✔ scopeChangeAndDeniedResponsesDiscardEveryLateReceipt (0.137709ms)
✔ ordinaryConflictPreservesRulesAndRecipientDraftButRevocationErasesThem (0.110625ms)
✔ retryConflictKeepsOperationKeyUntilFreshServerRead (0.054625ms)
✔ notificationConsoleLinkSelectsAnExactEventWithoutTrustingScopeParameters (0.292791ms)
✔ lateReadCannotOverwriteACompletedRetry (0.119166ms)
✔ manualScopeNavigationRemovesPinnedNotificationEvent (0.277375ms)
✔ queuedTestIsNotSuccess (1.126292ms)
✔ unsavedOrStaleRevisionCannotBeTested (0.095208ms)
✔ secretKeepNeverBecomesPlaceholderReplace (0.390125ms)
✔ lateReceiptCannotOverwriteNewRevision (0.121584ms)
✔ deniedClearsTargetAndSecretDraft (0.094ms)
✔ testErrorsPreserveTargetAndRetryKeyWhile412RequiresReload (0.051167ms)
✔ closedOrChangedAuthorityDiscardsEveryLateResponse (0.059083ms)
✔ notificationConsoleLinkSelectsKnownSettingsGroup (0.157083ms)
✔ filter edit discards cursor and retains fixed cutoff; IP never reaches URL (7.299209ms)
✔ cursor Back restores a read page and scope/filter changes clear trail (0.096375ms)
✔ waterfall uses real relative time and duration and tolerates missing/cyclic parents (0.348583ms)
✔ CSV status uses explicit rows/truncation/source headers; missing metadata cannot claim complete (16.489875ms)
✔ CSV transport returns original response and preserves authority failure handling (1.675792ms)
✔ copy falls back when browser clipboard denies, and removes temporary selection (0.599292ms)
✔ CSV download attaches the link before clicking and removes it afterwards (0.21775ms)
✔ query denial, invalid filters and source failure have distinct user-facing states (0.104125ms)
✔ validated URL keeps allowed filters and never contains raw IP (0.782125ms)
✔ metric sort and trend URL accepts only defined metrics and preserves navigation (3.256166ms)
✔ scope switch aborts old requests, clears cursor and rejects a late response (0.13425ms)
✔ fixed UTC cutoff survives query roundtrip; new duration resets cursor (7.022375ms)
✔ query updates and Back emit search without changing accepted pathname or guards (0.667125ms)
✔ unknown values stay blank while known zero keeps its unit (0.090458ms)
✔ chart leaves a gap across missing samples and caps source rows at 600 (0.593917ms)
✔ scope switch removes URL cursor and resets page while preserving time cutoff (0.225042ms)
✔ resource selectors follow all returned pages and keep existing filters (0.653625ms)
✔ paged selector propagates resource denial instead of returning a partial authorized cache (0.316459ms)
✔ page query replaces an existing page without losing filters (0.086458ms)
✔ known permissions get Chinese labels without replacing authoritative codes or custom names (0.61925ms)
✔ extension permissions retain server metadata and use an explicit other column (0.078791ms)
✔ matrix groups every code exactly once and searches labels, codes, modules and descriptions (0.82725ms)
✔ permission configuration requires a complete usable dictionary and an editable role (0.154584ms)
✔ all seeded codes have explicit Chinese labels and supported matrix columns (4.811833ms)
✔ read-only matrix exposes exact assignments and accessible disabled checkboxes (101.715167ms)
✔ the common editor can render matrix fields inside its disabled and unsaved guard boundary (60.829917ms)
✔ AllFourDefaultsAndValidation (0.899708ms)
✔ ConflictRetainsDirtyInput (0.239792ms)
✔ ScopeSwitchIgnoresLateResponse (0.056084ms)
✔ CopyDoesNotReuseBindingOrEtag (0.075834ms)
✔ LegacyDraftRefreshIsExplicit (0.265375ms)
✔ DisabledTypesCannotSave (0.221959ms)
✔ InvalidFieldsHaveSpecificFeedback (0.248958ms)
✔ UnselectedPolicyFiltersAreOmittedFromRequest (0.128625ms)
✔ CircuitDefaultCountsEveryServerError (0.100042ms)
✔ UnparsedJwksIsDirtyAndPreservedAcrossConfirmedModesAndRevisionAdoption (2.900208ms)
✔ SharedReadSourceCopiesOnlyIntoActuallyWritableTargets (0.311958ms)
✔ renaming escaped properties updates the same parent required and preserves unknown constraints (1.783958ms)
✔ removing a property updates only its own parent required and array branches use exact indices (0.232625ms)
✔ patches do not cross prototype or missing paths and boolean schemas remain real values (0.085125ms)
✔ bounded trees include boolean, composition and reference entries without expanding recursive refs (2.244708ms)
✔ DirtyRawTextSurvivesDefinitionSwitchAttempt (0.141875ms)
✔ LateValidationCannotOverwriteNewDraft or another revision, format, direction or request (0.119209ms)
✔ FalsyInstancesAreShownAndValidated and external examples do not fetch or disappear (0.127125ms)
✔ schema patches preserve large and tiny numeric literals while rejecting duplicate keys (0.963334ms)
✔ tree summaries expose constraints and exact numeric bounds without dropping extensions (0.228958ms)
✔ result display is invalidated synchronously by raw, sample, authority or media changes (0.137917ms)
✔ unavailable source examples remain visible as unverified choices (0.060291ms)
✔ sealed and readonly workbenches show tree, raw and validation without a save entry (181.774167ms)
✔ editable workbench uses an explicit save action and invalid raw stays visible with paused tree (3.258125ms)
✔ tree labels boolean and references and announces bounded truncation (35.03375ms)
✔ validation diagnostics expose accessible instance and schema locations without sample values (0.620917ms)
✔ server maintenance impact diagnostics show accessible repair pointers (0.312208ms)
✔ existing grants round-trip losslessly, including overlapping access modes and invisible scopes (2.045291ms)
✔ new scopes start with a single environment and read access; incomplete selection cannot become organization-wide (0.169666ms)
✔ changing a parent clears descendants but retains the intended level until the user selects replacements (0.077791ms)
✔ only an explicit level change creates organization or project-wide grants (0.062667ms)
✔ known hierarchy mismatches and arbitrary invisible replacements are rejected while inherited IDs survive other edits (0.073208ms)
✔ summary counts mode changes separately and represents empty scopes as revocation, without collapsing overlaps (0.117334ms)
✔ stable reads reject revision drift instead of pairing stale scopes with a newer writable revision (0.48625ms)
✔ exact duplicate grants cannot overstate saved counts; overlapping scopes with different access modes remain valid (0.145541ms)
✔ structured scope selects render accessible labels and only descendants of the selected parent (110.967417ms)
✔ invisible original scope remains selectable, exposes its literal ID and preservation explanation (0.712166ms)
✔ locked editing disables the rule group and new rules display only read by default (0.602625ms)
✔ empty review states explicitly revoke business scope and change summaries show all four counts (0.410708ms)
✔ a repeated group click closes its links and opening another replaces it (0.384125ms)
✔ detail routes and settings select their original group without prefix collisions (0.19ms)
✔ collapsed navigation hides its links; opening API exposes actual entries and current page (170.607417ms)
✔ settings remain reachable in platform governance (1.960416ms)
✔ the signed-in root page highlights the organization list it actually renders (2.191458ms)
✔ workbench navigation opens the dashboard while root keeps organization selection (1.702625ms)
✔ provider discovery is same origin and never automatically redirects (11.976625ms)
✔ failed provider read exposes retry error independently of local login (0.243292ms)
✔ start uses same origin native POST hidden CSRF and only controlled parameters (0.474125ms)
✔ completion restores identity then CSRF before navigation and does not navigate after failed restore (0.1455ms)
✔ error and return path accept only approved values (0.292708ms)
✔ loginPreservesNotificationAndEventDeepLinksWithoutAuthControlQuery (0.28675ms)
✔ late result cannot replace another provider (0.879917ms)
✔ revision conflict retains draft and requires explicit review (0.096667ms)
✔ revoked authority clears references and late responses (0.065792ms)
✔ unrelated business scopes do not remount platform identity but SSO authority changes do (0.073542ms)
✔ historical failed expired and future tests cannot enable a source (0.776083ms)
✔ retry semantics separate operations and preserve equivalent request ordering (0.142875ms)
✔ dirty navigation needs explicit discard decision (0.056125ms)
✔ provider native form accepts the same names and secret aliases as the API (0.38775ms)
✔ a completed mutation releases its own busy gate after detail epoch advances (0.126709ms)
✔ SSO user payload only explicit identity fields never password or roles (0.732583ms)
✔ binding subject remains case sensitive and only disabled SSO users with dual permissions can edit (0.142208ms)
✔ an alert rule editor has a labelled focusable fallback while its save controls are blocked (315.030333ms)
✔ preservesDraftOn412 (1.227ms)
✔ sameSemanticRetryKeepsIdempotencyKey (0.20275ms)
✔ secretKeepDoesNotSendPlaceholder (0.439334ms)
✔ revokeClearsDraftAndLateResponseCannotRestoreIt (0.087375ms)
✔ dirtyNavigationRequiresExplicitDiscard (0.066875ms)
✔ notificationStructuralTestNeverClaimsDelivery (0.112667ms)
✔ lateRouteDefaultDoesNotOverwriteInput (0.061458ms)
✔ conflictRequiresFreshReadBeforeAdoptingRevision (0.0695ms)
✔ OriginsDraftKeepsNewlinesUntilCommandBoundary (0.240375ms)
✔ PlatformSettingsShellDoesNotRemountForUnrelatedAuthority (0.152084ms)
WebSocket server error: Port 24678 is already in use
✔ a denied workbench shows no resource detail links or invented zero counts (250.382667ms)
✔ workbench renders scoped counts, partial coverage and real detail links without claiming all pending tasks (3.39525ms)
✔ missing request counts cannot create a Top API ranking and Trace sampling is not called request sampling (2.151292ms)
✔ workbench uses project API total and current environment 24h metrics with top API ranking (1.210875ms)
✔ workbench checks project API permission independently from environment and skips denied reads (0.59025ms)
✔ no workspace cannot trigger global or empty-id reads (0.351791ms)
✔ one failing source does not erase successful modules and HTTP access loss clears its data (25.255584ms)
✔ an aborted scope request cannot publish late results even if transport ignores abort (0.410791ms)
✔ missing, stale, unavailable and non-finite metrics cannot become healthy-looking numbers (0.213041ms)
ℹ tests 206
ℹ suites 0
ℹ pass 206
ℹ fail 0
ℹ cancelled 0
ℹ skipped 0
ℹ todo 0
ℹ duration_ms 714.032209
$ tsc --noEmit && vite build
vite v6.4.2 building for production...
transforming...
✓ 6360 modules transformed.
rendering chunks...
computing gzip size...
dist/index.html                   0.38 kB │ gzip:   0.31 kB
dist/assets/index-B6Hdfw5H.css   44.64 kB │ gzip:   9.24 kB
dist/assets/index-CY5iPP_R.js   630.57 kB │ gzip: 192.65 kB

(!) Some chunks are larger than 500 kB after minification. Consider:
- Using dynamic import() to code-split the application
- Use build.rollupOptions.output.manualChunks to improve chunking: https://rollupjs.org/configuration-options/#output-manualchunks
- Adjust chunk size limit for this warning via build.chunkSizeWarningLimit.
✓ built in 2.17s

WEBAPI_EXIT 0
