WEBAPI_FIXED_SOURCE adbcbed56a7e465c483b7462e4f3de9ac1156669
✔ validEvidenceReturnsFixedAcceptanceShape (81.335584ms)
✔ wrongInternalRevision (160.876542ms)
✔ missingServiceCounts (62.259709ms)
✔ fakeSecondPage (91.868542ms)
✔ wrongActualAction (61.442333ms)
✔ oldScreenshotRelabelled (52.310166ms)
✔ foreignConsole (40.20275ms)
✔ missingUiAction (42.427875ms)
✔ fakeOrModifiedScreenshotRejected (34.080417ms)
✔ onePixelOrReusedScreenshotCannotProveDesktopActions (34.664ms)
✔ oneScreenshotCannotBeReusedForDifferentActions (36.3065ms)
✔ nativeDesktopJpegIsAcceptedWithoutReencoding (38.192125ms)
✔ release must match fixed Git revision, actual image ID and container labels (0.467458ms)
✔ every registered rule and each declared case must link to a test actually passed in this revision (0.750417ms)
✔ public delivery accepts only public relative paths and rejects private credentials, traversal and links (0.46175ms)
✔ clone mutations and cleanup reject unowned resources or original service ports (0.208583ms)
✔ simulated UI success and missing/failed checks cannot become actual complete acceptance (0.216ms)
✔ self-compiled dependencies have immutable source provenance and matching bytes (174.856625ms)
✔ gate binds five distinct executed suites and actual UI/scenario/catalog materials (5.792083ms)
✔ old or failed internal domain proof is rejected despite a passing current wrapper (0.9385ms)
✔ old or failed internal integration proof is rejected despite a passing current wrapper (0.238083ms)
✔ old or failed internal gateway proof is rejected despite a passing current wrapper (0.122125ms)
✔ old or failed internal console proof is rejected despite a passing current wrapper (0.101292ms)
✔ old or failed internal runtime-contracts proof is rejected despite a passing current wrapper (0.111625ms)
✔ five wrappers cannot reuse a single material or duplicate a suite (0.123125ms)
✔ old internal ui source is rejected (0.507542ms)
✔ old internal scenario source is rejected (0.183625ms)
✔ old internal protection source is rejected (0.191416ms)
✔ old internal catalog source is rejected (0.111542ms)
✔ registered rules and claimed executed IDs must match actual domain Passed records (0.115583ms)
✔ passing wrapper cannot conceal failed same-revision internal results (0.102084ms)
✔ coverage log hash must bind the domain log instead of another material (0.248167ms)
✔ runner uses UUID-owned project and cleans only that project (698.914541ms)
✔ failed test exit survives resource cleanup (334.868667ms)
✔ foreign ownership prevents destructive cleanup (326.535417ms)
✔ fixed Unicode IDNA source and derived tables retain matching provenance (48.07125ms)
✔ GatewayEvidenceRequiresActualInternalSuiteImageScenarioAndCuaBindings (7.490333ms)
✔ GatewayEvidenceRejects-changed-sha (0.707875ms)
✔ GatewayEvidenceRejects-stale-suite (0.462333ms)
✔ GatewayEvidenceRejects-missing-scope (0.699666ms)
✔ GatewayEvidenceRejects-uncertain-send (0.49675ms)
✔ GatewayEvidenceRejects-empty-ui (0.464084ms)
✔ GatewayEvidenceRejects-stale-screenshot (0.457917ms)
✔ GatewayEvidenceRejects-forged-image-wrapper (6.567208ms)
✔ GatewayEvidenceRejects-protected-port (0.505541ms)
✔ GatewayEvidenceRejects-raw-token (0.333458ms)
✔ GatewayEvidenceRejects-raw-hmac (0.140667ms)
✔ GatewayEvidenceRejects-database-restore (0.462333ms)
✔ GatewayEvidenceRejects-stale-log (0.314875ms)
✔ ActualDetailedDotnetSummaryIsParsedAndCannotHideSkippedOrMissingPassedLines (0.689958ms)
✔ KeycloakFixtureUsersHaveCompleteProfilesAndExactAudienceWithoutChangingConsoleSso (0.74675ms)
✔ OldSoftwareGateReadsBothPhysicalNodeLkgNotJustCompatibleDesired (0.898416ms)
✔ MissingForeignTamperedOrWrongEnvironmentLkgFailsClosed (1.363208ms)
✔ ScenarioSendsSamePhysicalHostAcrossDifferentGatewayPorts (25.482208ms)
✔ LegacyInitializeCreatesOneSharedSecretWithoutRotatingAccounts (172.346583ms)
✔ ExistingReceiptMissingKeyFailsClosed (111.51625ms)
✔ ForeignChangedInsecureAndSymlinkCacheInputsAreRejected (128.225667ms)
✔ NewAndOldToolsReadOwnedArchivedDeploySafely (145.6225ms)
✔ CacheSecretInBackupButNeverPublicArtifact (193.4925ms)
✔ ProtectedBaselineAcceptsOnlyExactDeclaredArtifacts (0.282042ms)
✔ Runtime22BlocksOldSoftwareDowngradeUntilCompatibleRollback (0.088042ms)
✔ FailedReadDoesNotAuthorizeDestructiveRestore (0.041042ms)
✔ SharedCacheVolumeMustHaveExactOwnerAndReadonlyMatchingHash (0.313042ms)
✔ complete synthetic joint evidence is accepted (180.765334ms)
✔ missing recovery (81.000666ms)
✔ wrong candidate (98.196916ms)
✔ wrong bridge (67.257875ms)
✔ missing mixed Scope (51.063791ms)
✔ meaningless mixed Scope (50.464292ms)
✔ fake 5xx physical calls (42.378542ms)
✔ missing silence race (42.326375ms)
✔ relabelled internal source (40.064791ms)
✔ fake HMAC signature (40.05775ms)
✔ wrong container image (46.843125ms)
✔ wrong static bytes (45.067167ms)
✔ no actual UI action (45.071333ms)
✔ nonUUID clone (45.754458ms)
✔ private canary (35.943791ms)
✔ raw email (40.053542ms)
✔ retagged old suite counts (42.79425ms)
✔ not actually restored (43.625208ms)
✔ no live SSO (41.947209ms)
✔ no old capabilities regression (46.250334ms)
✔ suite receipt reads current log totals (31.795709ms)
✔ suite gate rejects stale header (30.196417ms)
✔ suite gate rejects nonzero exit (31.405834ms)
✔ suite gate rejects filtered suite (28.601959ms)
✔ suite gate rejects wrong reported total (29.858417ms)
✔ suite gate rejects skip (31.195791ms)
✔ fake cached shared counts (45.207417ms)
✔ fake physical retry count (44.704ms)
✔ borrowed approval identity (46.832916ms)
✔ boolean SSO without callback (44.104ms)
✔ SSO source drift (44.68775ms)
✔ approval and notification actions cannot reuse the same capture (40.783ms)
✔ parent metadata cannot publish a private canary (29.489542ms)
✔ seal verifies all bytes and never replaces existing evidence (139.444209ms)
✔ failed seal leaves no complete artifact (28.573584ms)
✔ manifest reads reject traversal and symlink inputs (3.354417ms)
✔ full runtime suites require the built candidate release identity (0.265917ms)
✔ OIDC callback evidence must follow the actual 303 success contract (54.762125ms)
✔ old worker default freeze is read from nested persisted policy (0.516833ms)
✔ top level flag cannot conceal enabled policy (0.399291ms)
✔ missing frozen policy fails closed (2.609917ms)
✔ recovered SMTP and Webhook use their actual distinct acceptance fields (0.177334ms)
✔ SMTP remoteAccepted alias cannot conceal a rejected DATA receipt (4.103375ms)
✔ Webhook without verified HMAC cannot pass recovery (0.444375ms)
✔ unrelated wire delivery cannot prove accepted tasks (0.226875ms)
✔ bridge builder rejects different baseline before any build (0.320041ms)
✔ bridge builder rejects missing owner before any build (0.184292ms)
✔ bridge builder rejects mutable ref before any build (0.966833ms)
✔ bridge builder rejects unchanged baseline before any build (0.264042ms)
✔ bridge builder refuses original local runtime as build storage (0.272375ms)
✔ valid pinned bridge receipt passes (0.472417ms)
✔ wrong bridge identity (0.191834ms)
✔ wrong baseline (0.11775ms)
✔ wrong image (0.207083ms)
✔ archive pollution (0.386375ms)
✔ changed lock (0.296625ms)
✔ unreviewed source (0.210292ms)
✔ writable rule bridge (0.164917ms)
✔ patch mismatch (0.104084ms)
✔ newBusinessRowsAndNotificationDefinitionsSurvive (0.203583ms)
✔ lost business (0.092333ms)
✔ lost notification definitions (0.063833ms)
✔ lost DP (0.050417ms)
✔ lost secret backup (1.430125ms)
✔ old DB overwrite (0.222542ms)
✔ sending switch (0.211167ms)
✔ wrong candidate (0.217666ms)
✔ nonUUID original (0.120375ms)
✔ original port (0.123416ms)
✔ bridgeRejectsUnknownJsonAndRuleWrites (0.088625ms)
✔ silent old worker sends (0.195041ms)
✔ unverified backup (0.175708ms)
✔ no real recovery (0.049708ms)
✔ invalid owner UUID (0.093417ms)
✔ invalid clone UUID (0.08975ms)
✔ out of range port (0.101875ms)
✔ missing observation archive (0.188792ms)
✔ duplicate archive (0.16475ms)
✔ maintenance refuses a worker which remains running after stop (0.216833ms)
✔ maintenance rejects foreign resources before stopping anything (0.064083ms)
✔ recovery evidence cannot conceal missing stopped-worker maintenance recovery (0.063583ms)
✔ an idle-only recovery cannot prove interrupted send maintenance (0.056416ms)
✔ emptyOrUnverifiableProtocolIsRejected (1.318ms)
✔ wrongInternalRevisionAndRelabelledScreenshotsAreRejected (0.156916ms)
✔ original4192NonFixtureTargetAndMissingSilenceProofAreRejected (0.1755ms)
✔ missingColdBackupVolumeAndModifiedHistoricalToolAreRejected (0.143083ms)
✔ privateCanaryAnywhereInEvidenceIsRejectedAndReturnShapeIsStable (0.535334ms)
✔ completeSyntheticVectorPassesAndEachInternalMutationFails (510.096334ms)
✔ privateCanaryInAnOtherwiseCompleteVectorFails (31.574916ms)
✔ equalButMeaninglessChecksAndUnverifiedHistoricalToolHashesFail (95.832083ms)
✔ plannedVolumeNamesCannotReplaceActualColdRestoreProof (211.045542ms)
✔ legacyCoreStateSchemaIsUnchanged (0.958459ms)
✔ sidecarRejectsForeignOwnerAndCorePortCollisions (0.261667ms)
✔ sidecarMustBeOwnedPrivateAndNotASymlink (55.547041ms)
✔ preparedSecretsAreUUIDOwnedAndNeverReplaceAnExistingOwner (593.649541ms)
✔ newNotificationPortIsCheckedIndependentlyOfCorePorts (5.215833ms)
✔ existingSecretsAreStableAndIncompleteOrChangedReceiptsFailClosed (172.73375ms)
✔ notificationColdBackupIncludesAllNewVolumesAndStopsFixture (0.22275ms)
✔ notificationComposeUsesReadonlySenderKeysAndLoopbackOnlyPorts (81.802584ms)
✔ notificationBackupRebindsOnlyVerifiedOwnerAndRetainsSecretHashes (338.209958ms)
✔ fixtureHealthNeverClaimsDeliveryAndChannelsDistinguishDisabled (0.259542ms)
✔ mereHealth200CannotClaimAvailableDeliveryChannel (0.043ms)
✔ certificateGenerationNeverWritesOutsideOwnedScratchOrExpiresInTwoDays (279.208709ms)
✔ fixedArchivedToolingArchivesDeploymentFromRepositoryRoot (155.792125ms)
✔ localWorkerGenericHostUsesExplicitDevelopmentEnvironment (68.464209ms)
✔ scenarioSqlActuallyAttachesInputToOwnedPostgres (0.519708ms)
✔ scenarioSqlRejectsForeignContainerBeforeInvocation (0.278ms)
✔ scenarioSqlRejectsOriginalPersistentProject (0.308417ms)
✔ coldRestoreRequiresSeparateUUIDIdentityAndDistinctExplicitPorts (0.860583ms)
✔ observability deployment exposes only loopback diagnostics and pins every runtime image (92.950084ms)
✔ fixed metric names need actual histogram and node gauge ingestion proof (0.304166ms)
✔ readiness or incomplete ingestion cannot be accepted as three-source proof (0.102917ms)
✔ missing or invalid telemetry pipeline rejects smoke rather than claiming health is success (12.617375ms)
✔ invalid published endpoint fails immediately and only loopback HTTP is allowed (0.3725ms)
✔ real log contract requires normalized metadata and safe projected method/path fields (0.326667ms)
✔ trace proof requires actual server/client scope, safe attributes, parent and search (0.259583ms)
ℹ tests 179
ℹ suites 0
ℹ pass 179
ℹ fail 0
ℹ cancelled 0
ℹ skipped 0
ℹ todo 0
ℹ duration_ms 1965.923792

WEBAPI_EXIT 0
