WEBAPI_FIXED_SOURCE adbcbed56a7e465c483b7462e4f3de9ac1156669
 Network webapi-contracts-test-1ce876d3-b2e5-4925-b0f7-f3b2120a9806_default Creating 
 Network webapi-contracts-test-1ce876d3-b2e5-4925-b0f7-f3b2120a9806_default Created 
 Volume webapi-contracts-test-1ce876d3-b2e5-4925-b0f7-f3b2120a9806_pg-test Creating 
 Volume webapi-contracts-test-1ce876d3-b2e5-4925-b0f7-f3b2120a9806_pg-test Created 
 Container webapi-contracts-test-1ce876d3-b2e5-4925-b0f7-f3b2120a9806-postgres-1 Creating 
 Container webapi-contracts-test-1ce876d3-b2e5-4925-b0f7-f3b2120a9806-redis-1 Creating 
 Container webapi-contracts-test-1ce876d3-b2e5-4925-b0f7-f3b2120a9806-postgres-1 Created 
 Container webapi-contracts-test-1ce876d3-b2e5-4925-b0f7-f3b2120a9806-redis-1 Created 
 Container webapi-contracts-test-1ce876d3-b2e5-4925-b0f7-f3b2120a9806-postgres-1 Starting 
 Container webapi-contracts-test-1ce876d3-b2e5-4925-b0f7-f3b2120a9806-redis-1 Starting 
 Container webapi-contracts-test-1ce876d3-b2e5-4925-b0f7-f3b2120a9806-postgres-1 Started 
 Container webapi-contracts-test-1ce876d3-b2e5-4925-b0f7-f3b2120a9806-redis-1 Started 
 Container webapi-contracts-test-1ce876d3-b2e5-4925-b0f7-f3b2120a9806-redis-1 Waiting 
 Container webapi-contracts-test-1ce876d3-b2e5-4925-b0f7-f3b2120a9806-postgres-1 Waiting 
 Container webapi-contracts-test-1ce876d3-b2e5-4925-b0f7-f3b2120a9806-redis-1 Healthy 
 Container webapi-contracts-test-1ce876d3-b2e5-4925-b0f7-f3b2120a9806-postgres-1 Healthy 
 Volume webapi-contracts-test-1ce876d3-b2e5-4925-b0f7-f3b2120a9806_nuget-test Creating 
 Volume webapi-contracts-test-1ce876d3-b2e5-4925-b0f7-f3b2120a9806_nuget-test Created 
 Container webapi-contracts-test-1ce876d3-b2e5-4925-b0f7-f3b2120a9806-sdk-run-9cdf17f41cbb Creating 
 Container webapi-contracts-test-1ce876d3-b2e5-4925-b0f7-f3b2120a9806-sdk-run-9cdf17f41cbb Created 
  Determining projects to restore...
  Restored /test-src/src/WebApi.TestBackend/WebApi.TestBackend.csproj (in 49 ms).
  Restored /test-src/third_party/json-everything/src/Json.More/Json.More.csproj (in 48 ms).
  Restored /test-src/src/WebApi.Domain/WebApi.Domain.csproj (in 49 ms).
  Restored /test-src/src/WebApi.Contracts/WebApi.Contracts.csproj (in 49 ms).
  Restored /test-src/src/WebApi.ConsoleHost/WebApi.ConsoleHost.csproj (in 1.68 sec).
  Restored /test-src/tests/WebApi.EndToEnd.Tests/WebApi.EndToEnd.Tests.csproj (in 1.68 sec).
  Restored /test-src/third_party/json-everything/src/JsonPointer/JsonPointer.csproj (in 2.51 sec).
  Restored /test-src/third_party/json-everything/src/JsonSchema/JsonSchema.csproj (in 2.51 sec).
  Restored /test-src/src/WebApi.ControlPlane/WebApi.ControlPlane.csproj (in 4.26 sec).
  Restored /test-src/tests/WebApi.NotificationFixtureHost/WebApi.NotificationFixtureHost.csproj (in 4.26 sec).
  Restored /test-src/src/WebApi.Migrator/WebApi.Migrator.csproj (in 4.26 sec).
  Restored /test-src/src/WebApi.Gateway/WebApi.Gateway.csproj (in 4.26 sec).
  Restored /test-src/src/WebApi.Worker/WebApi.Worker.csproj (in 4.26 sec).
  Restored /test-src/tests/WebApi.TestSupport/WebApi.TestSupport.csproj (in 4.26 sec).
  Restored /test-src/tests/WebApi.Domain.Tests/WebApi.Domain.Tests.csproj (in 4.26 sec).
  Restored /test-src/tests/WebApi.Integration.Tests/WebApi.Integration.Tests.csproj (in 4.26 sec).
  Restored /test-src/tests/WebApi.Gateway.Tests/WebApi.Gateway.Tests.csproj (in 4.26 sec).
  Restored /test-src/src/WebApi.Infrastructure/WebApi.Infrastructure.csproj (in 4.29 sec).
  Determining projects to restore...
  Restored /test-src/src/WebApi.RuntimeTool/WebApi.RuntimeTool.csproj (in 148 ms).
  6 of 7 projects are up-to-date for restore.
  Json.More -> /runtime-tool/Json.More.dll
  WebApi.Contracts -> /runtime-tool/WebApi.Contracts.dll
  JsonPointer -> /runtime-tool/JsonPointer.Net.dll
  WebApi.Domain -> /runtime-tool/WebApi.Domain.dll
  JsonSchema -> /runtime-tool/JsonSchema.Net.dll
  WebApi.Infrastructure -> /runtime-tool/WebApi.Infrastructure.dll
  WebApi.RuntimeTool -> /runtime-tool/WebApi.RuntimeTool.dll

Build succeeded.
    0 Warning(s)
    0 Error(s)

Time Elapsed 00:00:04.96
  WebApi.Contracts -> /test-src/src/WebApi.Contracts/bin/Release/net10.0/WebApi.Contracts.dll
  Json.More -> /test-src/third_party/json-everything/src/Json.More/bin/Release/net10.0/Json.More.dll
  WebApi.Domain -> /test-src/src/WebApi.Domain/bin/Release/net10.0/WebApi.Domain.dll
  JsonPointer -> /test-src/third_party/json-everything/src/JsonPointer/bin/Release/net10.0/JsonPointer.Net.dll
  WebApi.TestBackend -> /test-src/src/WebApi.TestBackend/bin/Release/net10.0/WebApi.TestBackend.dll
  WebApi.ConsoleHost -> /test-src/src/WebApi.ConsoleHost/bin/Release/net10.0/WebApi.ConsoleHost.dll
  JsonSchema -> /test-src/third_party/json-everything/src/JsonSchema/bin/Release/net10.0/JsonSchema.Net.dll
  WebApi.Infrastructure -> /test-src/src/WebApi.Infrastructure/bin/Release/net10.0/WebApi.Infrastructure.dll
  WebApi.NotificationFixtureHost -> /test-src/tests/WebApi.NotificationFixtureHost/bin/Release/net10.0/WebApi.NotificationFixtureHost.dll
  WebApi.Gateway -> /test-src/src/WebApi.Gateway/bin/Release/net10.0/WebApi.Gateway.dll
  WebApi.ControlPlane -> /test-src/src/WebApi.ControlPlane/bin/Release/net10.0/WebApi.ControlPlane.dll
  WebApi.TestSupport -> /test-src/tests/WebApi.TestSupport/bin/Release/net10.0/WebApi.TestSupport.dll
  WebApi.Gateway.Tests -> /test-src/tests/WebApi.Gateway.Tests/bin/Release/net10.0/WebApi.Gateway.Tests.dll
Test run for /test-src/tests/WebApi.Gateway.Tests/bin/Release/net10.0/WebApi.Gateway.Tests.dll (.NETCoreApp,Version=v10.0)
A total of 1 test files matched the specified pattern.
/test-src/tests/WebApi.Gateway.Tests/bin/Release/net10.0/WebApi.Gateway.Tests.dll
[xUnit.net 00:00:00.00] xUnit.net VSTest Adapter v3.1.5+1b188a7b0a (64-bit .NET 10.0.12)
[xUnit.net 00:00:00.03]   Discovering: WebApi.Gateway.Tests
[xUnit.net 00:00:00.06]   Discovered:  WebApi.Gateway.Tests
[xUnit.net 00:00:00.07]   Starting:    WebApi.Gateway.Tests
  Passed WebApi.Gateway.Tests.RedisRateLimitTests.CancelledCallerNotReportedAsBackendFailure [15 ms]
  Passed WebApi.Gateway.Tests.BoundedResponseCaptureTests.StreamAndBodyWriterCaptureAreBoundedAndRestoreOriginalFeature(pipe: True) [29 ms]
  Passed WebApi.Gateway.Tests.BoundedResponseCaptureTests.StreamAndBodyWriterCaptureAreBoundedAndRestoreOriginalFeature(pipe: False) [< 1 ms]
  Passed WebApi.Gateway.Tests.BoundedResponseCaptureTests.JsonRejectionCanWriteThroughCapturePipeWriter [7 ms]
  Passed WebApi.Gateway.Tests.CacheEligibilityTests.LegacyBusinessAuthorizationAndCookiesBypass [38 ms]
  Passed WebApi.Gateway.Tests.CacheEligibilityTests.AgeAndOriginLifetimeCapPolicyTtl [5 ms]
  Passed WebApi.Gateway.Tests.CacheEligibilityTests.NoStorePrivateNoCacheUnknownVaryAndSetCookieNeverStore [< 1 ms]
  Passed WebApi.Gateway.Tests.CircuitRegistryTests.SameIdentityCannotSilentlyReplaceConfiguration [12 ms]
  Passed WebApi.Gateway.Tests.CircuitRegistryTests.SameRuntimeIdentitySharesUntilLastGenerationReleases [< 1 ms]
  Passed WebApi.Gateway.Tests.CircuitRegistryTests.ChangedInstanceOrRouteOrClusterOrPolicyHasIndependentState [< 1 ms]
  Passed WebApi.Gateway.Tests.RedisRateLimitTests.TwoClientsShareExactBurstAtFrozenRedisTime [140 ms]
  Passed WebApi.Gateway.Tests.JwtTokenVerifierTests.NeverInvokesNetworkOrLogsClaims [196 ms]
  Passed WebApi.Gateway.Tests.JwtTokenVerifierTests.RequireFiniteDatesSubAndBoundedLifetime [191 ms]
  Passed WebApi.Gateway.Tests.RedisResponseCacheTests.ConcurrentWritesCannotExceed64MiBOr2000Entries(bodyBytes: 100) [482 ms]
  Passed WebApi.Gateway.Tests.JwtTokenVerifierTests.RejectNoneHsConfusionBadSignatureUnknownKidAndTokenSuppliedUrls [307 ms]
  Passed WebApi.Gateway.Tests.RedisRateLimitTests.TimeoutAfterDispatchDoesNotRedispatch [574 ms]
  Passed WebApi.Gateway.Tests.JwtTokenVerifierTests.Rs256AndEs256VerifyWithExactIssuerAudienceType(algorithm: "RS256") [90 ms]
  Passed WebApi.Gateway.Tests.JwtTokenVerifierTests.Rs256AndEs256VerifyWithExactIssuerAudienceType(algorithm: "ES256") [5 ms]
  Passed WebApi.Gateway.Tests.JwtTokenVerifierTests.RejectDuplicateClaimsExtraSegmentsAndOver16KiB [115 ms]
  Passed WebApi.Gateway.Tests.RedisRateLimitTests.DifferentAppsAndRoutesIsolated [195 ms]
  Passed WebApi.Gateway.Tests.RedisResponseCacheTests.ConcurrentWritesCannotExceed64MiBOr2000Entries(bodyBytes: 40000) [466 ms]
  Passed WebApi.Gateway.Tests.RedisRateLimitTests.ElapsedTimeRefillsAndSetsBoundedTtl [240 ms]
  Passed WebApi.Gateway.Tests.CacheKeyTests.IdentityAndTokenForwardingPartitionPrecisely [1 s]
  Passed WebApi.Gateway.Tests.CacheKeyTests.AllRawQueryValuesAndVaryAreIncluded [110 ms]
  Passed WebApi.Gateway.Tests.RedisRateLimitTests.RedisClockRollbackDoesNotRefillAlreadyAccountedTime [607 ms]
  Passed WebApi.Gateway.Tests.RedisResponseCacheTests.TwoNodesReadSameCompleteEntryAndRejectCorruptPayload [846 ms]
  Passed WebApi.Gateway.Tests.RedisRateLimitTests.SameAppCredentialsShareBucket [14 ms]
  Passed WebApi.Gateway.Tests.RedisRateLimitTests.ProductionRedisTimeUsesSharedBucketWithoutTestClock [31 ms]
  Passed WebApi.Gateway.Tests.RedisResponseCacheTests.EqualCountsWithDifferentIndexMembersRefuseBeforeAnyMutation [110 ms]
  Passed WebApi.Gateway.Tests.RedisResponseCacheTests.ExpiredReadSweepPreservesAccountingExpiry [119 ms]
  Passed WebApi.Gateway.Tests.RedisResponseCacheTests.MissingQuotaMetadataWithLivePayloadBlocksNewWrites [83 ms]
  Passed WebApi.Gateway.Tests.RedisResponseCacheTests.SweepNeverProcessesOver128 [1 s]
  Passed WebApi.Gateway.Tests.RedisResponseCacheTests.TimeoutIsNotRetriedAndCorruptAccountingBypasses [151 ms]
  Passed WebApi.Gateway.Tests.TrafficPolicyPipelineTests.ConsumedTokenNotRefundedAfterCircuitReject [6 s]
  Passed WebApi.Gateway.Tests.GatewayRuntimeTests.ActualRequestUsesPublishedDestination [6 s]
  Passed WebApi.Gateway.Tests.ResponseCachePipelineTests.UnsafeResponseAlwaysFlowsWithoutStoredEntry(reason: "no-store") [6 s]
  Passed WebApi.Gateway.Tests.JwtAuthorizationPipelineTests.JwtValidAppGrantAllowsAndAppRateReceivesIdentity [6 s]
  Passed WebApi.Gateway.Tests.RetryPipelineTests.NoRetryUnsafeBodyStartedResponseUncertainSendOrCancel(kind: "PUT") [6 s]
  Passed WebApi.Gateway.Tests.GatewayForwardingCompatibilityTests.DefaultAndConfiguredTransformsKeepHostForwardedBasePathAndRawQuery [6 s]
  Passed WebApi.Gateway.Tests.GatewayTelemetryTests.SensitiveMarkersAbsentFromAllSignals [6 s]
  Passed WebApi.Gateway.Tests.PolicyTelemetryTests.PolicyDecisionsVisibleWithoutSecrets [6 s]
  Passed WebApi.Gateway.Tests.AdvancedPolicyTelemetryTests.CacheHitNoClientSpanAndFiveDecisionsSurvive [6 s]
  Passed WebApi.Gateway.Tests.GatewayTelemetryTests.CollectorResponseIsBoundedBeforeReadingPayload [15 ms]
  Passed WebApi.Gateway.Tests.CacheActivationTests.NodeDeploymentLimitRejectsActivationAndRetainsLkg(reason: "vary") [6 s]
  Passed WebApi.Gateway.Tests.GatewayTelemetryTests.DiagnosticsHaveZeroBaselinesBeforeAnyLoss [8 ms]
  Passed WebApi.Gateway.Tests.AdvancedPolicyCompositionTests.OpenAllowsFreshHitRejectsMissAndHitNeverClosesHalfOpen [6 s]
  Passed WebApi.Gateway.Tests.GatewayTelemetryTests.RootSamplingIgnoresUnrecordedHostingActivityButHonorsRemoteDecision(flags: null, expected: True) [4 s]
  Passed WebApi.Gateway.Tests.AdvancedPolicyTelemetryTests.ThreeAttemptsAreThreeClientSpansOneRequestMetric [4 s]
  Passed WebApi.Gateway.Tests.RetryPipelineTests.NoRetryUnsafeBodyStartedResponseUncertainSendOrCancel(kind: "UPGRADE") [4 s]
  Passed WebApi.Gateway.Tests.CacheActivationTests.NodeDeploymentLimitRejectsActivationAndRetainsLkg(reason: "missing") [4 s]
  Passed WebApi.Gateway.Tests.AdvancedPolicyCompositionTests.RetriedFinal200OnlyStoresFinalResponse [4 s]
  Passed WebApi.Gateway.Tests.TrafficPolicyPipelineTests.LimitedRequestNeverTouchesBackend [4 s]
  Passed WebApi.Gateway.Tests.PolicyTelemetryTests.Gateway503HasNoFakeDestination [4 s]
  Passed WebApi.Gateway.Tests.JwtAuthorizationPipelineTests.UnknownMapping401DisabledOrUnGranted403(kind: "expired", status: 403) [4 s]
  Passed WebApi.Gateway.Tests.GatewayForwardingCompatibilityTests.UpstreamRedirectAndCookieAreNotInternallyFollowedOrPersisted [4 s]
  Passed WebApi.Gateway.Tests.ResponseCachePipelineTests.UnsafeResponseAlwaysFlowsWithoutStoredEntry(reason: "trailer") [4 s]
  Passed WebApi.Gateway.Tests.GatewayTelemetryTests.RootSamplingIgnoresUnrecordedHostingActivityButHonorsRemoteDecision(flags: "00", expected: False) [4 s]
  Passed WebApi.Gateway.Tests.AdvancedPolicyTelemetryTests.RejectedJwtRecordsOnlyFinalSafeDecisionAndNoAttempt [4 s]
  Passed WebApi.Gateway.Tests.ResponseCachePipelineTests.UnsafeResponseAlwaysFlowsWithoutStoredEntry(reason: "sse") [4 s]
  Passed WebApi.Gateway.Tests.RetryPipelineTests.NoRetryUnsafeBodyStartedResponseUncertainSendOrCancel(kind: "CONDITIONAL") [4 s]
  Passed WebApi.Gateway.Tests.GatewayRuntimeTests.CredentialExpiresAtAdmission [8 s]
  Passed WebApi.Gateway.Tests.JwtAuthorizationPipelineTests.UnknownMapping401DisabledOrUnGranted403(kind: "ungranted", status: 403) [4 s]
  Passed WebApi.Gateway.Tests.PolicyTelemetryTests.NoRevisionOrAppDimensionOnPolicyCounter [4 s]
  Passed WebApi.Gateway.Tests.GatewayForwardingCompatibilityTests.EveryActualAttemptNotifiesPassiveHealthAndReleasesOwnConcurrency [4 s]
  Passed WebApi.Gateway.Tests.CacheActivationTests.NodeDeploymentLimitRejectsActivationAndRetainsLkg(reason: "limit") [4 s]
  Passed WebApi.Gateway.Tests.TrafficPolicyPipelineTests.RedisRejectAndAllowProduceDifferentFacts(mode: "Reject", status: 503, calls: 0) [4 s]
  Passed WebApi.Gateway.Tests.AdvancedPolicyCompositionTests.HitReauthsAndConsumesOneRateTokenWithoutCircuitSample [4 s]
  Passed WebApi.Gateway.Tests.GatewayTelemetryTests.RootSamplingIgnoresUnrecordedHostingActivityButHonorsRemoteDecision(flags: "01", expected: True) [3 s]
  Passed WebApi.Gateway.Tests.TrafficPolicyPipelineTests.RedisRejectAndAllowProduceDifferentFacts(mode: "Allow", status: 200, calls: 1) [3 s]
  Passed WebApi.Gateway.Tests.RetryPipelineTests.NoRetryUnsafeBodyStartedResponseUncertainSendOrCancel(kind: "POST") [3 s]
  Passed WebApi.Gateway.Tests.GatewayRuntimeTests.RoundRobinActuallyUsesDestinationWeights [3 s]
  Passed WebApi.Gateway.Tests.AdvancedPolicyTelemetryTests.AttemptTimeoutUsesTimeoutCircuitSettingAndFinalObservation(countTimeouts: False, countConnections: True) [3 s]
  Passed WebApi.Gateway.Tests.JwtAuthorizationPipelineTests.UnknownMapping401DisabledOrUnGranted403(kind: "unknown", status: 401) [3 s]
  Passed WebApi.Gateway.Tests.ResponseCachePipelineTests.UnsafeResponseAlwaysFlowsWithoutStoredEntry(reason: "304") [3 s]
  Passed WebApi.Gateway.Tests.GatewayTelemetryTests.EmptyDestinationPoolDoesNotFabricateClientSpan [3 s]
  Passed WebApi.Gateway.Tests.JwtAuthorizationPipelineTests.UnknownMapping401DisabledOrUnGranted403(kind: "disabled", status: 403) [3 s]
  Passed WebApi.Gateway.Tests.AdvancedPolicyTelemetryTests.AttemptTimeoutUsesTimeoutCircuitSettingAndFinalObservation(countTimeouts: True, countConnections: False) [3 s]
  Passed WebApi.Gateway.Tests.RetryPipelineTests.NoRetryUnsafeBodyStartedResponseUncertainSendOrCancel(kind: "PATCH") [3 s]
  Passed WebApi.Gateway.Tests.GatewayRuntimeTests.CorruptLatestFileRestoresPreviousLkg [3 s]
  Passed WebApi.Gateway.Tests.ResponseCachePipelineTests.UnsafeResponseAlwaysFlowsWithoutStoredEntry(reason: "no-cache") [3 s]
  Passed WebApi.Gateway.Tests.TrafficPolicyPipelineTests.RetiredGenerationKeepsCircuitUntilLastRequestReleases [3 s]
  Passed WebApi.Gateway.Tests.ResponseCachePipelineTests.UnsafeResponseAlwaysFlowsWithoutStoredEntry(reason: "vary") [3 s]
  Passed WebApi.Gateway.Tests.GatewayTelemetryTests.InvalidCredentialUsesUnknownApp [3 s]
  Passed WebApi.Gateway.Tests.JwtAuthorizationPipelineTests.UnknownMapping401DisabledOrUnGranted403(kind: "future", status: 403) [3 s]
  Passed WebApi.Gateway.Tests.RetryPipelineTests.NoRetryUnsafeBodyStartedResponseUncertainSendOrCancel(kind: "GRPC") [3 s]
  Passed WebApi.Gateway.Tests.TrafficPolicyPipelineTests.LateOldRequestUsesOldPolicyGeneration [3 s]
  Passed WebApi.Gateway.Tests.TrafficPolicyPipelineTests.ClientAbortAndNoDestinationNotCountedAsUpstreamFailure [1 ms]
  Passed WebApi.Gateway.Tests.GatewayRuntimeTests.LkgWriteDeniedKeepsOldTraffic [3 s]
  Passed WebApi.Gateway.Tests.GatewayTelemetryTests.FirstLossHasActualTimestampEvenBeforeCounterBaseline [2 s]
  Passed WebApi.Gateway.Tests.RetryPipelineTests.NoRetryUnsafeBodyStartedResponseUncertainSendOrCancel(kind: "DELETE") [2 s]
  Passed WebApi.Gateway.Tests.JwtAuthorizationPipelineTests.LegacyApiKeyAndAnonymousPreserveBusinessAuthorization(requireKey: True) [2 s]
  Passed WebApi.Gateway.Tests.GatewayRuntimeTests.ControlPlaneAndRedisDownStillProxyFromLkg [2 s]
  Passed WebApi.Gateway.Tests.TrafficPolicyPipelineTests.TelemetryOffStillPartitionsByAuthenticatedApp [2 s]
  Passed WebApi.Gateway.Tests.ResponseCachePipelineTests.UnsafeResponseAlwaysFlowsWithoutStoredEntry(reason: "cookie") [2 s]
  Passed WebApi.Gateway.Tests.GatewayRuntimeTests.NoLkgNoRemoteNotReady [2 s]
  Passed WebApi.Gateway.Tests.RetryPipelineTests.NoRetryUnsafeBodyStartedResponseUncertainSendOrCancel(kind: "RANGE") [2 s]
  Passed WebApi.Gateway.Tests.JwtAuthorizationPipelineTests.LegacyApiKeyAndAnonymousPreserveBusinessAuthorization(requireKey: False) [2 s]
  Passed WebApi.Gateway.Tests.TrafficPolicyPipelineTests.AuthRejectNeverConsumesOrTripsCircuit [2 s]
  Passed WebApi.Gateway.Tests.ResponseCachePipelineTests.UnsafeResponseAlwaysFlowsWithoutStoredEntry(reason: "private") [2 s]
  Passed WebApi.Gateway.Tests.GatewayTelemetryTests.LateOldRequestKeepsOldSequenceAndDestination [2 s]
  Passed WebApi.Gateway.Tests.RetryPipelineTests.NoRetryUnsafeBodyStartedResponseUncertainSendOrCancel(kind: "GET_BODY") [2 s]
  Passed WebApi.Gateway.Tests.ResponseCachePipelineTests.UnsafeResponseAlwaysFlowsWithoutStoredEntry(reason: "gzip") [2 s]
  Passed WebApi.Gateway.Tests.GatewayTelemetryTests.QueueFullDoesNotBlockProxy [2 s]
  Passed WebApi.Gateway.Tests.TrafficPolicyPipelineTests.UnchangedRuntimeIdentityHotPublishKeepsOpenCircuit [2 s]
  Passed WebApi.Gateway.Tests.JwtAuthorizationPipelineTests.JwtStripsSpoofedHeadersAndOnlyExplicitlyForwardsBearer(forward: True) [2 s]
  Passed WebApi.Gateway.Tests.GatewayRuntimeTests.RequestUsesOneRoutingAndAuthGeneration [2 s]
  Passed WebApi.Gateway.Tests.RetryPipelineTests.RetryUsesDifferentHealthyWeightedTargets [2 s]
  Passed WebApi.Gateway.Tests.GatewayRuntimeTests.RuntimeCollectionsCannotMutateAfterActivation [2 s]
  Passed WebApi.Gateway.Tests.JwtAuthorizationPipelineTests.JwtStripsSpoofedHeadersAndOnlyExplicitlyForwardsBearer(forward: False) [2 s]
  Passed WebApi.Gateway.Tests.GatewayTelemetryTests.Aborted200HeadersNotCountedSuccessful [2 s]
  Passed WebApi.Gateway.Tests.ResponseCachePipelineTests.OriginAgeAndExpiryPreventStaleCrossNodeHit [4 s]
  Passed WebApi.Gateway.Tests.RetryPipelineTests.PerAttemptTimeoutAfterRequestSentDoesNotReplay [2 s]
  Passed WebApi.Gateway.Tests.GatewayTelemetryTests.HealthObserverReadsActualYarpStateUsingManagementIds [2 s]
  Passed WebApi.Gateway.Tests.JwtAuthorizationPipelineTests.WrongTokenCannotFallbackToApiKeyOrAnonymous [2 s]
  Passed WebApi.Gateway.Tests.GatewayRuntimeTests.BadHashKeepsOldGenerationAndNoAck [2 s]
  Passed WebApi.Gateway.Tests.ResponseCachePipelineTests.JwtUsersIsolatedAndBearerRefreshPartitionIsExplicit(forward: True) [2 s]
  Passed WebApi.Gateway.Tests.GatewayTelemetryTests.HealthRequestsExcluded [2 s]
  Passed WebApi.Gateway.Tests.GatewayRuntimeTests.RestartRejectsNewLkgButRestoresPriorUsableCopy [2 s]
  Passed WebApi.Gateway.Tests.JwtAuthorizationPipelineTests.OldRequestAcrossActivationUsesOldJwtKeysMappingAndGrant [2 s]
  Passed WebApi.Gateway.Tests.RetryPipelineTests.ActivationDuringBackoffKeepsOldGeneration [2 s]
  Passed WebApi.Gateway.Tests.RetryPipelineTests.ConcurrentOpenDuringBackoffReturnsOriginalFailureWithoutAnotherRequest [1 s]
  Passed WebApi.Gateway.Tests.GatewayRuntimeTests.RealDoubleGatewayRestartConfirmsLkgWithoutRepublishing [1 s]
  Passed WebApi.Gateway.Tests.GatewayTelemetryTests.ExportFailureIsCountedAndLaterRequestsRecover [1 s]
  Passed WebApi.Gateway.Tests.ResponseCachePipelineTests.JwtUsersIsolatedAndBearerRefreshPartitionIsExplicit(forward: False) [1 s]
  Passed WebApi.Gateway.Tests.RetryPipelineTests.SingleAttemptStillHonorsItsOwnDeadline [2 s]
  Passed WebApi.Gateway.Tests.GatewayRuntimeTests.YarpRejectedConfigDoesNotAck [2 s]
  Passed WebApi.Gateway.Tests.ResponseCachePipelineTests.PublishRollbackSequenceNeverReusesHistoricalCache [2 s]
  Passed WebApi.Gateway.Tests.RetryPipelineTests.OverallBudgetIncludesDelayAndRetryAfter(reason: "retryAfter") [2 s]
  Passed WebApi.Gateway.Tests.ResponseCachePipelineTests.NodeAFillsNodeBHitsWithFreshTraceAndAge [3 s]
  Passed WebApi.Gateway.Tests.RetryPipelineTests.OverallBudgetIncludesDelayAndRetryAfter(reason: "delay") [1 s]
  Passed WebApi.Gateway.Tests.ResponseCachePipelineTests.TruncatedBodyNeverStores [1 s]
  Passed WebApi.Gateway.Tests.RetryPipelineTests.ClientCancellationDuringBackoffStartsNoAdditionalAttempt [1 s]
  Passed WebApi.Gateway.Tests.RetryPipelineTests.HalfOpenIsOneAttemptAndConcurrentOpenStopsNext [1 s]
  Passed WebApi.Gateway.Tests.ResponseCachePipelineTests.OversizeContinuesStreamingWithoutCacheEntry [1 s]
  Passed WebApi.Gateway.Tests.RetryPipelineTests.UncertainDisconnectAndStartedBodyNeverReplay [1 s]
  Passed WebApi.Gateway.Tests.RetryPipelineTests.TwoSuppressed503Then200ProducesThreeCallsOneResponse [1 s]
[xUnit.net 00:00:55.47]   Finished:    WebApi.Gateway.Tests
  Passed WebApi.Gateway.Tests.ResponseCachePipelineTests.ClientAbortNeverStoresAndFirstChunkDoesNotWaitForCompletion [3 s]
  Passed WebApi.Gateway.Tests.RetryPipelineTests.ExhaustedFailureForwardsLastCompleteResponse [1 s]

Test Run Successful.
Total tests: 138
     Passed: 138
 Total time: 55.6606 Seconds
 Container webapi-contracts-test-1ce876d3-b2e5-4925-b0f7-f3b2120a9806-redis-1 Stopping 
 Container webapi-contracts-test-1ce876d3-b2e5-4925-b0f7-f3b2120a9806-postgres-1 Stopping 
 Container webapi-contracts-test-1ce876d3-b2e5-4925-b0f7-f3b2120a9806-postgres-1 Stopped 
 Container webapi-contracts-test-1ce876d3-b2e5-4925-b0f7-f3b2120a9806-postgres-1 Removing 
 Container webapi-contracts-test-1ce876d3-b2e5-4925-b0f7-f3b2120a9806-postgres-1 Removed 
 Container webapi-contracts-test-1ce876d3-b2e5-4925-b0f7-f3b2120a9806-redis-1 Stopped 
 Container webapi-contracts-test-1ce876d3-b2e5-4925-b0f7-f3b2120a9806-redis-1 Removing 
 Container webapi-contracts-test-1ce876d3-b2e5-4925-b0f7-f3b2120a9806-redis-1 Removed 
 Volume webapi-contracts-test-1ce876d3-b2e5-4925-b0f7-f3b2120a9806_nuget-test Removing 
 Network webapi-contracts-test-1ce876d3-b2e5-4925-b0f7-f3b2120a9806_default Removing 
 Volume webapi-contracts-test-1ce876d3-b2e5-4925-b0f7-f3b2120a9806_pg-test Removing 
 Volume webapi-contracts-test-1ce876d3-b2e5-4925-b0f7-f3b2120a9806_nuget-test Removed 
 Volume webapi-contracts-test-1ce876d3-b2e5-4925-b0f7-f3b2120a9806_pg-test Removed 
 Network webapi-contracts-test-1ce876d3-b2e5-4925-b0f7-f3b2120a9806_default Removed 

WEBAPI_EXIT 0
