WEBAPI_FIXED_SOURCE adbcbed56a7e465c483b7462e4f3de9ac1156669
✔ fixtureCannotTargetPersistentProject (0.707292ms)
✔ readinessAloneCannotPassAcceptance (0.132375ms)
✔ cleanupRejectsForeignOwner (0.151792ms)
✔ cleanupFailureMakesAcceptanceFail (0.12825ms)
✔ restoreAndBackupCannotTargetPersistentProject (5.922166ms)
✔ manualBackupRequiresOwnedDirectoryBeforeWriting (11.721791ms)
✔ backupStopsOnlyDeclaredServicesForUnboundAndNonDemoDeployments (0.39175ms)
✔ cacheBackupVolumeSelectionRetainsOldDeploymentCompatibility (0.132708ms)
✔ backupFailureRestartsAllOriginalServicesEvenAfterPartialStop (0.376ms)
✔ buildUsesResolvedCommitNotWorkingTree (308.534958ms)
✔ failedBuildKeepsCurrentRelease (266.426875ms)
✔ rejectUnfrozenConsoleDependencies (113.024833ms)
✔ immutableBinaryIdentityIsInsideImageAndRelease (118.820167ms)
✔ RunnerRefusesLocalDirectoryAndForeignOwner (1.007125ms)
✔ FailureCannotEmitPassedEvidence (0.149958ms)
✔ UnknownOrUnverifiedUiCannotFinalizeDelivery (0.685708ms)
✔ ArchiveExcludesSecretsPrivateInputsAndDependencies (0.45675ms)
✔ MissingScreenshotCannotBeSwallowedAsMissingOptionalUiProof (2.850125ms)
✔ OnlyForeignOwnerNetworkRejectsCleanup (0.194375ms)
✔ CompleteRequiresEveryUiActionAndVerifiedCleanup (0.211ms)
✔ inactiveOrUnauthorizedEnvironmentLeavesBindingUnchanged (121.023875ms)
✔ differentEnvironmentRejectedBeforeRecreate (59.598209ms)
✔ sameBindingDoesNotRotateSecrets (76.101125ms)
✔ environmentDisabledAfterValidationNeverReportsReady (36.282709ms)
✔ recreateFailurePreservesRetryableBinding (33.914709ms)
✔ disabledExistingNodeDoesNotCountAsRegistration (42.433792ms)
✔ failedReconfigurePreservesAppliedBindingAndStoresPendingProposal (109.247166ms)
✔ onlyThreeLoopbackPortsPublished (76.367709ms)
✔ unconfiguredRenderHasNoGatewayIdRequirement (70.206209ms)
✔ runtimeSourcesUsePersistentVolumesNotTmpfs (76.333958ms)
✔ allResourcesCarryOwnerId (86.036083ms)
✔ gatewayCannotReadDatabaseOrOtherNodeSecret (79.461625ms)
✔ cacheSecretSharedReadonlyOnlyByBothGateways (67.215375ms)
✔ real backups cover unbound, bound without demo and bound with demo (189360.512542ms)
✔ unlabelled exact data volume blocks initialization without adoption (382.071541ms)
✔ real environment binding is repeatable and unknown environment cannot recreate services (57909.252333ms)
✔ real repeated bootstrap and stop/start preserve administrator, secrets and volumes (85918.461875ms)
✔ secretsReadableByNonRootAndNotWorldReadable; source volumes survive restart (45297.196833ms)
✔ IdP render publishes only loopback, keeps database private, and uses private files not secret environment values (5.064291ms)
✔ foreign exact-name IdP resource is rejected before compose action (0.411084ms)
✔ IdP state rejects foreign platform association and unapproved fields (0.301375ms)
✔ failed secret initialization resumes with identical private files and completed starts do not recopy secrets (29.470584ms)
✔ partial volume restore failure keeps services stopped and can continue after checksums are revalidated (22.766417ms)
✔ repeatedInitDoesNotRotateSecretsOrCreateAnotherAdmin (61.987958ms)
✔ deletedBootstrapFileDoesNotRebootstrap (55.137291ms)
✔ foreignPortFailsBeforeMutation (21.663833ms)
✔ ownPortsAllowRepeatedUp (0.540541ms)
✔ stopNeverDeletesVolumes (38.389709ms)
✔ failedMigrationDoesNotStartApplication (19.190833ms)
✔ completeBootstrapDeletesOnlyOwnedPasswordFile (39.51175ms)
✔ invalidPasswordFileDoesNotLeaveIncompleteSecretSet (39.537ms)
✔ missingWholeInitializedSecretDirectoryNeverRegenerates (37.285ms)
✔ portConflictCanBeRetriedWithExplicitPortsBeforeResourcesExist (48.784792ms)
✔ startReportsObservedFailureRatherThanConfiguredRegistration (43.791625ms)
✔ cache volume preparation on start removes the transient bootstrap volume (37.4595ms)
✔ waiterRetriesWhenHolderReleasesBetweenCollisionAndInspection (23.213334ms)
✔ unknownProjectIsNeverAdopted (0.699542ms)
✔ ownedResourceAllowsMutationButAnotherProjectDoesNot (0.190417ms)
✔ unlabelledExactResourcesPreventAnyDockerMutation (0.49725ms)
✔ packageRejectsIncompleteAcceptance (42.845958ms)
✔ packageRejectsSecretsAndUserConfiguration (210.682916ms)
✔ packageRejectsMismatchedStaticSource (39.168791ms)
✔ packageRejectsReplacementOfOldArchive (39.541667ms)
✔ completeInputsMayBePackaged (42.864584ms)
✔ immutableSourceExportExcludesPreviouslyTrackedDeliveryManifests (43.075208ms)
✔ testedDeploymentAllowsOnlyTheVerifiedBrowserPortCorrection (41.306417ms)
✔ isolated runner uses private secret and overrides ambient project then cleans own resources (547.3085ms)
✔ foreign owner prevents destructive cleanup (288.210292ms)
✔ failing product test preserves exit code while cleaning only own project (334.510084ms)
✔ unsupported mode does not invoke docker (5.858459ms)
✔ snapshot includes new source and excludes secrets and build outputs (56.885666ms)
✔ source symlink escape is rejected (39.809334ms)
✔ delegate preserves locked restore arguments and backend failure without touching local runtime (10.325334ms)
✔ unsupported mode fails instead of reporting acceptance (5.718916ms)
✔ SettingsRunnerOwnsOnlyItsResources (7.227959ms)
✔ VerifyFailsOnStaleSourceOrFailedCheck (132.661041ms)
✔ PackageExcludesSecretsAndOldRuntimeData (136.749125ms)
✔ PackageGatesRemainActiveUnderOptimizedPython (65.53375ms)
✔ OldBrowserEvidenceCannotPassNewToolIdentity (42.005833ms)
✔ records actual platform temporary cookie names without exporting values (8.606666ms)
✔ explicit recovery disables the old provider and viewer before audited binding replacement (11.5445ms)
✔ ordinary or mismatched recovery never changes an existing account (0.2835ms)
✔ normal context regeneration retains precise local SSO and readonly secret mount (52.718334ms)
✔ foreign owner and changed console origin are rejected before replacing runtime overlay (71.466791ms)
✔ SSO config symlink and nonprivate mode cannot be consumed (35.677417ms)
✔ disabled local SSO and absent config leave normal runtime authentication intact (44.230416ms)
✔ cold backup includes protected SSO settings and reviewer credentials, restore disables live IdP binding (69.330166ms)
✔ secret volume must belong to the exact independent IdP owner (17.3215ms)
✔ fixture cookies cannot overwrite the existing platform browser session (0.441542ms)
✔ ports must be distinct loopback fixture ports and never existing delivery ports (0.55575ms)
✔ image must be locked by digest and owner must match project (0.209167ms)
✔ cleanup rejects directory and production volume before any destructive command (3.456625ms)
✔ actual package entry validates valid (91.215ms)
✔ actual package entry validates stale-review (136.222959ms)
✔ actual package entry validates stale-regression (143.866416ms)
✔ actual package entry validates missing-tool-binding (144.232125ms)
✔ actual package entry validates changed-live-tool (98.894917ms)
✔ actual package entry validates changed-live-source (114.429875ms)
✔ actual package entry validates foreign-cleanup (138.814459ms)
✔ privacy receipt binds the exact public file set and bytes (1.172292ms)
✔ only fully verified frozen uncommitted SSO source can be delivered (1.145917ms)
✔ package rejects private runtime keys credentials dependencies and unsafe paths (3.587042ms)
✔ owned disposable resources are accepted and foreign resources rejected (1.206ms)
✔ directory rejects symlinks and foreign owner identity (4.508125ms)
✔ defaultConsolePortSupportsBrowserFetch (20.636667ms)
✔ browserBlockedPortsFailBeforeRuntimeStateIsCreated (1.679ms)
✔ stateContainsNoSecrets (17.974291ms)
✔ stateRejectsSymlinkAndForeignDirectory (1.997333ms)
✔ lockSerializesWriters (91.882708ms)
✔ invalidPortsAndEmptyGuidFailBeforeStateWrite (17.969416ms)
✔ statusSeparatesLiveRegisteredAndReady (0.422708ms)
✔ missingNodeCannotClaimRegistered (0.054917ms)
✔ missingSourcesOrStaleNodeCannotBeReady (0.055417ms)
✔ pendingConfigurationCannotBorrowOldHealthyAckToClaimReady (0.043083ms)
ℹ tests 114
ℹ suites 0
ℹ pass 114
ℹ fail 0
ℹ cancelled 0
ℹ skipped 0
ℹ todo 0
ℹ duration_ms 385807.448667

WEBAPI_EXIT 0
