WEBAPI_FIXED_SOURCE d2ce0cbdf2f25f2a3a594bdf52cfaab802432b1b
✔ validEvidenceReturnsFixedAcceptanceShape (58.777417ms)
✔ wrongInternalRevision (43.338875ms)
✔ missingServiceCounts (37.991208ms)
✔ fakeSecondPage (35.862ms)
✔ wrongActualAction (32.957667ms)
✔ oldScreenshotRelabelled (34.816958ms)
✔ foreignConsole (34.711083ms)
✔ missingUiAction (38.801417ms)
✔ fakeOrModifiedScreenshotRejected (33.178666ms)
✔ onePixelOrReusedScreenshotCannotProveDesktopActions (33.952833ms)
✔ oneScreenshotCannotBeReusedForDifferentActions (35.678625ms)
✔ nativeDesktopJpegIsAcceptedWithoutReencoding (40.13225ms)
✔ release must match fixed Git revision, actual image ID and container labels (0.64425ms)
✔ every registered rule and each declared case must link to a test actually passed in this revision (0.300291ms)
✔ public delivery accepts only public relative paths and rejects private credentials, traversal and links (1.361375ms)
✔ clone mutations and cleanup reject unowned resources or original service ports (0.276458ms)
✔ simulated UI success and missing/failed checks cannot become actual complete acceptance (0.261292ms)
✔ self-compiled dependencies have immutable source provenance and matching bytes (61.868458ms)
✔ gate binds five distinct executed suites and actual UI/scenario/catalog materials (1.844291ms)
✔ old or failed internal domain proof is rejected despite a passing current wrapper (0.54325ms)
✔ old or failed internal integration proof is rejected despite a passing current wrapper (0.128583ms)
✔ old or failed internal gateway proof is rejected despite a passing current wrapper (0.090833ms)
✔ old or failed internal console proof is rejected despite a passing current wrapper (0.080125ms)
✔ old or failed internal runtime-contracts proof is rejected despite a passing current wrapper (0.090083ms)
✔ five wrappers cannot reuse a single material or duplicate a suite (0.09175ms)
✔ old internal ui source is rejected (0.368958ms)
✔ old internal scenario source is rejected (0.135459ms)
✔ old internal protection source is rejected (0.157208ms)
✔ old internal catalog source is rejected (0.094833ms)
✔ registered rules and claimed executed IDs must match actual domain Passed records (0.095541ms)
✔ passing wrapper cannot conceal failed same-revision internal results (0.084708ms)
✔ coverage log hash must bind the domain log instead of another material (0.16125ms)
✔ runner uses UUID-owned project and cleans only that project (2090.655625ms)
✔ failed test exit survives resource cleanup (333.801375ms)
✔ foreign ownership prevents destructive cleanup (296.181375ms)
✔ fixed Unicode IDNA source and derived tables retain matching provenance (20.225791ms)
✔ GatewayEvidenceRequiresActualInternalSuiteImageScenarioAndCuaBindings (2.887167ms)
✔ GatewayEvidenceRejects-changed-sha (0.871542ms)
✔ GatewayEvidenceRejects-stale-suite (0.46025ms)
✔ GatewayEvidenceRejects-missing-scope (0.511125ms)
✔ GatewayEvidenceRejects-uncertain-send (0.384958ms)
✔ GatewayEvidenceRejects-empty-ui (0.423042ms)
✔ GatewayEvidenceRejects-stale-screenshot (0.444125ms)
✔ GatewayEvidenceRejects-forged-image-wrapper (9.890958ms)
✔ GatewayEvidenceRejects-protected-port (0.497542ms)
✔ GatewayEvidenceRejects-raw-token (0.271208ms)
✔ GatewayEvidenceRejects-raw-hmac (0.122125ms)
✔ GatewayEvidenceRejects-database-restore (0.386667ms)
✔ GatewayEvidenceRejects-stale-log (0.259916ms)
✔ ActualDetailedDotnetSummaryIsParsedAndCannotHideSkippedOrMissingPassedLines (0.518834ms)
✔ KeycloakFixtureUsersHaveCompleteProfilesAndExactAudienceWithoutChangingConsoleSso (0.625416ms)
✔ OldSoftwareGateReadsBothPhysicalNodeLkgNotJustCompatibleDesired (0.840167ms)
✔ MissingForeignTamperedOrWrongEnvironmentLkgFailsClosed (1.386875ms)
✔ ScenarioSendsSamePhysicalHostAcrossDifferentGatewayPorts (28.339667ms)
✔ LegacyInitializeCreatesOneSharedSecretWithoutRotatingAccounts (97.180125ms)
✔ ExistingReceiptMissingKeyFailsClosed (75.601542ms)
✔ ForeignChangedInsecureAndSymlinkCacheInputsAreRejected (128.931334ms)
✔ NewAndOldToolsReadOwnedArchivedDeploySafely (128.91975ms)
✔ CacheSecretInBackupButNeverPublicArtifact (192.001417ms)
✔ ProtectedBaselineAcceptsOnlyExactDeclaredArtifacts (0.307417ms)
✔ Runtime22BlocksOldSoftwareDowngradeUntilCompatibleRollback (0.104709ms)
✔ FailedReadDoesNotAuthorizeDestructiveRestore (0.046167ms)
✔ SharedCacheVolumeMustHaveExactOwnerAndReadonlyMatchingHash (0.361791ms)
✔ exact approved original installation may proceed (0.767875ms)
✔ delivery rejects foreign owner (0.929833ms)
✔ delivery rejects foreign project (0.104167ms)
✔ delivery rejects different port (0.232083ms)
✔ delivery rejects unverified candidate (0.070875ms)
✔ delivery rejects different image (0.073167ms)
✔ delivery rejects mutable approved source (0.061833ms)
✔ delivery rejects pending review (0.062792ms)
✔ delivery rejects local source edit (0.077375ms)
✔ delivery rejects protected path overwritten (0.328125ms)
✔ delivery rejects preexisting stage (0.111292ms)
✔ stable maintenance window allowed (0.063083ms)
✔ maintenance refuses building release (0.07675ms)
✔ maintenance refuses pending publish (0.054875ms)
✔ maintenance refuses pending configuration (0.046333ms)
✔ maintenance refuses unregistered state (0.05ms)
✔ migration preserves six fields and disables external channels (0.100833ms)
✔ migration refuses automatic send (0.100333ms)
✔ migration refuses changed host (0.050334ms)
✔ migration refuses unknown extension (0.106416ms)
✔ only declared notification tables may be added (0.113625ms)
✔ changed old account refuses installation receipt (0.083959ms)
✔ missing notification table refuses installation receipt (0.073083ms)
✔ unrelated schema addition refuses installation receipt (0.067042ms)
✔ new maintenance entry fails closed on missing notification secrets without creating any replacement (72.595916ms)
✔ new maintenance entry refuses changed software identity before starting services (44.710666ms)
✔ legacy event remains externally disabled without channel profile (0.158458ms)
✔ legacy event cannot acquire automatic sending (0.093292ms)
✔ legacy event cannot acquire a frozen channel profile (0.0705ms)
✔ complete synthetic joint evidence is accepted (60.954833ms)
✔ missing recovery (47.153334ms)
✔ wrong candidate (31.840834ms)
✔ wrong bridge (48.976083ms)
✔ missing mixed Scope (47.98975ms)
✔ meaningless mixed Scope (44.404417ms)
✔ fake 5xx physical calls (38.081708ms)
✔ missing silence race (41.320459ms)
✔ relabelled internal source (39.991208ms)
✔ fake HMAC signature (41.676833ms)
✔ wrong container image (43.418458ms)
✔ wrong static bytes (45.938542ms)
✔ no actual UI action (42.903625ms)
✔ nonUUID clone (45.047292ms)
✔ private canary (34.611167ms)
✔ raw email (41.168167ms)
✔ retagged old suite counts (43.883209ms)
✔ not actually restored (45.548667ms)
✔ no live SSO (42.84725ms)
✔ no old capabilities regression (43.550875ms)
✔ suite receipt reads current log totals (31.242417ms)
✔ suite gate rejects stale header (30.048375ms)
✔ suite gate rejects nonzero exit (32.23675ms)
✔ suite gate rejects filtered suite (35.4175ms)
✔ suite gate rejects wrong reported total (37.380083ms)
✔ suite gate rejects skip (35.184458ms)
✔ fake cached shared counts (47.299333ms)
✔ fake physical retry count (49.414584ms)
✔ borrowed approval identity (47.487875ms)
✔ boolean SSO without callback (52.206917ms)
✔ SSO source drift (48.230334ms)
✔ approval and notification actions cannot reuse the same capture (45.341792ms)
✔ parent metadata cannot publish a private canary (32.574375ms)
✔ seal verifies all bytes and never replaces existing evidence (142.387041ms)
✔ failed seal leaves no complete artifact (31.878333ms)
✔ manifest reads reject traversal and symlink inputs (2.265709ms)
✔ full runtime suites require the built candidate release identity (0.341042ms)
✔ OIDC callback evidence must follow the actual 303 success contract (43.249292ms)
✔ old worker default freeze is read from nested persisted policy (0.774667ms)
✔ top level flag cannot conceal enabled policy (1.012458ms)
✔ missing frozen policy fails closed (0.128458ms)
✔ recovered SMTP and Webhook use their actual distinct acceptance fields (0.108208ms)
✔ SMTP remoteAccepted alias cannot conceal a rejected DATA receipt (2.403583ms)
✔ Webhook without verified HMAC cannot pass recovery (0.382667ms)
✔ unrelated wire delivery cannot prove accepted tasks (0.190042ms)
✔ bridge builder rejects different baseline before any build (0.426334ms)
✔ bridge builder rejects missing owner before any build (0.191875ms)
✔ bridge builder rejects mutable ref before any build (0.531916ms)
✔ bridge builder rejects unchanged baseline before any build (0.167334ms)
✔ bridge builder refuses original local runtime as build storage (0.180125ms)
✔ valid pinned bridge receipt passes (0.385958ms)
✔ wrong bridge identity (0.15625ms)
✔ wrong baseline (0.124875ms)
✔ wrong image (0.369167ms)
✔ archive pollution (0.390292ms)
✔ changed lock (0.362584ms)
✔ unreviewed source (0.2635ms)
✔ writable rule bridge (0.186584ms)
✔ patch mismatch (0.129834ms)
✔ newBusinessRowsAndNotificationDefinitionsSurvive (0.242209ms)
✔ lost business (0.1085ms)
✔ lost notification definitions (0.065917ms)
✔ lost DP (0.052416ms)
✔ lost secret backup (0.284875ms)
✔ old DB overwrite (0.162208ms)
✔ sending switch (0.126ms)
✔ wrong candidate (0.16775ms)
✔ nonUUID original (0.1275ms)
✔ original port (0.1545ms)
✔ bridgeRejectsUnknownJsonAndRuleWrites (0.166ms)
✔ silent old worker sends (0.299792ms)
✔ unverified backup (0.279292ms)
✔ no real recovery (0.063583ms)
✔ invalid owner UUID (0.103458ms)
✔ invalid clone UUID (0.09025ms)
✔ out of range port (0.107667ms)
✔ missing observation archive (0.21125ms)
✔ duplicate archive (0.189167ms)
✔ maintenance refuses a worker which remains running after stop (0.209584ms)
✔ maintenance rejects foreign resources before stopping anything (0.058209ms)
✔ recovery evidence cannot conceal missing stopped-worker maintenance recovery (0.282334ms)
✔ an idle-only recovery cannot prove interrupted send maintenance (0.144833ms)
✔ emptyOrUnverifiableProtocolIsRejected (1.883ms)
✔ wrongInternalRevisionAndRelabelledScreenshotsAreRejected (0.118584ms)
✔ original4192NonFixtureTargetAndMissingSilenceProofAreRejected (0.359125ms)
✔ missingColdBackupVolumeAndModifiedHistoricalToolAreRejected (0.247625ms)
✔ privateCanaryAnywhereInEvidenceIsRejectedAndReturnShapeIsStable (1.034542ms)
✔ completeSyntheticVectorPassesAndEachInternalMutationFails (205.556875ms)
✔ privateCanaryInAnOtherwiseCompleteVectorFails (31.751875ms)
✔ equalButMeaninglessChecksAndUnverifiedHistoricalToolHashesFail (89.102209ms)
✔ plannedVolumeNamesCannotReplaceActualColdRestoreProof (211.989667ms)
✔ legacyCoreStateSchemaIsUnchanged (0.955709ms)
✔ sidecarRejectsForeignOwnerAndCorePortCollisions (0.272583ms)
✔ sidecarMustBeOwnedPrivateAndNotASymlink (33.255833ms)
✔ preparedSecretsAreUUIDOwnedAndNeverReplaceAnExistingOwner (319.507708ms)
✔ newNotificationPortIsCheckedIndependentlyOfCorePorts (5.50775ms)
✔ existingSecretsAreStableAndIncompleteOrChangedReceiptsFailClosed (258.244875ms)
✔ notificationColdBackupIncludesAllNewVolumesAndStopsFixture (0.205833ms)
✔ notificationComposeUsesReadonlySenderKeysAndLoopbackOnlyPorts (74.256167ms)
✔ notificationBackupRebindsOnlyVerifiedOwnerAndRetainsSecretHashes (320.547917ms)
✔ fixtureHealthNeverClaimsDeliveryAndChannelsDistinguishDisabled (0.424334ms)
✔ mereHealth200CannotClaimAvailableDeliveryChannel (0.107458ms)
✔ certificateGenerationNeverWritesOutsideOwnedScratchOrExpiresInTwoDays (251.109333ms)
✔ fixedArchivedToolingArchivesDeploymentFromRepositoryRoot (166.66075ms)
✔ localWorkerGenericHostUsesExplicitDevelopmentEnvironment (76.175084ms)
✔ scenarioSqlActuallyAttachesInputToOwnedPostgres (0.586959ms)
✔ scenarioSqlRejectsForeignContainerBeforeInvocation (0.204292ms)
✔ scenarioSqlRejectsOriginalPersistentProject (0.247209ms)
✔ coldRestoreRequiresSeparateUUIDIdentityAndDistinctExplicitPorts (1.097ms)
✔ observability deployment exposes only loopback diagnostics and pins every runtime image (73.242875ms)
✔ fixed metric names need actual histogram and node gauge ingestion proof (0.255417ms)
✔ readiness or incomplete ingestion cannot be accepted as three-source proof (0.085667ms)
✔ missing or invalid telemetry pipeline rejects smoke rather than claiming health is success (5.681333ms)
✔ invalid published endpoint fails immediately and only loopback HTTP is allowed (0.292959ms)
✔ real log contract requires normalized metadata and safe projected method/path fields (0.158791ms)
✔ trace proof requires actual server/client scope, safe attributes, parent and search (0.146875ms)
ℹ tests 208
ℹ suites 0
ℹ pass 208
ℹ fail 0
ℹ cancelled 0
ℹ skipped 0
ℹ todo 0
ℹ duration_ms 2770.808417

WEBAPI_EXIT 0
