WEBAPI_FIXED_SOURCE b3f320b22242f8d10d17fef0aee9865573c0cf93
✔ validEvidenceReturnsFixedAcceptanceShape (53.472583ms)
✔ wrongInternalRevision (36.163125ms)
✔ missingServiceCounts (33.93275ms)
✔ fakeSecondPage (32.342584ms)
✔ wrongActualAction (30.959125ms)
✔ oldScreenshotRelabelled (32.110083ms)
✔ foreignConsole (32.495708ms)
✔ missingUiAction (33.950084ms)
✔ fakeOrModifiedScreenshotRejected (33.467417ms)
✔ onePixelOrReusedScreenshotCannotProveDesktopActions (30.632833ms)
✔ oneScreenshotCannotBeReusedForDifferentActions (30.694291ms)
✔ nativeDesktopJpegIsAcceptedWithoutReencoding (35.858542ms)
✔ release must match fixed Git revision, actual image ID and container labels (0.581792ms)
✔ every registered rule and each declared case must link to a test actually passed in this revision (0.269584ms)
✔ public delivery accepts only public relative paths and rejects private credentials, traversal and links (1.0565ms)
✔ clone mutations and cleanup reject unowned resources or original service ports (0.281042ms)
✔ simulated UI success and missing/failed checks cannot become actual complete acceptance (0.2605ms)
✔ self-compiled dependencies have immutable source provenance and matching bytes (51.782ms)
✔ gate binds five distinct executed suites and actual UI/scenario/catalog materials (2.116833ms)
✔ old or failed internal domain proof is rejected despite a passing current wrapper (0.65025ms)
✔ old or failed internal integration proof is rejected despite a passing current wrapper (0.186292ms)
✔ old or failed internal gateway proof is rejected despite a passing current wrapper (0.111125ms)
✔ old or failed internal console proof is rejected despite a passing current wrapper (0.112625ms)
✔ old or failed internal runtime-contracts proof is rejected despite a passing current wrapper (0.197958ms)
✔ five wrappers cannot reuse a single material or duplicate a suite (0.151583ms)
✔ old internal ui source is rejected (0.448416ms)
✔ old internal scenario source is rejected (0.140666ms)
✔ old internal protection source is rejected (0.149167ms)
✔ old internal catalog source is rejected (0.095458ms)
✔ registered rules and claimed executed IDs must match actual domain Passed records (0.085ms)
✔ passing wrapper cannot conceal failed same-revision internal results (0.570042ms)
✔ coverage log hash must bind the domain log instead of another material (0.256541ms)
✔ runner uses UUID-owned project and cleans only that project (612.6165ms)
✔ failed test exit survives resource cleanup (308.384709ms)
✔ foreign ownership prevents destructive cleanup (276.136042ms)
✔ fixed Unicode IDNA source and derived tables retain matching provenance (15.861292ms)
✔ GatewayEvidenceRequiresActualInternalSuiteImageScenarioAndCuaBindings (5.395042ms)
✔ GatewayEvidenceRejects-changed-sha (0.898459ms)
✔ GatewayEvidenceRejects-stale-suite (0.518166ms)
✔ GatewayEvidenceRejects-missing-scope (0.534417ms)
✔ GatewayEvidenceRejects-uncertain-send (0.522625ms)
✔ GatewayEvidenceRejects-empty-ui (0.661459ms)
✔ GatewayEvidenceRejects-stale-screenshot (0.456708ms)
✔ GatewayEvidenceRejects-forged-image-wrapper (3.304083ms)
✔ GatewayEvidenceRejects-protected-port (0.435ms)
✔ GatewayEvidenceRejects-raw-token (0.252417ms)
✔ GatewayEvidenceRejects-raw-hmac (0.112583ms)
✔ GatewayEvidenceRejects-database-restore (0.351459ms)
✔ GatewayEvidenceRejects-stale-log (0.26425ms)
✔ ActualDetailedDotnetSummaryIsParsedAndCannotHideSkippedOrMissingPassedLines (0.463583ms)
✔ KeycloakFixtureUsersHaveCompleteProfilesAndExactAudienceWithoutChangingConsoleSso (0.7805ms)
✔ OldSoftwareGateReadsBothPhysicalNodeLkgNotJustCompatibleDesired (0.914583ms)
✔ MissingForeignTamperedOrWrongEnvironmentLkgFailsClosed (4.00175ms)
✔ ScenarioSendsSamePhysicalHostAcrossDifferentGatewayPorts (13.358ms)
✔ LegacyInitializeCreatesOneSharedSecretWithoutRotatingAccounts (107.488ms)
✔ ExistingReceiptMissingKeyFailsClosed (83.374083ms)
✔ ForeignChangedInsecureAndSymlinkCacheInputsAreRejected (149.24375ms)
✔ NewAndOldToolsReadOwnedArchivedDeploySafely (101.868458ms)
✔ CacheSecretInBackupButNeverPublicArtifact (203.512209ms)
✔ ProtectedBaselineAcceptsOnlyExactDeclaredArtifacts (0.259ms)
✔ Runtime22BlocksOldSoftwareDowngradeUntilCompatibleRollback (0.085542ms)
✔ FailedReadDoesNotAuthorizeDestructiveRestore (0.040208ms)
✔ SharedCacheVolumeMustHaveExactOwnerAndReadonlyMatchingHash (0.303958ms)
✔ exact approved original installation may proceed (0.948791ms)
✔ delivery rejects foreign owner (0.532292ms)
✔ delivery rejects foreign project (0.11725ms)
✔ delivery rejects different port (0.242375ms)
✔ delivery rejects unverified candidate (0.074708ms)
✔ delivery rejects different image (0.069709ms)
✔ delivery rejects mutable approved source (0.065958ms)
✔ delivery rejects pending review (0.06325ms)
✔ delivery rejects local source edit (0.06875ms)
✔ delivery rejects protected path overwritten (0.095959ms)
✔ delivery rejects preexisting stage (0.08225ms)
✔ stable maintenance window allowed (0.05625ms)
✔ maintenance refuses building release (0.052708ms)
✔ maintenance refuses pending publish (0.105833ms)
✔ maintenance refuses pending configuration (0.078291ms)
✔ maintenance refuses unregistered state (0.049042ms)
✔ migration preserves six fields and disables external channels (0.104542ms)
✔ migration refuses automatic send (0.087125ms)
✔ migration refuses changed host (0.054542ms)
✔ migration refuses unknown extension (0.11475ms)
✔ only declared notification tables may be added (0.126334ms)
✔ changed old account refuses installation receipt (0.09625ms)
✔ missing notification table refuses installation receipt (0.094208ms)
✔ unrelated schema addition refuses installation receipt (0.074625ms)
✔ new maintenance entry fails closed on missing notification secrets without creating any replacement (69.095625ms)
✔ new maintenance entry refuses changed software identity before starting services (46.377542ms)
✔ legacy event remains externally disabled without channel profile (0.201125ms)
✔ legacy event cannot acquire automatic sending (0.144166ms)
✔ legacy event cannot acquire a frozen channel profile (0.098709ms)
✔ complete synthetic joint evidence is accepted (56.1005ms)
✔ missing recovery (40.875709ms)
✔ wrong candidate (29.33025ms)
✔ wrong bridge (46.346459ms)
✔ missing mixed Scope (41.776875ms)
✔ meaningless mixed Scope (39.755875ms)
✔ fake 5xx physical calls (37.241833ms)
✔ missing silence race (36.931958ms)
✔ relabelled internal source (37.271833ms)
✔ fake HMAC signature (37.809667ms)
✔ wrong container image (43.057875ms)
✔ wrong static bytes (54.572042ms)
✔ no actual UI action (45.014458ms)
✔ nonUUID clone (40.931334ms)
✔ private canary (32.559334ms)
✔ raw email (37.354375ms)
✔ retagged old suite counts (42.243667ms)
✔ not actually restored (39.153084ms)
✔ no live SSO (40.462ms)
✔ no old capabilities regression (40.440292ms)
✔ suite receipt reads current log totals (27.914125ms)
✔ suite gate rejects stale header (27.10225ms)
✔ suite gate rejects nonzero exit (26.535084ms)
✔ suite gate rejects filtered suite (26.67525ms)
✔ suite gate rejects wrong reported total (28.370125ms)
✔ suite gate rejects skip (30.754292ms)
✔ fake cached shared counts (39.83425ms)
✔ fake physical retry count (40.879209ms)
✔ borrowed approval identity (40.895208ms)
✔ boolean SSO without callback (39.643291ms)
✔ SSO source drift (40.5145ms)
✔ approval and notification actions cannot reuse the same capture (38.138ms)
✔ parent metadata cannot publish a private canary (27.466458ms)
✔ seal verifies all bytes and never replaces existing evidence (105.483583ms)
✔ failed seal leaves no complete artifact (27.660916ms)
✔ manifest reads reject traversal and symlink inputs (1.56975ms)
✔ full runtime suites require the built candidate release identity (0.225292ms)
✔ OIDC callback evidence must follow the actual 303 success contract (38.180125ms)
✔ old worker default freeze is read from nested persisted policy (0.703292ms)
✔ top level flag cannot conceal enabled policy (0.596417ms)
✔ missing frozen policy fails closed (0.147625ms)
✔ recovered SMTP and Webhook use their actual distinct acceptance fields (0.126417ms)
✔ SMTP remoteAccepted alias cannot conceal a rejected DATA receipt (2.268709ms)
✔ Webhook without verified HMAC cannot pass recovery (0.366125ms)
✔ unrelated wire delivery cannot prove accepted tasks (0.195708ms)
✔ bridge builder rejects different baseline before any build (0.350375ms)
✔ bridge builder rejects missing owner before any build (0.192584ms)
✔ bridge builder rejects mutable ref before any build (0.806292ms)
✔ bridge builder rejects unchanged baseline before any build (0.286125ms)
✔ bridge builder refuses original local runtime as build storage (0.228416ms)
✔ valid pinned bridge receipt passes (0.450583ms)
✔ wrong bridge identity (0.2065ms)
✔ wrong baseline (0.139208ms)
✔ wrong image (0.319459ms)
✔ archive pollution (0.315917ms)
✔ changed lock (0.314167ms)
✔ unreviewed source (0.262ms)
✔ writable rule bridge (0.187375ms)
✔ patch mismatch (0.1305ms)
✔ newBusinessRowsAndNotificationDefinitionsSurvive (0.274667ms)
✔ lost business (0.113416ms)
✔ lost notification definitions (0.074541ms)
✔ lost DP (0.059334ms)
✔ lost secret backup (0.352209ms)
✔ old DB overwrite (0.199625ms)
✔ sending switch (0.154417ms)
✔ wrong candidate (0.264375ms)
✔ nonUUID original (0.185708ms)
✔ original port (0.135ms)
✔ bridgeRejectsUnknownJsonAndRuleWrites (0.093292ms)
✔ silent old worker sends (0.201917ms)
✔ unverified backup (0.191125ms)
✔ no real recovery (0.053875ms)
✔ invalid owner UUID (0.096583ms)
✔ invalid clone UUID (0.078125ms)
✔ out of range port (0.097416ms)
✔ missing observation archive (0.194916ms)
✔ duplicate archive (0.170458ms)
✔ maintenance refuses a worker which remains running after stop (0.364709ms)
✔ maintenance rejects foreign resources before stopping anything (0.131958ms)
✔ recovery evidence cannot conceal missing stopped-worker maintenance recovery (0.234083ms)
✔ an idle-only recovery cannot prove interrupted send maintenance (0.142417ms)
✔ emptyOrUnverifiableProtocolIsRejected (1.415667ms)
✔ wrongInternalRevisionAndRelabelledScreenshotsAreRejected (0.188542ms)
✔ original4192NonFixtureTargetAndMissingSilenceProofAreRejected (0.178709ms)
✔ missingColdBackupVolumeAndModifiedHistoricalToolAreRejected (0.141041ms)
✔ privateCanaryAnywhereInEvidenceIsRejectedAndReturnShapeIsStable (0.566292ms)
✔ completeSyntheticVectorPassesAndEachInternalMutationFails (191.820625ms)
✔ privateCanaryInAnOtherwiseCompleteVectorFails (27.938417ms)
✔ equalButMeaninglessChecksAndUnverifiedHistoricalToolHashesFail (80.843416ms)
✔ plannedVolumeNamesCannotReplaceActualColdRestoreProof (205.131833ms)
✔ legacyCoreStateSchemaIsUnchanged (0.997459ms)
✔ sidecarRejectsForeignOwnerAndCorePortCollisions (0.2885ms)
✔ sidecarMustBeOwnedPrivateAndNotASymlink (36.677292ms)
✔ preparedSecretsAreUUIDOwnedAndNeverReplaceAnExistingOwner (275.216916ms)
✔ newNotificationPortIsCheckedIndependentlyOfCorePorts (4.588041ms)
✔ existingSecretsAreStableAndIncompleteOrChangedReceiptsFailClosed (316.190625ms)
✔ notificationColdBackupIncludesAllNewVolumesAndStopsFixture (0.169084ms)
✔ notificationComposeUsesReadonlySenderKeysAndLoopbackOnlyPorts (68.625792ms)
✔ notificationBackupRebindsOnlyVerifiedOwnerAndRetainsSecretHashes (230.581291ms)
✔ fixtureHealthNeverClaimsDeliveryAndChannelsDistinguishDisabled (0.272834ms)
✔ mereHealth200CannotClaimAvailableDeliveryChannel (0.042125ms)
✔ certificateGenerationNeverWritesOutsideOwnedScratchOrExpiresInTwoDays (205.002458ms)
✔ fixedArchivedToolingArchivesDeploymentFromRepositoryRoot (126.015917ms)
✔ localWorkerGenericHostUsesExplicitDevelopmentEnvironment (57.927875ms)
✔ scenarioSqlActuallyAttachesInputToOwnedPostgres (0.440666ms)
✔ scenarioSqlRejectsForeignContainerBeforeInvocation (0.18625ms)
✔ scenarioSqlRejectsOriginalPersistentProject (0.325541ms)
✔ coldRestoreRequiresSeparateUUIDIdentityAndDistinctExplicitPorts (0.909291ms)
✔ observability deployment exposes only loopback diagnostics and pins every runtime image (66.916875ms)
✔ fixed metric names need actual histogram and node gauge ingestion proof (0.688083ms)
✔ readiness or incomplete ingestion cannot be accepted as three-source proof (0.096958ms)
✔ missing or invalid telemetry pipeline rejects smoke rather than claiming health is success (5.041458ms)
✔ invalid published endpoint fails immediately and only loopback HTTP is allowed (0.209541ms)
✔ real log contract requires normalized metadata and safe projected method/path fields (0.138ms)
✔ trace proof requires actual server/client scope, safe attributes, parent and search (0.126875ms)
ℹ tests 208
ℹ suites 0
ℹ pass 208
ℹ fail 0
ℹ cancelled 0
ℹ skipped 0
ℹ todo 0
ℹ duration_ms 1512.837542

WEBAPI_EXIT 0
